Component: ARM Compiler 5.06 update 7 (build 960) Tool: armlink [4d3601]

==============================================================================

Section Cross References

    lab5.o(i.ButtonWork) refers to os.o(i.OS_Id) for OS_Id
    lab5.o(i.ButtonWork) refers to heap.o(i.Heap_Stats) for Heap_Stats
    lab5.o(i.ButtonWork) refers to os.o(i.OS_Kill) for OS_Kill
    lab5.o(i.ButtonWork) refers to st7735.o(i.ST7735_Message) for ST7735_Message
    lab5.o(i.ButtonWork2) refers to lab5.o(i.LoadProgram) for LoadProgram
    lab5.o(i.ButtonWork2) refers to os.o(i.OS_Kill) for OS_Kill
    lab5.o(i.Idle) refers to startup.o(.text) for WaitForInterrupt
    lab5.o(i.Idle) refers to lab5.o(.data) for IdleCount
    lab5.o(i.LoadProgram) refers to loader.o(i.exec_elf) for exec_elf
    lab5.o(i.LoadProgram) refers to uart-utils.o(i.UART_OutStringNonBlock) for UART_OutStringNonBlock
    lab5.o(i.LoadProgram) refers to lab5.o(.constdata) for .constdata
    lab5.o(i.SW1Push) refers to os.o(i.OS_MsTime) for OS_MsTime
    lab5.o(i.SW1Push) refers to os.o(i.OS_AddThread) for OS_AddThread
    lab5.o(i.SW1Push) refers to os.o(i.OS_ClearMsTime) for OS_ClearMsTime
    lab5.o(i.SW1Push) refers to lab5.o(i.ButtonWork) for ButtonWork
    lab5.o(i.SW1Push) refers to lab5.o(.data) for NumCreated
    lab5.o(i.SW1Push1) refers to os.o(i.OS_MsTime) for OS_MsTime
    lab5.o(i.SW1Push1) refers to os.o(i.OS_AddThread) for OS_AddThread
    lab5.o(i.SW1Push1) refers to os.o(i.OS_ClearMsTime) for OS_ClearMsTime
    lab5.o(i.SW1Push1) refers to lab5.o(i.TestHeap) for TestHeap
    lab5.o(i.SW1Push1) refers to lab5.o(.data) for NumCreated
    lab5.o(i.SW2Push) refers to os.o(i.OS_MsTime) for OS_MsTime
    lab5.o(i.SW2Push) refers to os.o(i.OS_AddThread) for OS_AddThread
    lab5.o(i.SW2Push) refers to os.o(i.OS_ClearMsTime) for OS_ClearMsTime
    lab5.o(i.SW2Push) refers to lab5.o(i.ButtonWork) for ButtonWork
    lab5.o(i.SW2Push) refers to lab5.o(.data) for NumCreated
    lab5.o(i.SW2Push2) refers to os.o(i.OS_MsTime) for OS_MsTime
    lab5.o(i.SW2Push2) refers to os.o(i.OS_AddThread) for OS_AddThread
    lab5.o(i.SW2Push2) refers to os.o(i.OS_ClearMsTime) for OS_ClearMsTime
    lab5.o(i.SW2Push2) refers to lab5.o(i.TestProcess) for TestProcess
    lab5.o(i.SW2Push2) refers to lab5.o(.data) for NumCreated
    lab5.o(i.SWPush3) refers to os.o(i.OS_AddThread) for OS_AddThread
    lab5.o(i.SWPush3) refers to lab5.o(.data) for line
    lab5.o(i.SWPush3) refers to lab5.o(i.TestSVC) for TestSVC
    lab5.o(i.SWPushFile) refers to os.o(i.OS_AddThread) for OS_AddThread
    lab5.o(i.SWPushFile) refers to lab5.o(.data) for FileTestRunning
    lab5.o(i.SWPushFile) refers to lab5.o(i.TestFile) for TestFile
    lab5.o(i.TestDirectory) refers to uart-utils.o(i.UART_OutStringNonBlock) for UART_OutStringNonBlock
    lab5.o(i.TestDirectory) refers to efile.o(i.eFile_DOpen) for eFile_DOpen
    lab5.o(i.TestDirectory) refers to lab5.o(i.diskError) for diskError
    lab5.o(i.TestDirectory) refers to uart-utils.o(i.UART_OutUDecNonBlock) for UART_OutUDecNonBlock
    lab5.o(i.TestDirectory) refers to efile.o(i.eFile_DirNext) for eFile_DirNext
    lab5.o(i.TestDirectory) refers to efile.o(i.eFile_DClose) for eFile_DClose
    lab5.o(i.TestDirectory) refers to lab5.o(.constdata) for string1
    lab5.o(i.TestFile) refers to printfb.o(i.__0printf$bare) for __2printf
    lab5.o(i.TestFile) refers to st7735.o(i.ST7735_DrawString) for ST7735_DrawString
    lab5.o(i.TestFile) refers to efile.o(i.eFile_Init) for eFile_Init
    lab5.o(i.TestFile) refers to lab5.o(i.diskError) for diskError
    lab5.o(i.TestFile) refers to efile.o(i.eFile_Mount) for eFile_Mount
    lab5.o(i.TestFile) refers to efile.o(i.eFile_Format) for eFile_Format
    lab5.o(i.TestFile) refers to lab5.o(i.TestDirectory) for TestDirectory
    lab5.o(i.TestFile) refers to efile.o(i.eFile_Create) for eFile_Create
    lab5.o(i.TestFile) refers to efile.o(i.eFile_WOpen) for eFile_WOpen
    lab5.o(i.TestFile) refers to efile.o(i.eFile_Write) for eFile_Write
    lab5.o(i.TestFile) refers to efile.o(i.eFile_WClose) for eFile_WClose
    lab5.o(i.TestFile) refers to efile.o(i.eFile_ROpen) for eFile_ROpen
    lab5.o(i.TestFile) refers to efile.o(i.eFile_ReadNext) for eFile_ReadNext
    lab5.o(i.TestFile) refers to uart0int.o(i.UART_OutChar) for UART_OutChar
    lab5.o(i.TestFile) refers to efile.o(i.eFile_Delete) for eFile_Delete
    lab5.o(i.TestFile) refers to efile.o(i.eFile_Unmount) for eFile_Unmount
    lab5.o(i.TestFile) refers to os.o(i.OS_Kill) for OS_Kill
    lab5.o(i.TestFile) refers to lab5.o(.data) for FileTestRunning
    lab5.o(i.TestHeap) refers to st7735.o(i.ST7735_DrawString) for ST7735_DrawString
    lab5.o(i.TestHeap) refers to uart-utils.o(i.UART_OutStringNonBlock) for UART_OutStringNonBlock
    lab5.o(i.TestHeap) refers to heap.o(i.Heap_Init) for Heap_Init
    lab5.o(i.TestHeap) refers to lab5.o(i.heapError) for heapError
[...]
    printf8.o(i.__0vsprintf$8) refers to printf8.o(i._printf_core) for _printf_core
    printf8.o(i.__0vsprintf$8) refers to printf8.o(i._sputc) for _sputc
    printf8.o(i._printf_core) refers to printf8.o(i._printf_pre_padding) for _printf_pre_padding
    printf8.o(i._printf_core) refers to uldiv.o(.text) for __aeabi_uldivmod
    printf8.o(i._printf_core) refers to printf8.o(i._printf_post_padding) for _printf_post_padding
    printfa.o(i.__0fprintf) refers (Special) to iusefp.o(.text) for __I$use$fp
    printfa.o(i.__0fprintf) refers to printfa.o(i._printf_core) for _printf_core
    printfa.o(i.__0fprintf) refers to fputc.o(i.fputc) for fputc
    printfa.o(i.__0printf) refers (Special) to iusefp.o(.text) for __I$use$fp
    printfa.o(i.__0printf) refers to printfa.o(i._printf_core) for _printf_core
    printfa.o(i.__0printf) refers to fputc.o(i.fputc) for fputc
    printfa.o(i.__0printf) refers to stdout.o(.data) for __stdout
    printfa.o(i.__0snprintf) refers (Special) to iusefp.o(.text) for __I$use$fp
    printfa.o(i.__0snprintf) refers to printfa.o(i._printf_core) for _printf_core
    printfa.o(i.__0snprintf) refers to printfa.o(i._snputc) for _snputc
    printfa.o(i.__0sprintf) refers (Special) to iusefp.o(.text) for __I$use$fp
    printfa.o(i.__0sprintf) refers to printfa.o(i._printf_core) for _printf_core
    printfa.o(i.__0sprintf) refers to printfa.o(i._sputc) for _sputc
    printfa.o(i.__0vfprintf) refers (Special) to iusefp.o(.text) for __I$use$fp
    printfa.o(i.__0vfprintf) refers to printfa.o(i._printf_core) for _printf_core
    printfa.o(i.__0vfprintf) refers to fputc.o(i.fputc) for fputc
    printfa.o(i.__0vprintf) refers (Special) to iusefp.o(.text) for __I$use$fp
    printfa.o(i.__0vprintf) refers to printfa.o(i._printf_core) for _printf_core
    printfa.o(i.__0vprintf) refers to fputc.o(i.fputc) for fputc
    printfa.o(i.__0vprintf) refers to stdout.o(.data) for __stdout
    printfa.o(i.__0vsnprintf) refers (Special) to iusefp.o(.text) for __I$use$fp
    printfa.o(i.__0vsnprintf) refers to printfa.o(i._printf_core) for _printf_core
    printfa.o(i.__0vsnprintf) refers to printfa.o(i._snputc) for _snputc
    printfa.o(i.__0vsprintf) refers (Special) to iusefp.o(.text) for __I$use$fp
    printfa.o(i.__0vsprintf) refers to printfa.o(i._printf_core) for _printf_core
    printfa.o(i.__0vsprintf) refers to printfa.o(i._sputc) for _sputc
    printfa.o(i._fp_digits) refers (Special) to iusefp.o(.text) for __I$use$fp
    printfa.o(i._fp_digits) refers to dmul.o(.text) for __aeabi_dmul
    printfa.o(i._fp_digits) refers to ddiv.o(.text) for __aeabi_ddiv
    printfa.o(i._fp_digits) refers to cdrcmple.o(.text) for __aeabi_cdrcmple
    printfa.o(i._fp_digits) refers to dadd.o(.text) for __aeabi_dadd
    printfa.o(i._fp_digits) refers to dfixul.o(.text) for __aeabi_d2ulz
    printfa.o(i._fp_digits) refers to uldiv.o(.text) for __aeabi_uldivmod
    printfa.o(i._printf_core) refers (Special) to iusefp.o(.text) for __I$use$fp
    printfa.o(i._printf_core) refers to printfa.o(i._printf_pre_padding) for _printf_pre_padding
    printfa.o(i._printf_core) refers to uldiv.o(.text) for __aeabi_uldivmod
    printfa.o(i._printf_core) refers to printfa.o(i._printf_post_padding) for _printf_post_padding
    printfa.o(i._printf_core) refers to printfa.o(i._fp_digits) for _fp_digits
    printfa.o(i._printf_core) refers to uidiv.o(.text) for __aeabi_uidivmod
    printfa.o(i._printf_post_padding) refers (Special) to iusefp.o(.text) for __I$use$fp
    printfa.o(i._printf_pre_padding) refers (Special) to iusefp.o(.text) for __I$use$fp
    printfa.o(i._snputc) refers (Special) to iusefp.o(.text) for __I$use$fp
    printfa.o(i._sputc) refers (Special) to iusefp.o(.text) for __I$use$fp
    strtol.o(.text) refers to ctype_o.o(.text) for __rt_ctype_table
    strtol.o(.text) refers to _strtoul.o(.text) for _strtoul
    strtol.o(.text) refers to errno.o(i.__aeabi_errno_addr) for __aeabi_errno_addr
    fmul.o(.text) refers (Special) to iusefp.o(.text) for __I$use$fp
    dmul.o(.text) refers (Special) to iusefp.o(.text) for __I$use$fp
    dmul.o(.text) refers to depilogue.o(.text) for _double_epilogue
    ddiv.o(.text) refers (Special) to iusefp.o(.text) for __I$use$fp
    ddiv.o(.text) refers to depilogue.o(.text) for _double_round
    ffltui.o(.text) refers (Special) to iusefp.o(.text) for __I$use$fp
    ffltui.o(.text) refers to fepilogue.o(.text) for _float_epilogue
    ffixi.o(.text) refers (Special) to iusefp.o(.text) for __I$use$fp
    f2d.o(.text) refers (Special) to iusefp.o(.text) for __I$use$fp
    d2f.o(.text) refers (Special) to iusefp.o(.text) for __I$use$fp
    d2f.o(.text) refers to fepilogue.o(.text) for _float_round
    entry2.o(.ARM.Collect$$$$00000001) refers to entry2.o(.ARM.Collect$$$$00002712) for __lit__00000000
    entry2.o(.ARM.Collect$$$$00002712) refers to startup.o(STACK) for __initial_sp
    entry2.o(__vectab_stack_and_reset_area) refers to startup.o(STACK) for __initial_sp
    entry2.o(__vectab_stack_and_reset_area) refers to entry.o(.ARM.Collect$$$$00000000) for __main
    entry5.o(.ARM.Collect$$$$00000004) refers to init.o(.text) for __scatterload
    entry9a.o(.ARM.Collect$$$$0000000B) refers to lab5.o(i.main) for main
    entry9b.o(.ARM.Collect$$$$0000000C) refers to lab5.o(i.main) for main
    fputc.o(i.fputc) refers (Special) to iusesemip.o(.text) for __I$use$semihosting$fputc
    fputc.o(i.fputc) refers (Special) to semi.o(.text) for __semihosting_library_function
    uldiv.o(.text) refers to llushr.o(.text) for __aeabi_llsr
    uldiv.o(.text) refers to llshl.o(.text) for __aeabi_llsl
    ctype_o.o(.text) refers to ctype_o.o(.constdata) for .constdata
    ctype_o.o(.constdata) refers to ctype_o.o(.constdata) for __ctype_table
    isalnum_o.o(.text) refers to ctype_o.o(.text) for __rt_ctype_table
    isalpha_o.o(.text) refers to ctype_o.o(.text) for __rt_ctype_table
    isblank_o.o(.text) refers to ctype_o.o(.constdata) for __ctype_table
    iscntrl_o.o(.text) refers to ctype_o.o(.text) for __rt_ctype_table
    isdigit_o.o(.text) refers to ctype_o.o(.text) for __rt_ctype_table
    isgraph_o.o(.text) refers to ctype_o.o(.text) for __rt_ctype_table
    islower_o.o(.text) refers to ctype_o.o(.text) for __rt_ctype_table
    isprint_o.o(.text) refers to ctype_o.o(.text) for __rt_ctype_table
    ispunct_o.o(.text) refers to ctype_o.o(.text) for __rt_ctype_table
    isspace_o.o(.text) refers to ctype_o.o(.text) for __rt_ctype_table
    isupper_o.o(.text) refers to ctype_o.o(.text) for __rt_ctype_table
    isxdigit_o.o(.text) refers to ctype_o.o(.text) for __rt_ctype_table
    errno.o(i.__aeabi_errno_addr) refers to errno.o(.data) for .data
    errno.o(i.__read_errno) refers to errno.o(.data) for .data
    errno.o(i.__set_errno) refers to errno.o(.data) for .data
    _strtoul.o(.text) refers to _chval.o(.text) for _chval
    _strtoul.o(.text) refers to errno.o(i.__aeabi_errno_addr) for __aeabi_errno_addr
    depilogue.o(.text) refers to llshl.o(.text) for __aeabi_llsl
    depilogue.o(.text) refers to llushr.o(.text) for __aeabi_llsr
    dadd.o(.text) refers to llshl.o(.text) for __aeabi_llsl
    dadd.o(.text) refers to llsshr.o(.text) for __aeabi_lasr
    dadd.o(.text) refers to depilogue.o(.text) for _double_epilogue
    dfixul.o(.text) refers to llushr.o(.text) for __aeabi_llsr
    dfixul.o(.text) refers to llshl.o(.text) for __aeabi_llsl
    init.o(.text) refers to entry5.o(.ARM.Collect$$$$00000004) for __main_after_scatterload


==============================================================================

Removing Unused input sections from the image.

    Removing lab5.o(.emb_text), (20 bytes).
    Removing lab5.o(i.ButtonWork), (188 bytes).
    Removing lab5.o(i.ButtonWork2), (28 bytes).
    Removing lab5.o(i.LoadProgram), (60 bytes).
    Removing lab5.o(i.SW1Push), (52 bytes).
    Removing lab5.o(i.SW2Push), (52 bytes).
    Removing lab5.o(i.SWPush3), (52 bytes).
    Removing lab5.o(i.SWPushFile), (48 bytes).
    Removing lab5.o(i.TestDirectory), (204 bytes).
    Removing lab5.o(i.TestFile), (588 bytes).
    Removing lab5.o(i.TestSVC), (352 bytes).
    Removing lab5.o(i.TestSVCThread), (128 bytes).
    Removing lab5.o(i.Testmain0), (108 bytes).
    Removing lab5.o(i.Testmain1), (96 bytes).
    Removing lab5.o(i.Testmain3), (104 bytes).
    Removing lab5.o(i.TestmainFile), (132 bytes).
    Removing lab5.o(i.Thread1), (40 bytes).
    Removing lab5.o(i.Thread2), (40 bytes).
    Removing lab5.o(i.Thread3), (40 bytes).
    Removing lab5.o(i.diskError), (18 bytes).
    Removing lab5.o(i.realmain), (140 bytes).
    Removing lab5.o(.constdata), (88 bytes).
    Removing lab5.o(.conststring), (15 bytes).
    Removing adc.o(i.ADC_In), (44 bytes).
    Removing adc.o(i.ADC_In_Voltage), (80 bytes).
    Removing adc.o(i.ADC_Init), (516 bytes).
    Removing interpreter.o(i.Interpreter), (124 bytes).
    Removing interpreter.o(i.Interpreter_Parse), (920 bytes).
    Removing interpreter.o(i.Jitter), (132 bytes).
    Removing interpreter.o(i.getNextToken), (66 bytes).
    Removing interpreter.o(i.getNextTokenAsInt), (38 bytes).
    Removing interpreter.o(.constdata), (1197 bytes).
    Removing interpreter.o(.data), (1 bytes).
    Removing os.o(i.OS_AddPeriodicThread), (88 bytes).
    Removing os.o(i.OS_Fifo_Get), (48 bytes).
    Removing os.o(i.OS_Fifo_Init), (48 bytes).
    Removing os.o(i.OS_Fifo_Put), (68 bytes).
    Removing os.o(i.OS_Fifo_Size), (48 bytes).
    Removing os.o(i.OS_LockScheduler), (4 bytes).
    Removing os.o(i.OS_MailBox_Init), (28 bytes).
    Removing os.o(i.OS_MailBox_Recv), (36 bytes).
    Removing os.o(i.OS_MailBox_Send), (36 bytes).
    Removing os.o(i.OS_UnLockScheduler), (2 bytes).
    Removing os.o(.constdata), (8 bytes).
    Removing st7735.o(i.ST7735_Color565), (24 bytes).
    Removing st7735.o(i.ST7735_DrawBitmap), (288 bytes).
    Removing st7735.o(i.ST7735_DrawChar), (272 bytes).
    Removing st7735.o(i.ST7735_DrawCircle), (168 bytes).
    Removing st7735.o(i.ST7735_DrawFastHLine), (124 bytes).
    Removing st7735.o(i.ST7735_DrawFastVLine), (124 bytes).
    Removing st7735.o(i.ST7735_DrawSmallCircle), (168 bytes).
    Removing st7735.o(i.ST7735_InitB), (52 bytes).
    Removing st7735.o(i.ST7735_InvertDisplay), (22 bytes).
    Removing st7735.o(i.ST7735_OutChar), (212 bytes).
    Removing st7735.o(i.ST7735_OutString), (24 bytes).
    Removing st7735.o(i.ST7735_OutUDec), (140 bytes).
    Removing st7735.o(i.ST7735_OutUDec2), (80 bytes).
    Removing st7735.o(i.ST7735_OutUDec4), (140 bytes).
    Removing st7735.o(i.ST7735_OutUDec5), (140 bytes).
    Removing st7735.o(i.ST7735_PlotBar), (88 bytes).
    Removing st7735.o(i.ST7735_PlotClear), (92 bytes).
    Removing st7735.o(i.ST7735_PlotLine), (264 bytes).
    Removing st7735.o(i.ST7735_PlotNext), (32 bytes).
    Removing st7735.o(i.ST7735_PlotNextErase), (64 bytes).
    Removing st7735.o(i.ST7735_PlotPoint), (152 bytes).
    Removing st7735.o(i.ST7735_PlotPoints), (172 bytes).
    Removing st7735.o(i.ST7735_PlotdBfs), (60 bytes).
    Removing st7735.o(i.ST7735_SetRotation), (212 bytes).
    Removing st7735.o(i.ST7735_SetTextColor), (12 bytes).
    Removing st7735.o(i.ST7735_SwapColor), (18 bytes).
    Removing st7735.o(i.fillmessage), (72 bytes).
    Removing st7735.o(i.fillmessage4), (100 bytes).
    Removing st7735.o(i.fillmessage5), (128 bytes).
    Removing uart0int.o(i.Fixed_Fix2Str), (252 bytes).
    Removing uart0int.o(i.RxFifo_Get), (60 bytes).
    Removing uart0int.o(i.UART_Fix2), (20 bytes).
    Removing uart0int.o(i.UART_InChar), (20 bytes).
    Removing uart0int.o(i.UART_InCharNonBlock), (20 bytes).
    Removing uart0int.o(i.UART_InString), (70 bytes).
    Removing uart0int.o(i.UART_InUDec), (76 bytes).
    Removing uart0int.o(i.UART_InUHex), (108 bytes).
    Removing uart0int.o(i.UART_OutChar), (52 bytes).
    Removing uart0int.o(i.UART_OutSDec), (24 bytes).
    Removing uart0int.o(i.UART_OutString), (24 bytes).
    Removing uart0int.o(i.UART_OutUDec), (42 bytes).
    Removing uart0int.o(i.UART_OutUHex), (52 bytes).
    Removing uart-utils.o(i.UART_OutUDecNonBlock), (42 bytes).
    Removing startup.o(HEAP), (0 bytes).
    Removing adct0atrigger.o(i.ADC0_InitTimer0ATriggerSeq0), (1112 bytes).
    Removing adct0atrigger.o(i.ADC0_InitTimer0ATriggerSeq3PD3), (296 bytes).
    Removing adct0atrigger.o(i.dummyADC), (2 bytes).
    Removing irdistance.o(i.IRDistance_Convert), (64 bytes).
    Removing irdistance.o(.constdata), (64 bytes).
    Removing lpf.o(i.Filter), (200 bytes).
    Removing lpf.o(i.LPF_Calc), (92 bytes).
    Removing lpf.o(i.LPF_Calc2), (92 bytes).
    Removing lpf.o(i.LPF_Calc3), (92 bytes).
    Removing lpf.o(i.LPF_Calc4), (92 bytes).
    Removing lpf.o(i.LPF_Calc5), (92 bytes).
    Removing lpf.o(i.LPF_Calc6), (92 bytes).
    Removing lpf.o(i.LPF_Calc7), (92 bytes).
    Removing lpf.o(i.LPF_Init), (72 bytes).
    Removing lpf.o(i.LPF_Init2), (72 bytes).
    Removing lpf.o(i.LPF_Init3), (72 bytes).
    Removing lpf.o(i.LPF_Init4), (72 bytes).
    Removing lpf.o(i.LPF_Init5), (72 bytes).
    Removing lpf.o(i.LPF_Init6), (72 bytes).
    Removing lpf.o(i.LPF_Init7), (72 bytes).
    Removing lpf.o(i.Median), (128 bytes).
    Removing lpf.o(i.Noise), (136 bytes).
    Removing lpf.o(i.Noise2), (136 bytes).
    Removing lpf.o(i.Noise3), (136 bytes).
    Removing lpf.o(i.Noise4), (136 bytes).
    Removing lpf.o(i.Noise5), (136 bytes).
    Removing lpf.o(i.Noise6), (136 bytes).
    Removing lpf.o(i.Noise7), (136 bytes).
    Removing lpf.o(i.sqrt2), (32 bytes).
    Removing lpf.o(.bss), (496 bytes).
    Removing lpf.o(.data), (156 bytes).
    Removing edisk.o(i.SSI0_Init), (332 bytes).
    Removing edisk.o(i.deselect), (20 bytes).
    Removing edisk.o(i.disk_ioctl), (552 bytes).
    Removing edisk.o(i.disk_timerproc), (64 bytes).
    Removing edisk.o(i.eDisk_Init), (348 bytes).
    Removing edisk.o(i.eDisk_Read), (144 bytes).
    Removing edisk.o(i.eDisk_ReadBlock), (20 bytes).
    Removing edisk.o(i.eDisk_Status), (20 bytes).
    Removing edisk.o(i.eDisk_Write), (180 bytes).
    Removing edisk.o(i.eDisk_WriteBlock), (20 bytes).
    Removing edisk.o(i.init_spi), (40 bytes).
    Removing edisk.o(i.rcvr_datablock), (72 bytes).
    Removing edisk.o(i.rcvr_spi), (48 bytes).
    Removing edisk.o(i.rcvr_spi_multi), (24 bytes).
    Removing edisk.o(i.select), (48 bytes).
    Removing edisk.o(i.send_cmd), (150 bytes).
    Removing edisk.o(i.wait_ready), (48 bytes).
    Removing edisk.o(i.xchg_spi), (56 bytes).
    Removing edisk.o(i.xmit_datablock), (76 bytes).
    Removing edisk.o(i.xmit_spi_multi), (48 bytes).
    Removing edisk.o(.data), (13 bytes).
    Removing efile.o(i.eFile_Create), (52 bytes).
    Removing efile.o(i.eFile_DClose), (44 bytes).
    Removing efile.o(i.eFile_DOpen), (48 bytes).
    Removing efile.o(i.eFile_Delete), (44 bytes).
    Removing efile.o(i.eFile_DirNext), (72 bytes).
    Removing efile.o(i.eFile_Format), (48 bytes).
    Removing efile.o(i.eFile_Init), (4 bytes).
    Removing efile.o(i.eFile_Mount), (52 bytes).
    Removing efile.o(i.eFile_RClose), (44 bytes).
    Removing efile.o(i.eFile_ROpen), (52 bytes).
    Removing efile.o(i.eFile_ReadNext), (60 bytes).
    Removing efile.o(i.eFile_Unmount), (48 bytes).
    Removing efile.o(i.eFile_WClose), (44 bytes).
    Removing efile.o(i.eFile_WOpen), (52 bytes).
    Removing efile.o(i.eFile_Write), (60 bytes).
    Removing efile.o(.bss), (1164 bytes).
    Removing ff.o(i.check_fs), (144 bytes).
    Removing ff.o(i.chk_chr), (24 bytes).
    Removing ff.o(i.clust2sect), (26 bytes).
    Removing ff.o(i.create_chain), (214 bytes).
    Removing ff.o(i.create_name), (436 bytes).
    Removing ff.o(i.dir_alloc), (92 bytes).
    Removing ff.o(i.dir_find), (92 bytes).
    Removing ff.o(i.dir_next), (272 bytes).
    Removing ff.o(i.dir_read), (112 bytes).
    Removing ff.o(i.dir_register), (58 bytes).
    Removing ff.o(i.dir_remove), (54 bytes).
    Removing ff.o(i.dir_sdi), (158 bytes).
    Removing ff.o(i.f_chdir), (84 bytes).
    Removing ff.o(i.f_chmod), (96 bytes).
    Removing ff.o(i.f_close), (32 bytes).
    Removing ff.o(i.f_closedir), (22 bytes).
    Removing ff.o(i.f_getcwd), (274 bytes).
    Removing ff.o(i.f_getfree), (258 bytes).
    Removing ff.o(i.f_getlabel), (190 bytes).
    Removing ff.o(i.f_lseek), (382 bytes).
    Removing ff.o(i.f_mkdir), (364 bytes).
    Removing ff.o(i.f_mkfs), (1608 bytes).
    Removing ff.o(i.f_mount), (92 bytes).
    Removing ff.o(i.f_open), (356 bytes).
    Removing ff.o(i.f_opendir), (110 bytes).
    Removing ff.o(i.f_read), (416 bytes).
    Removing ff.o(i.f_readdir), (88 bytes).
    Removing ff.o(i.f_rename), (270 bytes).
    Removing ff.o(i.f_setlabel), (488 bytes).
    Removing ff.o(i.f_stat), (60 bytes).
    Removing ff.o(i.f_sync), (176 bytes).
    Removing ff.o(i.f_truncate), (184 bytes).
    Removing ff.o(i.f_unlink), (190 bytes).
    Removing ff.o(i.f_utime), (98 bytes).
    Removing ff.o(i.f_write), (472 bytes).
    Removing ff.o(i.find_volume), (908 bytes).
    Removing ff.o(i.follow_path), (176 bytes).
    Removing ff.o(i.get_fat), (242 bytes).
    Removing ff.o(i.get_fileinfo), (116 bytes).
    Removing ff.o(i.get_ldnumber), (74 bytes).
    Removing ff.o(i.ld_clust), (32 bytes).
    Removing ff.o(i.mem_cmp), (38 bytes).
    Removing ff.o(i.mem_cpy), (26 bytes).
    Removing ff.o(i.mem_set), (20 bytes).
    Removing ff.o(i.move_window), (52 bytes).
    Removing ff.o(i.put_fat), (322 bytes).
    Removing ff.o(i.remove_chain), (108 bytes).
    Removing ff.o(i.st_clust), (16 bytes).
    Removing ff.o(i.sync_fs), (200 bytes).
    Removing ff.o(i.sync_window), (82 bytes).
    Removing ff.o(i.validate), (54 bytes).
    Removing ff.o(.constdata), (44 bytes).
    Removing ff.o(.data), (6 bytes).
    Removing loader.o(i.LOADER_CLEAR), (24 bytes).
    Removing loader.o(i.LOADER_OPEN_FOR_RD), (28 bytes).
    Removing loader.o(i.LOADER_READ), (30 bytes).
    Removing loader.o(i.LOADER_WRITE), (30 bytes).
    Removing loader.o(i.addressOf), (88 bytes).
    Removing loader.o(i.dumpData), (2 bytes).
    Removing loader.o(i.exec_elf), (232 bytes).
    Removing loader.o(i.freeElf), (12 bytes).
    Removing loader.o(i.freeSection), (16 bytes).
    Removing loader.o(i.freeSegment), (16 bytes).
    Removing loader.o(i.initElf), (134 bytes).
    Removing loader.o(i.jumpTo), (72 bytes).
    Removing loader.o(i.loadProgram), (236 bytes).
    Removing loader.o(i.loadSecData), (236 bytes).
    Removing loader.o(i.loadSegData), (244 bytes).
    Removing loader.o(i.loadSymbols), (196 bytes).
    Removing loader.o(i.placeDynamic), (132 bytes).
    Removing loader.o(i.placeInfo), (340 bytes).
    Removing loader.o(i.readSecHeader), (62 bytes).
    Removing loader.o(i.readSection), (58 bytes).
    Removing loader.o(i.readSectionName), (68 bytes).
    Removing loader.o(i.readSegHeader), (58 bytes).
    Removing loader.o(i.readSymbol), (114 bytes).
    Removing loader.o(i.readSymbolName), (68 bytes).
    Removing loader.o(i.relJmpCall), (170 bytes).
    Removing loader.o(i.relocate), (204 bytes).
    Removing loader.o(i.relocateProgram), (64 bytes).
    Removing loader.o(i.relocateSection), (132 bytes).
    Removing loader.o(i.relocateSections), (72 bytes).
    Removing loader.o(i.relocateSymbol), (56 bytes).
    Removing loader.o(i.sectionOf), (70 bytes).
    Removing loader.o(.bss), (672 bytes).
    Removing loader.o(.constdata), (69 bytes).
    Removing gpio.o(i.GPIO_PortAHandler), (2 bytes).
    Removing gpio.o(i.GPIO_PortBHandler), (2 bytes).
    Removing gpio.o(i.GPIO_PortCHandler), (2 bytes).
    Removing gpio.o(i.GPIO_PortDHandler), (2 bytes).
    Removing gpio.o(i.GPIO_PortEHandler), (2 bytes).
    Removing launchpad.o(i.Launchpad_SetLED), (104 bytes).
    Removing launchpad.o(i.Launchpad_ToggleLED), (80 bytes).
    Removing timers.o(i.Timer0Init), (148 bytes).
    Removing timers.o(i.Timer1Init), (136 bytes).
    Removing timers.o(i.Timer2Init), (136 bytes).
    Removing timers.o(i.Timer4IntHandler), (28 bytes).
    Removing fmul.o(.text), (100 bytes).
    Removing dmul.o(.text), (228 bytes).
    Removing ddiv.o(.text), (222 bytes).
    Removing ffltui.o(.text), (10 bytes).
    Removing ffixi.o(.text), (50 bytes).
    Removing f2d.o(.text), (38 bytes).
    Removing d2f.o(.text), (56 bytes).
    Removing fepilogue.o(.text), (110 bytes).
    Removing depilogue.o(.text), (186 bytes).
    Removing dadd.o(.text), (334 bytes).
    Removing dfixul.o(.text), (48 bytes).
    Removing cdrcmple.o(.text), (48 bytes).

265 unused section(s) (total 35877 bytes) removed from the image.

==============================================================================

Image Symbol Table

    Local Symbols

    Symbol Name                              Value     Ov Type        Size  Object(Section)

    RESET                                    0x00000000   Section      644  startup.o(RESET)
    ../clib/microlib/ctype/ctype.c           0x00000000   Number         0  ctype_o.o ABSOLUTE
    ../clib/microlib/ctype/ctype.c           0x00000000   Number         0  isblank_o.o ABSOLUTE
    ../clib/microlib/ctype/ctype.c           0x00000000   Number         0  isalpha_o.o ABSOLUTE
    ../clib/microlib/ctype/ctype.c           0x00000000   Number         0  isalnum_o.o ABSOLUTE
    ../clib/microlib/ctype/ctype.c           0x00000000   Number         0  isxdigit_o.o ABSOLUTE
    ../clib/microlib/ctype/ctype.c           0x00000000   Number         0  isupper_o.o ABSOLUTE
    ../clib/microlib/ctype/ctype.c           0x00000000   Number         0  isspace_o.o ABSOLUTE
    ../clib/microlib/ctype/ctype.c           0x00000000   Number         0  ispunct_o.o ABSOLUTE
    ../clib/microlib/ctype/ctype.c           0x00000000   Number         0  isprint_o.o ABSOLUTE
    ../clib/microlib/ctype/ctype.c           0x00000000   Number         0  islower_o.o ABSOLUTE
    ../clib/microlib/ctype/ctype.c           0x00000000   Number         0  isgraph_o.o ABSOLUTE
    ../clib/microlib/ctype/ctype.c           0x00000000   Number         0  isdigit_o.o ABSOLUTE
    ../clib/microlib/ctype/ctype.c           0x00000000   Number         0  iscntrl_o.o ABSOLUTE
    ../clib/microlib/division.c              0x00000000   Number         0  uldiv.o ABSOLUTE
    ../clib/microlib/division.c              0x00000000   Number         0  uidiv.o ABSOLUTE
    ../clib/microlib/errno.c                 0x00000000   Number         0  errno.o ABSOLUTE
    ../clib/microlib/init/entry.s            0x00000000   Number         0  entry10a.o ABSOLUTE
    ../clib/microlib/init/entry.s            0x00000000   Number         0  entry9b.o ABSOLUTE
    ../clib/microlib/init/entry.s            0x00000000   Number         0  entry9a.o ABSOLUTE
    ../clib/microlib/init/entry.s            0x00000000   Number         0  entry8b.o ABSOLUTE
    ../clib/microlib/init/entry.s            0x00000000   Number         0  entry8a.o ABSOLUTE
    ../clib/microlib/init/entry.s            0x00000000   Number         0  entry7b.o ABSOLUTE
    ../clib/microlib/init/entry.s            0x00000000   Number         0  entry7a.o ABSOLUTE
    ../clib/microlib/init/entry.s            0x00000000   Number         0  entry5.o ABSOLUTE
    ../clib/microlib/init/entry.s            0x00000000   Number         0  entry2.o ABSOLUTE
    ../clib/microlib/init/entry.s            0x00000000   Number         0  entry12b.o ABSOLUTE
    ../clib/microlib/init/entry.s            0x00000000   Number         0  entry.o ABSOLUTE
    ../clib/microlib/init/entry.s            0x00000000   Number         0  entry12a.o ABSOLUTE
    ../clib/microlib/init/entry.s            0x00000000   Number         0  entry11b.o ABSOLUTE
    ../clib/microlib/init/entry.s            0x00000000   Number         0  entry11a.o ABSOLUTE
    ../clib/microlib/init/entry.s            0x00000000   Number         0  entry10b.o ABSOLUTE
    ../clib/microlib/longlong.c              0x00000000   Number         0  llshl.o ABSOLUTE
    ../clib/microlib/longlong.c              0x00000000   Number         0  llushr.o ABSOLUTE
    ../clib/microlib/longlong.c              0x00000000   Number         0  llsshr.o ABSOLUTE
    ../clib/microlib/printf/printf.c         0x00000000   Number         0  printf1.o ABSOLUTE
    ../clib/microlib/printf/printf.c         0x00000000   Number         0  printf7.o ABSOLUTE
    ../clib/microlib/printf/printf.c         0x00000000   Number         0  printf3.o ABSOLUTE
    ../clib/microlib/printf/printf.c         0x00000000   Number         0  printf4.o ABSOLUTE
    ../clib/microlib/printf/printf.c         0x00000000   Number         0  printfa.o ABSOLUTE
    ../clib/microlib/printf/printf.c         0x00000000   Number         0  printf8.o ABSOLUTE
    ../clib/microlib/printf/printf.c         0x00000000   Number         0  printf5.o ABSOLUTE
    ../clib/microlib/printf/printf.c         0x00000000   Number         0  printf6.o ABSOLUTE
    ../clib/microlib/printf/printf.c         0x00000000   Number         0  printfb.o ABSOLUTE
    ../clib/microlib/printf/printf.c         0x00000000   Number         0  printf0.o ABSOLUTE
    ../clib/microlib/printf/printf.c         0x00000000   Number         0  printf2.o ABSOLUTE
    ../clib/microlib/stdio/fputc.c           0x00000000   Number         0  fputc.o ABSOLUTE
    ../clib/microlib/stdio/semi.s            0x00000000   Number         0  semi.o ABSOLUTE
    ../clib/microlib/stdio/streams.c         0x00000000   Number         0  stdout.o ABSOLUTE
    ../clib/microlib/string/memcpy.c         0x00000000   Number         0  memcpya.o ABSOLUTE
    ../clib/microlib/string/memcpy.c         0x00000000   Number         0  memcpyb.o ABSOLUTE
    ../clib/microlib/string/memset.c         0x00000000   Number         0  memseta.o ABSOLUTE
    ../clib/microlib/string/strcmp.c         0x00000000   Number         0  strcmp.o ABSOLUTE
    ../clib/microlib/string/strcpy.c         0x00000000   Number         0  strcpy.o ABSOLUTE
    ../clib/microlib/stubs.s                 0x00000000   Number         0  iusesemip.o ABSOLUTE
    ../clib/microlib/stubs.s                 0x00000000   Number         0  iusefp.o ABSOLUTE
    ../clib/scanf.c                          0x00000000   Number         0  strtol.o ABSOLUTE
    ../clib/scanf.c                          0x00000000   Number         0  _strtoul.o ABSOLUTE
    ../clib/scanf.c                          0x00000000   Number         0  _chval.o ABSOLUTE
    ../fplib/microlib/d2f.c                  0x00000000   Number         0  d2f.o ABSOLUTE
    ../fplib/microlib/f2d.c                  0x00000000   Number         0  f2d.o ABSOLUTE
    ../fplib/microlib/fpadd.c                0x00000000   Number         0  dadd.o ABSOLUTE
    ../fplib/microlib/fpdiv.c                0x00000000   Number         0  ddiv.o ABSOLUTE
    ../fplib/microlib/fpepilogue.c           0x00000000   Number         0  fepilogue.o ABSOLUTE
    ../fplib/microlib/fpepilogue.c           0x00000000   Number         0  depilogue.o ABSOLUTE
    ../fplib/microlib/fpfix.c                0x00000000   Number         0  ffixi.o ABSOLUTE
    ../fplib/microlib/fpfix.c                0x00000000   Number         0  dfixul.o ABSOLUTE
    ../fplib/microlib/fpflt.c                0x00000000   Number         0  ffltui.o ABSOLUTE
    ../fplib/microlib/fpmul.c                0x00000000   Number         0  fmul.o ABSOLUTE
    ../fplib/microlib/fpmul.c                0x00000000   Number         0  dmul.o ABSOLUTE
    ..\RTOS\ADC.c                            0x00000000   Number         0  adc.o ABSOLUTE
    ..\RTOS\Interpreter.c                    0x00000000   Number         0  interpreter.o ABSOLUTE
    ..\RTOS\OS.c                             0x00000000   Number         0  os.o ABSOLUTE
    ..\RTOS\ST7735.c                         0x00000000   Number         0  st7735.o ABSOLUTE
    ..\RTOS\UART0int.c                       0x00000000   Number         0  uart0int.o ABSOLUTE
    ..\RTOS\eDisk.c                          0x00000000   Number         0  edisk.o ABSOLUTE
    ..\RTOS\heap.c                           0x00000000   Number         0  heap.o ABSOLUTE
    ..\RTOS\osasm_keil.s                     0x00000000   Number         0  osasm_keil.o ABSOLUTE
    ..\drivers\gpio.c                        0x00000000   Number         0  gpio.o ABSOLUTE
    ..\drivers\interrupt.c                   0x00000000   Number         0  interrupt.o ABSOLUTE
    ..\drivers\launchpad.c                   0x00000000   Number         0  launchpad.o ABSOLUTE
    ..\drivers\timers.c                      0x00000000   Number         0  timers.o ABSOLUTE
    ..\utils\bit-utils.c                     0x00000000   Number         0  bit-utils.o ABSOLUTE
    ..\utils\str-utils.c                     0x00000000   Number         0  str-utils.o ABSOLUTE
    ..\utils\uart-utils.c                    0x00000000   Number         0  uart-utils.o ABSOLUTE
    ..\vware\ADCT0ATrigger.c                 0x00000000   Number         0  adct0atrigger.o ABSOLUTE
    ..\vware\IRDistance.c                    0x00000000   Number         0  irdistance.o ABSOLUTE
    ..\vware\LPF.c                           0x00000000   Number         0  lpf.o ABSOLUTE
    ..\vware\PLL.c                           0x00000000   Number         0  pll.o ABSOLUTE
    Lab5.c                                   0x00000000   Number         0  lab5.o ABSOLUTE
    Lab5.c                                   0x00000000   Number         0  lab5.o ABSOLUTE
    cdrcmple.s                               0x00000000   Number         0  cdrcmple.o ABSOLUTE
    dc.s                                     0x00000000   Number         0  dc.o ABSOLUTE
    eFile.c                                  0x00000000   Number         0  efile.o ABSOLUTE
    ff.c                                     0x00000000   Number         0  ff.o ABSOLUTE
    handlers.s                               0x00000000   Number         0  handlers.o ABSOLUTE
    init.s                                   0x00000000   Number         0  init.o ABSOLUTE
    loader.c                                 0x00000000   Number         0  loader.o ABSOLUTE
    startup.s                                0x00000000   Number         0  startup.o ABSOLUTE
    .ARM.Collect$$$$00000000                 0x00000284   Section        0  entry.o(.ARM.Collect$$$$00000000)
    .ARM.Collect$$$$00000001                 0x00000284   Section        4  entry2.o(.ARM.Collect$$$$00000001)
    .ARM.Collect$$$$00000004                 0x00000288   Section        4  entry5.o(.ARM.Collect$$$$00000004)
    .ARM.Collect$$$$00000008                 0x0000028c   Section        0  entry7b.o(.ARM.Collect$$$$00000008)
    .ARM.Collect$$$$0000000A                 0x0000028c   Section        0  entry8b.o(.ARM.Collect$$$$0000000A)
    .ARM.Collect$$$$0000000B                 0x0000028c   Section        8  entry9a.o(.ARM.Collect$$$$0000000B)
    .ARM.Collect$$$$0000000E                 0x00000294   Section        4  entry12b.o(.ARM.Collect$$$$0000000E)
    .ARM.Collect$$$$0000000F                 0x00000298   Section        0  entry10a.o(.ARM.Collect$$$$0000000F)
    .ARM.Collect$$$$00000011                 0x00000298   Section        0  entry11a.o(.ARM.Collect$$$$00000011)
    .ARM.Collect$$$$00002712                 0x00000298   Section        4  entry2.o(.ARM.Collect$$$$00002712)
    __lit__00000000                          0x00000298   Data           4  entry2.o(.ARM.Collect$$$$00002712)
    .text                                    0x0000029c   Section       28  startup.o(.text)
    .text                                    0x000002b8   Section       88  osasm_keil.o(.text)
    .text                                    0x00000310   Section        0  memcpya.o(.text)
    .text                                    0x00000334   Section        0  memseta.o(.text)
    .text                                    0x00000358   Section       36  init.o(.text)
    i.ADC0Seq0_Handler                       0x0000037c   Section        0  adct0atrigger.o(i.ADC0Seq0_Handler)
    i.ADC0Seq3_Handler                       0x000003a0   Section        0  adct0atrigger.o(i.ADC0Seq3_Handler)
    i.CS_Init                                0x000003bc   Section        0  edisk.o(i.CS_Init)
    i.Delay1ms                               0x00000448   Section        0  st7735.o(i.Delay1ms)
    i.GPIOPortF_Handler                      0x00000468   Section        0  os.o(i.GPIOPortF_Handler)
    i.GPIO_ClearInterruptStatus              0x000004cc   Section        0  gpio.o(i.GPIO_ClearInterruptStatus)
    i.GPIO_EnableEdgeInterrupt               0x00000578   Section        0  gpio.o(i.GPIO_EnableEdgeInterrupt)
    i.GPIO_Initialize                        0x00000998   Section        0  gpio.o(i.GPIO_Initialize)
    i.GPIO_PortFHandler                      0x000009c8   Section        0  gpio.o(i.GPIO_PortFHandler)
    i.Heap_Calloc                            0x000009d0   Section        0  heap.o(i.Heap_Calloc)
    i.Heap_Free                              0x000009ec   Section        0  heap.o(i.Heap_Free)
    i.Heap_Init                              0x00000a34   Section        0  heap.o(i.Heap_Init)
    i.Heap_Malloc                            0x00000a50   Section        0  heap.o(i.Heap_Malloc)
    i.Heap_Realloc                           0x00000ac0   Section        0  heap.o(i.Heap_Realloc)
    i.Heap_Stats                             0x00000ae4   Section        0  heap.o(i.Heap_Stats)
    i.Idle                                   0x00000b44   Section        0  lab5.o(i.Idle)
    i.Interrupt_Enable                       0x00000b70   Section        0  interrupt.o(i.Interrupt_Enable)
    i.Interrupt_SetPriority                  0x00000bb0   Section        0  interrupt.o(i.Interrupt_SetPriority)
    i.Interrupt_SetSystemPriority            0x00000c08   Section        0  interrupt.o(i.Interrupt_SetSystemPriority)
    i.Launchpad_PortFInitialize              0x00000c64   Section        0  launchpad.o(i.Launchpad_PortFInitialize)
    i.OS_AddProcess                          0x00000c98   Section        0  os.o(i.OS_AddProcess)
    i.OS_AddSW1Task                          0x00000d24   Section        0  os.o(i.OS_AddSW1Task)
    i.OS_AddSW2Task                          0x00000d50   Section        0  os.o(i.OS_AddSW2Task)
    i.OS_AddThread                           0x00000d7c   Section        0  os.o(i.OS_AddThread)
    i.OS_AddThreadFull                       0x00000d94   Section        0  os.o(i.OS_AddThreadFull)
    i.OS_CallBackgroundTask                  0x00000f8c   Section        0  os.o(i.OS_CallBackgroundTask)
    i.OS_ClearMsTime                         0x000010a8   Section        0  os.o(i.OS_ClearMsTime)
    i.OS_Id                                  0x000010c4   Section        0  os.o(i.OS_Id)
    i.OS_Init                                0x000010d0   Section        0  os.o(i.OS_Init)
    i.OS_InitSemaphore                       0x00001144   Section        0  os.o(i.OS_InitSemaphore)
    i.OS_Kill                                0x0000116c   Section        0  os.o(i.OS_Kill)
    i.OS_Launch                              0x000011c4   Section        0  os.o(i.OS_Launch)
    i.OS_MsTime                              0x000011ec   Section        0  os.o(i.OS_MsTime)
    i.OS_Scheduler                           0x000011f8   Section        0  os.o(i.OS_Scheduler)
    i.OS_Signal                              0x00001318   Section        0  os.o(i.OS_Signal)
    i.OS_Sleep                               0x00001388   Section        0  os.o(i.OS_Sleep)
    i.OS_Suspend                             0x000013a8   Section        0  os.o(i.OS_Suspend)
    i.OS_Time                                0x000013cc   Section        0  os.o(i.OS_Time)
    i.OS_TimeDifference                      0x000013d8   Section        0  os.o(i.OS_TimeDifference)
    i.OS_UpdateSleep                         0x000013e8   Section        0  os.o(i.OS_UpdateSleep)
    i.OS_Wait                                0x00001410   Section        0  os.o(i.OS_Wait)
    i.PLL_Init                               0x0000148c   Section        0  pll.o(i.PLL_Init)
    i.PortD_Init                             0x00001508   Section        0  lab5.o(i.PortD_Init)
    i.RxFifo_Init                            0x00001570   Section        0  uart0int.o(i.RxFifo_Init)
    i.RxFifo_Put                             0x00001584   Section        0  uart0int.o(i.RxFifo_Put)
    i.RxFifo_Size                            0x000015c0   Section        0  uart0int.o(i.RxFifo_Size)
    i.ST7735_ClearLine                       0x000015d8   Section        0  st7735.o(i.ST7735_ClearLine)
    i.ST7735_DrawCharS                       0x00001600   Section        0  st7735.o(i.ST7735_DrawCharS)
    i.ST7735_DrawPixel                       0x000016f8   Section        0  st7735.o(i.ST7735_DrawPixel)
    i.ST7735_DrawString                      0x00001740   Section        0  st7735.o(i.ST7735_DrawString)
    i.ST7735_FillRect                        0x00001798   Section        0  st7735.o(i.ST7735_FillRect)
    i.ST7735_FillScreen                      0x00001844   Section        0  st7735.o(i.ST7735_FillScreen)
    i.ST7735_InitR                           0x00001868   Section        0  st7735.o(i.ST7735_InitR)
    i.ST7735_Message                         0x000018f0   Section        0  st7735.o(i.ST7735_Message)
    i.ST7735_SetCursor                       0x00001968   Section        0  st7735.o(i.ST7735_SetCursor)
    i.SW1Push1                               0x00001988   Section        0  lab5.o(i.SW1Push1)
    i.SW2Push2                               0x000019bc   Section        0  lab5.o(i.SW2Push2)
    i.SysTick_Handler                        0x000019f0   Section        0  timers.o(i.SysTick_Handler)
    i.SysTick_Init                           0x000019fc   Section        0  timers.o(i.SysTick_Init)
    i.TestHeap                               0x00001a20   Section        0  lab5.o(i.TestHeap)
    i.TestProcess                            0x00001e74   Section        0  lab5.o(i.TestProcess)
    i.TestUser                               0x000020c4   Section        0  lab5.o(i.TestUser)
    i.Testmain2                              0x0000215c   Section        0  lab5.o(i.Testmain2)
    i.Timer0IntHandler                       0x000021c8   Section        0  timers.o(i.Timer0IntHandler)
    i.Timer1IntHandler                       0x000021e4   Section        0  timers.o(i.Timer1IntHandler)
    i.Timer2IntHandler                       0x00002204   Section        0  timers.o(i.Timer2IntHandler)
    i.Timer3Init                             0x00002224   Section        0  timers.o(i.Timer3Init)
    i.Timer3IntHandler                       0x000022ac   Section        0  timers.o(i.Timer3IntHandler)
    i.Timer4Init                             0x000022e0   Section        0  timers.o(i.Timer4Init)
    i.TxFifo_Get                             0x00002358   Section        0  uart0int.o(i.TxFifo_Get)
    i.TxFifo_Init                            0x00002394   Section        0  uart0int.o(i.TxFifo_Init)
    i.TxFifo_Put                             0x000023a8   Section        0  uart0int.o(i.TxFifo_Put)
    i.TxFifo_Size                            0x000023e4   Section        0  uart0int.o(i.TxFifo_Size)
    i.UART0_Handler                          0x000023fc   Section        0  uart0int.o(i.UART0_Handler)
    i.UART_Init                              0x00002454   Section        0  uart0int.o(i.UART_Init)
    i.UART_OutCharNonBlock                   0x0000251c   Section        0  uart0int.o(i.UART_OutCharNonBlock)
    i.UART_OutStringNonBlock                 0x00002550   Section        0  uart-utils.o(i.UART_OutStringNonBlock)
    i.__scatterload_copy                     0x00002568   Section       14  handlers.o(i.__scatterload_copy)
    i.__scatterload_null                     0x00002576   Section        2  handlers.o(i.__scatterload_null)
    i.__scatterload_zeroinit                 0x00002578   Section       14  handlers.o(i.__scatterload_zeroinit)
    i.commandList                            0x00002586   Section        0  st7735.o(i.commandList)
    commandList                              0x00002587   Thumb Code    86  st7735.o(i.commandList)
    i.commonInit                             0x000025dc   Section        0  st7735.o(i.commonInit)
    commonInit                               0x000025dd   Thumb Code   346  st7735.o(i.commonInit)
    i.copyHardwareToSoftware                 0x00002768   Section        0  uart0int.o(i.copyHardwareToSoftware)
    copyHardwareToSoftware                   0x00002769   Thumb Code    40  uart0int.o(i.copyHardwareToSoftware)
    i.copySoftwareToHardware                 0x00002794   Section        0  uart0int.o(i.copySoftwareToHardware)
    copySoftwareToHardware                   0x00002795   Thumb Code    38  uart0int.o(i.copySoftwareToHardware)
    i.generate_bit_mask_u32                  0x000027c0   Section        0  bit-utils.o(i.generate_bit_mask_u32)
    i.heapError                              0x000027de   Section        0  lab5.o(i.heapError)
    i.heapStats                              0x000027ec   Section        0  lab5.o(i.heapStats)
    i.itoa                                   0x0000289c   Section        0  str-utils.o(i.itoa)
    i.linkTCBs                               0x000028fc   Section        0  os.o(i.linkTCBs)
    linkTCBs                                 0x000028fd   Thumb Code    10  os.o(i.linkTCBs)
    i.main                                   0x00002906   Section        0  lab5.o(i.main)
    i.mergeFreeBlocks                        0x0000292c   Section        0  heap.o(i.mergeFreeBlocks)
    i.pushColor                              0x0000298c   Section        0  st7735.o(i.pushColor)
    pushColor                                0x0000298d   Thumb Code    18  st7735.o(i.pushColor)
    i.setAddrWindow                          0x000029a0   Section        0  st7735.o(i.setAddrWindow)
    setAddrWindow                            0x000029a1   Thumb Code   106  st7735.o(i.setAddrWindow)
    i.set_bit_field_u32                      0x00002a14   Section        0  bit-utils.o(i.set_bit_field_u32)
    i.writecommand                           0x00002a3c   Section        0  st7735.o(i.writecommand)
    writecommand                             0x00002a3d   Thumb Code    68  st7735.o(i.writecommand)
    i.writedata                              0x00002a8c   Section        0  st7735.o(i.writedata)
    writedata                                0x00002a8d   Thumb Code    70  st7735.o(i.writedata)
    .constdata                               0x00002ae0   Section     2114  st7735.o(.constdata)
    Font                                     0x00002ae0   Data        1275  st7735.o(.constdata)
    Bcmd                                     0x00002fdb   Data         103  st7735.o(.constdata)
    Rcmd1                                    0x00003042   Data          59  st7735.o(.constdata)
    Rcmd2green                               0x0000307d   Data          13  st7735.o(.constdata)
    Rcmd2red                                 0x0000308a   Data          13  st7735.o(.constdata)
    Rcmd3                                    0x00003097   Data          43  st7735.o(.constdata)
    .data                                    0x20000000   Section       76  lab5.o(.data)
    .data                                    0x20000050   Section       92  os.o(.data)
    Mailbox_Data                             0x200000a0   Data           4  os.o(.data)
    LastTime                                 0x200000a4   Data           4  os.o(.data)
    LastTime2                                0x200000a8   Data           4  os.o(.data)
    .data                                    0x200000ac   Section       44  st7735.o(.data)
    ColStart                                 0x200000b6   Data           1  st7735.o(.data)
    RowStart                                 0x200000b7   Data           1  st7735.o(.data)
    Rotation                                 0x200000b8   Data           1  st7735.o(.data)
    TabColor                                 0x200000b9   Data           1  st7735.o(.data)
    _width                                   0x200000ba   Data           2  st7735.o(.data)
    _height                                  0x200000bc   Data           2  st7735.o(.data)
    .data                                    0x200000d8   Section       16  uart0int.o(.data)
    .data                                    0x200000e8   Section        8  adct0atrigger.o(.data)
    .bss                                     0x200000f0   Section       12  lab5.o(.bss)
    .bss                                     0x200000fc   Section     8192  heap.o(.bss)
    .bss                                     0x200020fc   Section     2236  os.o(.bss)
    Mailbox_DataValid                        0x20002910   Data          84  os.o(.bss)
    Mailbox_BoxFree                          0x20002964   Data          84  os.o(.bss)
    .bss                                     0x200029b8   Section      136  st7735.o(.bss)
    .bss                                     0x20002a40   Section     2048  uart0int.o(.bss)
    RxFifo                                   0x20002a40   Data        1024  uart0int.o(.bss)
    TxFifo                                   0x20002e40   Data        1024  uart0int.o(.bss)
    STACK                                    0x20003240   Section     1024  startup.o(STACK)
    StackMem                                 0x20003240   Data           0  startup.o(STACK)

    Global Symbols

    Symbol Name                              Value     Ov Type        Size  Object(Section)

    BuildAttributes$$THM_ISAv4$E$P$D$K$B$S$7EM$PE$A:L22UL41UL21$X:L11$S22US41US21$IEEE1$IW$USESV6$~STKCKD$USESV7$~SHL$OTIME$ROPI$EBA8$MICROLIB$REQ8$PRES8$EABIv2 0x00000000   Number         0  anon$$obj.o ABSOLUTE
    __ARM_use_no_argv                        0x00000000   Number         0  lab5.o ABSOLUTE
    __Vectors                                0x00000000   Data           0  startup.o(RESET)
    __arm_fini_                               - Undefined Weak Reference
    __cpp_initialize__aeabi_                  - Undefined Weak Reference
    __cxa_finalize                            - Undefined Weak Reference
    __decompress                              - Undefined Weak Reference
    _clock_init                               - Undefined Weak Reference
    _microlib_exit                            - Undefined Weak Reference
    Reset_Handler                            0x0000026d   Thumb Code     0  startup.o(RESET)
    NMI_Handler                              0x00000271   Thumb Code     2  startup.o(RESET)
    HardFault_Handler                        0x00000273   Thumb Code     2  startup.o(RESET)
    MemManage_Handler                        0x00000275   Thumb Code     2  startup.o(RESET)
    BusFault_Handler                         0x00000277   Thumb Code     2  startup.o(RESET)
    UsageFault_Handler                       0x00000279   Thumb Code     2  startup.o(RESET)
    DebugMon_Handler                         0x0000027d   Thumb Code     2  startup.o(RESET)
    ADC0Seq1_Handler                         0x00000283   Thumb Code     0  startup.o(RESET)
    ADC0Seq2_Handler                         0x00000283   Thumb Code     0  startup.o(RESET)
    ADC1Seq0_Handler                         0x00000283   Thumb Code     0  startup.o(RESET)
    ADC1Seq1_Handler                         0x00000283   Thumb Code     0  startup.o(RESET)
    ADC1Seq2_Handler                         0x00000283   Thumb Code     0  startup.o(RESET)
    ADC1Seq3_Handler                         0x00000283   Thumb Code     0  startup.o(RESET)
    CAN0_Handler                             0x00000283   Thumb Code     0  startup.o(RESET)
    CAN1_Handler                             0x00000283   Thumb Code     0  startup.o(RESET)
    CAN2_Handler                             0x00000283   Thumb Code     0  startup.o(RESET)
    Comp0_Handler                            0x00000283   Thumb Code     0  startup.o(RESET)
    Comp1_Handler                            0x00000283   Thumb Code     0  startup.o(RESET)
    Comp2_Handler                            0x00000283   Thumb Code     0  startup.o(RESET)
    Ethernet_Handler                         0x00000283   Thumb Code     0  startup.o(RESET)
    ExtBus_Handler                           0x00000283   Thumb Code     0  startup.o(RESET)
    FPU_Handler                              0x00000283   Thumb Code     0  startup.o(RESET)
    Fan0_Handler                             0x00000283   Thumb Code     0  startup.o(RESET)
    FlashCtl_Handler                         0x00000283   Thumb Code     0  startup.o(RESET)
    GPIOPortA_Handler                        0x00000283   Thumb Code     0  startup.o(RESET)
    GPIOPortB_Handler                        0x00000283   Thumb Code     0  startup.o(RESET)
    GPIOPortC_Handler                        0x00000283   Thumb Code     0  startup.o(RESET)
    GPIOPortD_Handler                        0x00000283   Thumb Code     0  startup.o(RESET)
    GPIOPortE_Handler                        0x00000283   Thumb Code     0  startup.o(RESET)
    GPIOPortG_Handler                        0x00000283   Thumb Code     0  startup.o(RESET)
    GPIOPortH_Handler                        0x00000283   Thumb Code     0  startup.o(RESET)
    GPIOPortJ_Handler                        0x00000283   Thumb Code     0  startup.o(RESET)
    GPIOPortK_Handler                        0x00000283   Thumb Code     0  startup.o(RESET)
    GPIOPortL_Handler                        0x00000283   Thumb Code     0  startup.o(RESET)
    GPIOPortM_Handler                        0x00000283   Thumb Code     0  startup.o(RESET)
    GPIOPortN_Handler                        0x00000283   Thumb Code     0  startup.o(RESET)
    GPIOPortP1_Handler                       0x00000283   Thumb Code     0  startup.o(RESET)
    GPIOPortP2_Handler                       0x00000283   Thumb Code     0  startup.o(RESET)
    GPIOPortP3_Handler                       0x00000283   Thumb Code     0  startup.o(RESET)
    GPIOPortP4_Handler                       0x00000283   Thumb Code     0  startup.o(RESET)
    GPIOPortP5_Handler                       0x00000283   Thumb Code     0  startup.o(RESET)
    GPIOPortP6_Handler                       0x00000283   Thumb Code     0  startup.o(RESET)
    GPIOPortP7_Handler                       0x00000283   Thumb Code     0  startup.o(RESET)
    GPIOPortP_Handler                        0x00000283   Thumb Code     0  startup.o(RESET)
    GPIOPortQ1_Handler                       0x00000283   Thumb Code     0  startup.o(RESET)
    GPIOPortQ2_Handler                       0x00000283   Thumb Code     0  startup.o(RESET)
    GPIOPortQ3_Handler                       0x00000283   Thumb Code     0  startup.o(RESET)
    GPIOPortQ4_Handler                       0x00000283   Thumb Code     0  startup.o(RESET)
    GPIOPortQ5_Handler                       0x00000283   Thumb Code     0  startup.o(RESET)
    GPIOPortQ6_Handler                       0x00000283   Thumb Code     0  startup.o(RESET)
    GPIOPortQ7_Handler                       0x00000283   Thumb Code     0  startup.o(RESET)
    GPIOPortQ_Handler                        0x00000283   Thumb Code     0  startup.o(RESET)
    GPIOPortR_Handler                        0x00000283   Thumb Code     0  startup.o(RESET)
    GPIOPortS_Handler                        0x00000283   Thumb Code     0  startup.o(RESET)
    Hibernate_Handler                        0x00000283   Thumb Code     0  startup.o(RESET)
    I2C0_Handler                             0x00000283   Thumb Code     0  startup.o(RESET)
    I2C1_Handler                             0x00000283   Thumb Code     0  startup.o(RESET)
    I2C2_Handler                             0x00000283   Thumb Code     0  startup.o(RESET)
    I2C3_Handler                             0x00000283   Thumb Code     0  startup.o(RESET)
    I2C4_Handler                             0x00000283   Thumb Code     0  startup.o(RESET)
    I2C5_Handler                             0x00000283   Thumb Code     0  startup.o(RESET)
    I2S0_Handler                             0x00000283   Thumb Code     0  startup.o(RESET)
    LPC0_Handler                             0x00000283   Thumb Code     0  startup.o(RESET)
    PECI0_Handler                            0x00000283   Thumb Code     0  startup.o(RESET)
    PWM0Fault_Handler                        0x00000283   Thumb Code     0  startup.o(RESET)
    PWM0Generator0_Handler                   0x00000283   Thumb Code     0  startup.o(RESET)
    PWM0Generator1_Handler                   0x00000283   Thumb Code     0  startup.o(RESET)
    PWM0Generator2_Handler                   0x00000283   Thumb Code     0  startup.o(RESET)
    PWM0Generator3_Handler                   0x00000283   Thumb Code     0  startup.o(RESET)
    PWM1Fault_Handler                        0x00000283   Thumb Code     0  startup.o(RESET)
    PWM1Generator0_Handler                   0x00000283   Thumb Code     0  startup.o(RESET)
    PWM1Generator1_Handler                   0x00000283   Thumb Code     0  startup.o(RESET)
    PWM1Generator2_Handler                   0x00000283   Thumb Code     0  startup.o(RESET)
    PWM1Generator3_Handler                   0x00000283   Thumb Code     0  startup.o(RESET)
    Quadrature0_Handler                      0x00000283   Thumb Code     0  startup.o(RESET)
    Quadrature1_Handler                      0x00000283   Thumb Code     0  startup.o(RESET)
    Quadrature2_Handler                      0x00000283   Thumb Code     0  startup.o(RESET)
    SSI0_Handler                             0x00000283   Thumb Code     0  startup.o(RESET)
    SSI1_Handler                             0x00000283   Thumb Code     0  startup.o(RESET)
    SSI2_Handler                             0x00000283   Thumb Code     0  startup.o(RESET)
    SSI3_Handler                             0x00000283   Thumb Code     0  startup.o(RESET)
    SysCtl_Handler                           0x00000283   Thumb Code     0  startup.o(RESET)
    Timer0A_Handler                          0x00000283   Thumb Code     0  startup.o(RESET)
    Timer0B_Handler                          0x00000283   Thumb Code     0  startup.o(RESET)
    Timer1A_Handler                          0x00000283   Thumb Code     0  startup.o(RESET)
    Timer1B_Handler                          0x00000283   Thumb Code     0  startup.o(RESET)
    Timer2A_Handler                          0x00000283   Thumb Code     0  startup.o(RESET)
    Timer2B_Handler                          0x00000283   Thumb Code     0  startup.o(RESET)
    Timer3A_Handler                          0x00000283   Thumb Code     0  startup.o(RESET)
    Timer3B_Handler                          0x00000283   Thumb Code     0  startup.o(RESET)
    Timer4A_Handler                          0x00000283   Thumb Code     0  startup.o(RESET)
    Timer4B_Handler                          0x00000283   Thumb Code     0  startup.o(RESET)
    Timer5A_Handler                          0x00000283   Thumb Code     0  startup.o(RESET)
    Timer5B_Handler                          0x00000283   Thumb Code     0  startup.o(RESET)
    UART1_Handler                            0x00000283   Thumb Code     0  startup.o(RESET)
    UART2_Handler                            0x00000283   Thumb Code     0  startup.o(RESET)
    UART3_Handler                            0x00000283   Thumb Code     0  startup.o(RESET)
    UART4_Handler                            0x00000283   Thumb Code     0  startup.o(RESET)
    UART5_Handler                            0x00000283   Thumb Code     0  startup.o(RESET)
    UART6_Handler                            0x00000283   Thumb Code     0  startup.o(RESET)
    UART7_Handler                            0x00000283   Thumb Code     0  startup.o(RESET)
    USB0_Handler                             0x00000283   Thumb Code     0  startup.o(RESET)
    WDT_Handler                              0x00000283   Thumb Code     0  startup.o(RESET)
    WideTimer0A_Handler                      0x00000283   Thumb Code     0  startup.o(RESET)
    WideTimer0B_Handler                      0x00000283   Thumb Code     0  startup.o(RESET)
    WideTimer1A_Handler                      0x00000283   Thumb Code     0  startup.o(RESET)
    WideTimer1B_Handler                      0x00000283   Thumb Code     0  startup.o(RESET)
    WideTimer2A_Handler                      0x00000283   Thumb Code     0  startup.o(RESET)
    WideTimer2B_Handler                      0x00000283   Thumb Code     0  startup.o(RESET)
    WideTimer3A_Handler                      0x00000283   Thumb Code     0  startup.o(RESET)
    WideTimer3B_Handler                      0x00000283   Thumb Code     0  startup.o(RESET)
    WideTimer4A_Handler                      0x00000283   Thumb Code     0  startup.o(RESET)
    WideTimer4B_Handler                      0x00000283   Thumb Code     0  startup.o(RESET)
    WideTimer5A_Handler                      0x00000283   Thumb Code     0  startup.o(RESET)
    WideTimer5B_Handler                      0x00000283   Thumb Code     0  startup.o(RESET)
    uDMA_Error                               0x00000283   Thumb Code     0  startup.o(RESET)
    uDMA_Handler                             0x00000283   Thumb Code     0  startup.o(RESET)
    __main                                   0x00000285   Thumb Code     0  entry.o(.ARM.Collect$$$$00000000)
    _main_stk                                0x00000285   Thumb Code     0  entry2.o(.ARM.Collect$$$$00000001)
    _main_scatterload                        0x00000289   Thumb Code     0  entry5.o(.ARM.Collect$$$$00000004)
    __main_after_scatterload                 0x0000028d   Thumb Code     0  entry5.o(.ARM.Collect$$$$00000004)
    _main_clock                              0x0000028d   Thumb Code     0  entry7b.o(.ARM.Collect$$$$00000008)
    _main_cpp_init                           0x0000028d   Thumb Code     0  entry8b.o(.ARM.Collect$$$$0000000A)
    _main_init                               0x0000028d   Thumb Code     0  entry9a.o(.ARM.Collect$$$$0000000B)
    __rt_lib_shutdown_fini                   0x00000295   Thumb Code     0  entry12b.o(.ARM.Collect$$$$0000000E)
    __rt_final_cpp                           0x00000299   Thumb Code     0  entry10a.o(.ARM.Collect$$$$0000000F)
    __rt_final_exit                          0x00000299   Thumb Code     0  entry11a.o(.ARM.Collect$$$$00000011)
    DisableInterrupts                        0x0000029d   Thumb Code     0  startup.o(.text)
    EnableInterrupts                         0x000002a1   Thumb Code     0  startup.o(.text)
    StartCritical                            0x000002a5   Thumb Code     0  startup.o(.text)
    EndCritical                              0x000002ad   Thumb Code     0  startup.o(.text)
    WaitForInterrupt                         0x000002b3   Thumb Code     0  startup.o(.text)
    StartOS                                  0x000002b9   Thumb Code     0  osasm_keil.o(.text)
    ContextSwitch                            0x000002d9   Thumb Code     0  osasm_keil.o(.text)
    PendSV_Handler                           0x000002e3   Thumb Code     0  osasm_keil.o(.text)
    SVC_Handler                              0x00000303   Thumb Code     0  osasm_keil.o(.text)
    __aeabi_memcpy                           0x00000311   Thumb Code    36  memcpya.o(.text)
    __aeabi_memcpy4                          0x00000311   Thumb Code     0  memcpya.o(.text)
    __aeabi_memcpy8                          0x00000311   Thumb Code     0  memcpya.o(.text)
    __aeabi_memset                           0x00000335   Thumb Code    14  memseta.o(.text)
    __aeabi_memset4                          0x00000335   Thumb Code     0  memseta.o(.text)
    __aeabi_memset8                          0x00000335   Thumb Code     0  memseta.o(.text)
    __aeabi_memclr                           0x00000343   Thumb Code     4  memseta.o(.text)
    __aeabi_memclr4                          0x00000343   Thumb Code     0  memseta.o(.text)
    __aeabi_memclr8                          0x00000343   Thumb Code     0  memseta.o(.text)
    _memset$wrapper                          0x00000347   Thumb Code    18  memseta.o(.text)
    __scatterload                            0x00000359   Thumb Code    28  init.o(.text)
    __scatterload_rt2                        0x00000359   Thumb Code     0  init.o(.text)
    ADC0Seq0_Handler                         0x0000037d   Thumb Code    26  adct0atrigger.o(i.ADC0Seq0_Handler)
    ADC0Seq3_Handler                         0x000003a1   Thumb Code    18  adct0atrigger.o(i.ADC0Seq3_Handler)
    CS_Init                                  0x000003bd   Thumb Code   118  edisk.o(i.CS_Init)
    Delay1ms                                 0x00000449   Thumb Code    32  st7735.o(i.Delay1ms)
    GPIOPortF_Handler                        0x00000469   Thumb Code    80  os.o(i.GPIOPortF_Handler)
    GPIO_ClearInterruptStatus                0x000004cd   Thumb Code   148  gpio.o(i.GPIO_ClearInterruptStatus)
    GPIO_EnableEdgeInterrupt                 0x00000579   Thumb Code  1006  gpio.o(i.GPIO_EnableEdgeInterrupt)
    GPIO_Initialize                          0x00000999   Thumb Code    34  gpio.o(i.GPIO_Initialize)
    GPIO_PortFHandler                        0x000009c9   Thumb Code     8  gpio.o(i.GPIO_PortFHandler)
    Heap_Calloc                              0x000009d1   Thumb Code    26  heap.o(i.Heap_Calloc)
    Heap_Free                                0x000009ed   Thumb Code    66  heap.o(i.Heap_Free)
    Heap_Init                                0x00000a35   Thumb Code    24  heap.o(i.Heap_Init)
    Heap_Malloc                              0x00000a51   Thumb Code   108  heap.o(i.Heap_Malloc)
    Heap_Realloc                             0x00000ac1   Thumb Code    36  heap.o(i.Heap_Realloc)
    Heap_Stats                               0x00000ae5   Thumb Code    92  heap.o(i.Heap_Stats)
    Idle                                     0x00000b45   Thumb Code    36  lab5.o(i.Idle)
    Interrupt_Enable                         0x00000b71   Thumb Code    58  interrupt.o(i.Interrupt_Enable)
    Interrupt_SetPriority                    0x00000bb1   Thumb Code    82  interrupt.o(i.Interrupt_SetPriority)
    Interrupt_SetSystemPriority              0x00000c09   Thumb Code    86  interrupt.o(i.Interrupt_SetSystemPriority)
    Launchpad_PortFInitialize                0x00000c65   Thumb Code    42  launchpad.o(i.Launchpad_PortFInitialize)
    OS_AddProcess                            0x00000c99   Thumb Code   130  os.o(i.OS_AddProcess)
    OS_AddSW1Task                            0x00000d25   Thumb Code    38  os.o(i.OS_AddSW1Task)
    OS_AddSW2Task                            0x00000d51   Thumb Code    38  os.o(i.OS_AddSW2Task)
    OS_AddThread                             0x00000d7d   Thumb Code    22  os.o(i.OS_AddThread)
    OS_AddThreadFull                         0x00000d95   Thumb Code   482  os.o(i.OS_AddThreadFull)
    OS_CallBackgroundTask                    0x00000f8d   Thumb Code   232  os.o(i.OS_CallBackgroundTask)
    OS_ClearMsTime                           0x000010a9   Thumb Code    20  os.o(i.OS_ClearMsTime)
    OS_Id                                    0x000010c5   Thumb Code     8  os.o(i.OS_Id)
    OS_Init                                  0x000010d1   Thumb Code    92  os.o(i.OS_Init)
    OS_InitSemaphore                         0x00001145   Thumb Code    40  os.o(i.OS_InitSemaphore)
    OS_Kill                                  0x0000116d   Thumb Code    84  os.o(i.OS_Kill)
    OS_Launch                                0x000011c5   Thumb Code    32  os.o(i.OS_Launch)
    OS_MsTime                                0x000011ed   Thumb Code     6  os.o(i.OS_MsTime)
    OS_Scheduler                             0x000011f9   Thumb Code   278  os.o(i.OS_Scheduler)
    OS_Signal                                0x00001319   Thumb Code   106  os.o(i.OS_Signal)
    OS_Sleep                                 0x00001389   Thumb Code    28  os.o(i.OS_Sleep)
    OS_Suspend                               0x000013a9   Thumb Code    30  os.o(i.OS_Suspend)
    OS_Time                                  0x000013cd   Thumb Code     6  os.o(i.OS_Time)
    OS_TimeDifference                        0x000013d9   Thumb Code    14  os.o(i.OS_TimeDifference)
    OS_UpdateSleep                           0x000013e9   Thumb Code    34  os.o(i.OS_UpdateSleep)
    OS_Wait                                  0x00001411   Thumb Code   118  os.o(i.OS_Wait)
    PLL_Init                                 0x0000148d   Thumb Code   120  pll.o(i.PLL_Init)
    PortD_Init                               0x00001509   Thumb Code    88  lab5.o(i.PortD_Init)
    RxFifo_Init                              0x00001571   Thumb Code    12  uart0int.o(i.RxFifo_Init)
    RxFifo_Put                               0x00001585   Thumb Code    48  uart0int.o(i.RxFifo_Put)
    RxFifo_Size                              0x000015c1   Thumb Code    14  uart0int.o(i.RxFifo_Size)
    ST7735_ClearLine                         0x000015d9   Thumb Code    38  st7735.o(i.ST7735_ClearLine)
    ST7735_DrawCharS                         0x00001601   Thumb Code   236  st7735.o(i.ST7735_DrawCharS)
    ST7735_DrawPixel                         0x000016f9   Thumb Code    64  st7735.o(i.ST7735_DrawPixel)
    ST7735_DrawString                        0x00001741   Thumb Code    86  st7735.o(i.ST7735_DrawString)
    ST7735_FillRect                          0x00001799   Thumb Code   164  st7735.o(i.ST7735_FillRect)
    ST7735_FillScreen                        0x00001845   Thumb Code    28  st7735.o(i.ST7735_FillScreen)
    ST7735_InitR                             0x00001869   Thumb Code    98  st7735.o(i.ST7735_InitR)
    ST7735_Message                           0x000018f1   Thumb Code   110  st7735.o(i.ST7735_Message)
    ST7735_SetCursor                         0x00001969   Thumb Code    22  st7735.o(i.ST7735_SetCursor)
    SW1Push1                                 0x00001989   Thumb Code    44  lab5.o(i.SW1Push1)
    SW2Push2                                 0x000019bd   Thumb Code    44  lab5.o(i.SW2Push2)
    SysTick_Handler                          0x000019f1   Thumb Code    12  timers.o(i.SysTick_Handler)
    SysTick_Init                             0x000019fd   Thumb Code    36  timers.o(i.SysTick_Init)
    TestHeap                                 0x00001a21   Thumb Code   810  lab5.o(i.TestHeap)
    TestProcess                              0x00001e75   Thumb Code   350  lab5.o(i.TestProcess)
    TestUser                                 0x000020c5   Thumb Code   114  lab5.o(i.TestUser)
    Testmain2                                0x0000215d   Thumb Code    82  lab5.o(i.Testmain2)
    Timer0IntHandler                         0x000021c9   Thumb Code    22  timers.o(i.Timer0IntHandler)
    Timer1IntHandler                         0x000021e5   Thumb Code    28  timers.o(i.Timer1IntHandler)
    Timer2IntHandler                         0x00002205   Thumb Code    28  timers.o(i.Timer2IntHandler)
    Timer3Init                               0x00002225   Thumb Code   126  timers.o(i.Timer3Init)
    Timer3IntHandler                         0x000022ad   Thumb Code    44  timers.o(i.Timer3IntHandler)
    Timer4Init                               0x000022e1   Thumb Code   110  timers.o(i.Timer4Init)
    TxFifo_Get                               0x00002359   Thumb Code    46  uart0int.o(i.TxFifo_Get)
    TxFifo_Init                              0x00002395   Thumb Code    12  uart0int.o(i.TxFifo_Init)
    TxFifo_Put                               0x000023a9   Thumb Code    48  uart0int.o(i.TxFifo_Put)
    TxFifo_Size                              0x000023e5   Thumb Code    14  uart0int.o(i.TxFifo_Size)
    UART0_Handler                            0x000023fd   Thumb Code    82  uart0int.o(i.UART0_Handler)
    UART_Init                                0x00002455   Thumb Code   174  uart0int.o(i.UART_Init)
    UART_OutCharNonBlock                     0x0000251d   Thumb Code    46  uart0int.o(i.UART_OutCharNonBlock)
    UART_OutStringNonBlock                   0x00002551   Thumb Code    24  uart-utils.o(i.UART_OutStringNonBlock)
    __scatterload_copy                       0x00002569   Thumb Code    14  handlers.o(i.__scatterload_copy)
    __scatterload_null                       0x00002577   Thumb Code     2  handlers.o(i.__scatterload_null)
    __scatterload_zeroinit                   0x00002579   Thumb Code    14  handlers.o(i.__scatterload_zeroinit)
    generate_bit_mask_u32                    0x000027c1   Thumb Code    30  bit-utils.o(i.generate_bit_mask_u32)
    heapError                                0x000027df   Thumb Code    14  lab5.o(i.heapError)
    heapStats                                0x000027ed   Thumb Code    90  lab5.o(i.heapStats)
    itoa                                     0x0000289d   Thumb Code    96  str-utils.o(i.itoa)
    main                                     0x00002907   Thumb Code    38  lab5.o(i.main)
    mergeFreeBlocks                          0x0000292d   Thumb Code    90  heap.o(i.mergeFreeBlocks)
    set_bit_field_u32                        0x00002a15   Thumb Code    38  bit-utils.o(i.set_bit_field_u32)
    smallCircle                              0x000030c2   Data          36  st7735.o(.constdata)
    circle                                   0x000030e6   Data          60  st7735.o(.constdata)
    dBfs                                     0x00003122   Data         512  st7735.o(.constdata)
    Region$$Table$$Base                      0x00003324   Number         0  anon$$obj.o(Region$$Table)
    Region$$Table$$Limit                     0x00003344   Number         0  anon$$obj.o(Region$$Table)
    NumCreated                               0x20000000   Data           4  lab5.o(.data)
    IdleCount                                0x20000004   Data           4  lab5.o(.data)
    FileTestRunning                          0x20000008   Data           4  lab5.o(.data)
    Count1                                   0x2000000c   Data           4  lab5.o(.data)
    Count2                                   0x20000010   Data           4  lab5.o(.data)
    Count3                                   0x20000014   Data           4  lab5.o(.data)
    ptr                                      0x20000018   Data           4  lab5.o(.data)
    p1                                       0x2000001c   Data           4  lab5.o(.data)
    p2                                       0x20000020   Data           4  lab5.o(.data)
    p3                                       0x20000024   Data           4  lab5.o(.data)
    q1                                       0x20000028   Data           4  lab5.o(.data)
    q2                                       0x2000002c   Data           4  lab5.o(.data)
    q3                                       0x20000030   Data           4  lab5.o(.data)
    q4                                       0x20000034   Data           4  lab5.o(.data)
    q5                                       0x20000038   Data           4  lab5.o(.data)
    q6                                       0x2000003c   Data           4  lab5.o(.data)
    maxBlockSize                             0x20000040   Data           2  lab5.o(.data)
    bigBlock                                 0x20000044   Data           4  lab5.o(.data)
    line                                     0x20000048   Data           4  lab5.o(.data)
    BackgroundPeriodicTask1                  0x20000050   Data           4  os.o(.data)
    BackgroundPeriodicTask2                  0x20000054   Data           4  os.o(.data)
    SW1Task                                  0x20000058   Data           4  os.o(.data)
    SW2Task                                  0x2000005c   Data           4  os.o(.data)
    MaxJitter                                0x20000060   Data           4  os.o(.data)
    period1                                  0x20000064   Data           4  os.o(.data)
    MaxJitter2                               0x20000068   Data           4  os.o(.data)
    period2                                  0x2000006c   Data           4  os.o(.data)
    osTimeMs                                 0x20000070   Data           8  os.o(.data)
    id_counter                               0x20000078   Data           4  os.o(.data)
    pid_counter                              0x2000007c   Data           4  os.o(.data)
    RunPt                                    0x20000080   Data           4  os.o(.data)
    NextRunPt                                0x20000084   Data           4  os.o(.data)
    threadCount                              0x20000088   Data           2  os.o(.data)
    os_fifo_ptr_head                         0x2000008c   Data           4  os.o(.data)
    os_fifo_ptr_tail                         0x20000090   Data           4  os.o(.data)
    OS_Started                               0x20000094   Data           1  os.o(.data)
    lastPF0EdgeInterrupt                     0x20000098   Data           4  os.o(.data)
    lastPF4EdgeInterrupt                     0x2000009c   Data           4  os.o(.data)
    StX                                      0x200000ac   Data           4  st7735.o(.data)
    StY                                      0x200000b0   Data           4  st7735.o(.data)
    StTextColor                              0x200000b4   Data           2  st7735.o(.data)
    Messageindex                             0x200000c0   Data           4  st7735.o(.data)
    Ymax                                     0x200000c4   Data           4  st7735.o(.data)
    Ymin                                     0x200000c8   Data           4  st7735.o(.data)
    X                                        0x200000cc   Data           4  st7735.o(.data)
    Yrange                                   0x200000d0   Data           4  st7735.o(.data)
    lastj                                    0x200000d4   Data           4  st7735.o(.data)
    RxPutI                                   0x200000d8   Data           4  uart0int.o(.data)
    RxGetI                                   0x200000dc   Data           4  uart0int.o(.data)
    TxPutI                                   0x200000e0   Data           4  uart0int.o(.data)
    TxGetI                                   0x200000e4   Data           4  uart0int.o(.data)
    ADCTask                                  0x200000e8   Data           4  adct0atrigger.o(.data)
    PD3data                                  0x200000ec   Data           4  adct0atrigger.o(.data)
    stats                                    0x200000f0   Data          12  lab5.o(.bss)
    heap                                     0x200000fc   Data        8192  heap.o(.bss)
    JitterHistogram                          0x200020fc   Data         256  os.o(.bss)
    JitterHistogram2                         0x200021fc   Data         256  os.o(.bss)
    pcb_list                                 0x200022fc   Data         160  os.o(.bss)
    tcb_list                                 0x2000239c   Data         800  os.o(.bss)
    os_fifo                                  0x200026bc   Data         512  os.o(.bss)
    FifoDataAvailable                        0x200028bc   Data          84  os.o(.bss)
    SPIFree                                  0x200029b8   Data          84  st7735.o(.bss)
    Message                                  0x20002a0c   Data          12  st7735.o(.bss)
    buffer                                   0x20002a18   Data          40  st7735.o(.bss)
    __initial_sp                             0x20003640   Data           0  startup.o(STACK)



==============================================================================

Memory Map of the image

  Image Entry point : 0x0000026d

  Load Region LR_1 (Base: 0x00000000, Size: 0x00003434, Max: 0xffffffff, ABSOLUTE)

    Execution Region ER_RO (Exec base: 0x00000000, Load base: 0x00000000, Size: 0x00003344, Max: 0xffffffff, ABSOLUTE)

    Exec Addr    Load Addr    Size         Type   Attr      Idx    E Section Name        Object

    0x00000000   0x00000000   0x00000284   Code   RO         1103  * RESET               startup.o
    0x00000284   0x00000284   0x00000000   Code   RO         2255  * .ARM.Collect$$$$00000000  mc_w.l(entry.o)
    0x00000284   0x00000284   0x00000004   Code   RO         2544    .ARM.Collect$$$$00000001  mc_w.l(entry2.o)
    0x00000288   0x00000288   0x00000004   Code   RO         2547    .ARM.Collect$$$$00000004  mc_w.l(entry5.o)
    0x0000028c   0x0000028c   0x00000000   Code   RO         2549    .ARM.Collect$$$$00000008  mc_w.l(entry7b.o)
    0x0000028c   0x0000028c   0x00000000   Code   RO         2551    .ARM.Collect$$$$0000000A  mc_w.l(entry8b.o)
    0x0000028c   0x0000028c   0x00000008   Code   RO         2552    .ARM.Collect$$$$0000000B  mc_w.l(entry9a.o)
    0x00000294   0x00000294   0x00000004   Code   RO         2559    .ARM.Collect$$$$0000000E  mc_w.l(entry12b.o)
    0x00000298   0x00000298   0x00000000   Code   RO         2554    .ARM.Collect$$$$0000000F  mc_w.l(entry10a.o)
    0x00000298   0x00000298   0x00000000   Code   RO         2556    .ARM.Collect$$$$00000011  mc_w.l(entry11a.o)
    0x00000298   0x00000298   0x00000004   Code   RO         2545    .ARM.Collect$$$$00002712  mc_w.l(entry2.o)
    0x0000029c   0x0000029c   0x0000001c   Code   RO         1104    .text               startup.o
    0x000002b8   0x000002b8   0x00000058   Code   RO         1110    .text               osasm_keil.o
    0x00000310   0x00000310   0x00000024   Code   RO         2258    .text               mc_w.l(memcpya.o)
    0x00000334   0x00000334   0x00000024   Code   RO         2260    .text               mc_w.l(memseta.o)
    0x00000358   0x00000358   0x00000024   Code   RO         2615    .text               mc_w.l(init.o)
    0x0000037c   0x0000037c   0x00000024   Code   RO         1125    i.ADC0Seq0_Handler  adct0atrigger.o
    0x000003a0   0x000003a0   0x0000001c   Code   RO         1126    i.ADC0Seq3_Handler  adct0atrigger.o
    0x000003bc   0x000003bc   0x0000008c   Code   RO         1333    i.CS_Init           edisk.o
    0x00000448   0x00000448   0x00000020   Code   RO          614    i.Delay1ms          st7735.o
    0x00000468   0x00000468   0x00000064   Code   RO          394    i.GPIOPortF_Handler  os.o
    0x000004cc   0x000004cc   0x000000ac   Code   RO         2053    i.GPIO_ClearInterruptStatus  gpio.o
    0x00000578   0x00000578   0x00000420   Code   RO         2054    i.GPIO_EnableEdgeInterrupt  gpio.o
    0x00000998   0x00000998   0x00000030   Code   RO         2055    i.GPIO_Initialize   gpio.o
    0x000009c8   0x000009c8   0x00000008   Code   RO         2061    i.GPIO_PortFHandler  gpio.o
    0x000009d0   0x000009d0   0x0000001a   Code   RO          289    i.Heap_Calloc       heap.o
    0x000009ea   0x000009ea   0x00000002   PAD
    0x000009ec   0x000009ec   0x00000048   Code   RO          290    i.Heap_Free         heap.o
    0x00000a34   0x00000a34   0x0000001c   Code   RO          291    i.Heap_Init         heap.o
    0x00000a50   0x00000a50   0x00000070   Code   RO          292    i.Heap_Malloc       heap.o
    0x00000ac0   0x00000ac0   0x00000024   Code   RO          293    i.Heap_Realloc      heap.o
    0x00000ae4   0x00000ae4   0x00000060   Code   RO          294    i.Heap_Stats        heap.o
    0x00000b44   0x00000b44   0x0000002c   Code   RO            4    i.Idle              lab5.o
    0x00000b70   0x00000b70   0x00000040   Code   RO         2119    i.Interrupt_Enable  interrupt.o
    0x00000bb0   0x00000bb0   0x00000058   Code   RO         2120    i.Interrupt_SetPriority  interrupt.o
    0x00000c08   0x00000c08   0x0000005c   Code   RO         2121    i.Interrupt_SetSystemPriority  interrupt.o
    0x00000c64   0x00000c64   0x00000034   Code   RO         2143    i.Launchpad_PortFInitialize  launchpad.o
    0x00000c98   0x00000c98   0x0000008c   Code   RO          396    i.OS_AddProcess     os.o
    0x00000d24   0x00000d24   0x0000002c   Code   RO          397    i.OS_AddSW1Task     os.o
    0x00000d50   0x00000d50   0x0000002c   Code   RO          398    i.OS_AddSW2Task     os.o
    0x00000d7c   0x00000d7c   0x00000016   Code   RO          399    i.OS_AddThread      os.o
    0x00000d92   0x00000d92   0x00000002   PAD
    0x00000d94   0x00000d94   0x000001f8   Code   RO          400    i.OS_AddThreadFull  os.o
    0x00000f8c   0x00000f8c   0x0000011c   Code   RO          401    i.OS_CallBackgroundTask  os.o
    0x000010a8   0x000010a8   0x0000001c   Code   RO          402    i.OS_ClearMsTime    os.o
    0x000010c4   0x000010c4   0x0000000c   Code   RO          407    i.OS_Id             os.o
    0x000010d0   0x000010d0   0x00000074   Code   RO          408    i.OS_Init           os.o
    0x00001144   0x00001144   0x00000028   Code   RO          409    i.OS_InitSemaphore  os.o
    0x0000116c   0x0000116c   0x00000058   Code   RO          410    i.OS_Kill           os.o
    0x000011c4   0x000011c4   0x00000028   Code   RO          411    i.OS_Launch         os.o
    0x000011ec   0x000011ec   0x0000000c   Code   RO          416    i.OS_MsTime         os.o
    0x000011f8   0x000011f8   0x00000120   Code   RO          417    i.OS_Scheduler      os.o
    0x00001318   0x00001318   0x00000070   Code   RO          418    i.OS_Signal         os.o
    0x00001388   0x00001388   0x00000020   Code   RO          419    i.OS_Sleep          os.o
    0x000013a8   0x000013a8   0x00000024   Code   RO          420    i.OS_Suspend        os.o
    0x000013cc   0x000013cc   0x0000000c   Code   RO          421    i.OS_Time           os.o
    0x000013d8   0x000013d8   0x0000000e   Code   RO          422    i.OS_TimeDifference  os.o
    0x000013e6   0x000013e6   0x00000002   PAD
    0x000013e8   0x000013e8   0x00000028   Code   RO          424    i.OS_UpdateSleep    os.o
    0x00001410   0x00001410   0x0000007c   Code   RO          425    i.OS_Wait           os.o
    0x0000148c   0x0000148c   0x0000007c   Code   RO         1113    i.PLL_Init          pll.o
    0x00001508   0x00001508   0x00000068   Code   RO            6    i.PortD_Init        lab5.o
    0x00001570   0x00001570   0x00000014   Code   RO          891    i.RxFifo_Init       uart0int.o
    0x00001584   0x00001584   0x0000003c   Code   RO          892    i.RxFifo_Put        uart0int.o
    0x000015c0   0x000015c0   0x00000018   Code   RO          893    i.RxFifo_Size       uart0int.o
    0x000015d8   0x000015d8   0x00000026   Code   RO          615    i.ST7735_ClearLine  st7735.o
    0x000015fe   0x000015fe   0x00000002   PAD
    0x00001600   0x00001600   0x000000f8   Code   RO          619    i.ST7735_DrawCharS  st7735.o
    0x000016f8   0x000016f8   0x00000048   Code   RO          623    i.ST7735_DrawPixel  st7735.o
    0x00001740   0x00001740   0x00000056   Code   RO          625    i.ST7735_DrawString  st7735.o
    0x00001796   0x00001796   0x00000002   PAD
    0x00001798   0x00001798   0x000000ac   Code   RO          626    i.ST7735_FillRect   st7735.o
    0x00001844   0x00001844   0x00000024   Code   RO          627    i.ST7735_FillScreen  st7735.o
    0x00001868   0x00001868   0x00000088   Code   RO          629    i.ST7735_InitR      st7735.o
    0x000018f0   0x000018f0   0x00000078   Code   RO          631    i.ST7735_Message    st7735.o
    0x00001968   0x00001968   0x00000020   Code   RO          646    i.ST7735_SetCursor  st7735.o
    0x00001988   0x00001988   0x00000034   Code   RO            8    i.SW1Push1          lab5.o
    0x000019bc   0x000019bc   0x00000034   Code   RO           10    i.SW2Push2          lab5.o
    0x000019f0   0x000019f0   0x0000000c   Code   RO         2170    i.SysTick_Handler   timers.o
    0x000019fc   0x000019fc   0x00000024   Code   RO         2171    i.SysTick_Init      timers.o
    0x00001a20   0x00001a20   0x00000454   Code   RO           15    i.TestHeap          lab5.o
    0x00001e74   0x00001e74   0x00000250   Code   RO           16    i.TestProcess       lab5.o
    0x000020c4   0x000020c4   0x00000098   Code   RO           19    i.TestUser          lab5.o
    0x0000215c   0x0000215c   0x0000006c   Code   RO           22    i.Testmain2         lab5.o
    0x000021c8   0x000021c8   0x0000001c   Code   RO         2173    i.Timer0IntHandler  timers.o
    0x000021e4   0x000021e4   0x00000020   Code   RO         2175    i.Timer1IntHandler  timers.o
    0x00002204   0x00002204   0x00000020   Code   RO         2177    i.Timer2IntHandler  timers.o
    0x00002224   0x00002224   0x00000088   Code   RO         2178    i.Timer3Init        timers.o
    0x000022ac   0x000022ac   0x00000034   Code   RO         2179    i.Timer3IntHandler  timers.o
    0x000022e0   0x000022e0   0x00000078   Code   RO         2180    i.Timer4Init        timers.o
    0x00002358   0x00002358   0x0000003c   Code   RO          894    i.TxFifo_Get        uart0int.o
    0x00002394   0x00002394   0x00000014   Code   RO          895    i.TxFifo_Init       uart0int.o
    0x000023a8   0x000023a8   0x0000003c   Code   RO          896    i.TxFifo_Put        uart0int.o
    0x000023e4   0x000023e4   0x00000018   Code   RO          897    i.TxFifo_Size       uart0int.o
    0x000023fc   0x000023fc   0x00000058   Code   RO          898    i.UART0_Handler     uart0int.o
    0x00002454   0x00002454   0x000000c8   Code   RO          905    i.UART_Init         uart0int.o
    0x0000251c   0x0000251c   0x00000034   Code   RO          907    i.UART_OutCharNonBlock  uart0int.o
    0x00002550   0x00002550   0x00000018   Code   RO         1083    i.UART_OutStringNonBlock  uart-utils.o
    0x00002568   0x00002568   0x0000000e   Code   RO         2629    i.__scatterload_copy  mc_w.l(handlers.o)
    0x00002576   0x00002576   0x00000002   Code   RO         2630    i.__scatterload_null  mc_w.l(handlers.o)
    0x00002578   0x00002578   0x0000000e   Code   RO         2631    i.__scatterload_zeroinit  mc_w.l(handlers.o)
    0x00002586   0x00002586   0x00000056   Code   RO          650    i.commandList       st7735.o
    0x000025dc   0x000025dc   0x0000018c   Code   RO          651    i.commonInit        st7735.o
    0x00002768   0x00002768   0x0000002c   Code   RO          912    i.copyHardwareToSoftware  uart0int.o
    0x00002794   0x00002794   0x0000002c   Code   RO          913    i.copySoftwareToHardware  uart0int.o
    0x000027c0   0x000027c0   0x0000001e   Code   RO         1053    i.generate_bit_mask_u32  bit-utils.o
    0x000027de   0x000027de   0x0000000e   Code   RO           29    i.heapError         lab5.o
    0x000027ec   0x000027ec   0x000000b0   Code   RO           30    i.heapStats         lab5.o
    0x0000289c   0x0000289c   0x00000060   Code   RO         1071    i.itoa              str-utils.o
    0x000028fc   0x000028fc   0x0000000a   Code   RO          426    i.linkTCBs          os.o
    0x00002906   0x00002906   0x00000026   Code   RO           31    i.main              lab5.o
    0x0000292c   0x0000292c   0x00000060   Code   RO          295    i.mergeFreeBlocks   heap.o
    0x0000298c   0x0000298c   0x00000012   Code   RO          655    i.pushColor         st7735.o
    0x0000299e   0x0000299e   0x00000002   PAD
    0x000029a0   0x000029a0   0x00000074   Code   RO          656    i.setAddrWindow     st7735.o
    0x00002a14   0x00002a14   0x00000026   Code   RO         1054    i.set_bit_field_u32  bit-utils.o
    0x00002a3a   0x00002a3a   0x00000002   PAD
    0x00002a3c   0x00002a3c   0x00000050   Code   RO          657    i.writecommand      st7735.o
    0x00002a8c   0x00002a8c   0x00000054   Code   RO          658    i.writedata         st7735.o
    0x00002ae0   0x00002ae0   0x00000842   Data   RO          660    .constdata          st7735.o
    0x00003322   0x00003322   0x00000002   PAD
    0x00003324   0x00003324   0x00000020   Data   RO         2627    Region$$Table       anon$$obj.o


    Execution Region ER_RW (Exec base: 0x20000000, Load base: 0x00003344, Size: 0x000000f0, Max: 0xffffffff, ABSOLUTE)

    Exec Addr    Load Addr    Size         Type   Attr      Idx    E Section Name        Object

    0x20000000   0x00003344   0x0000004c   Data   RW           36    .data               lab5.o
    0x2000004c   0x00003390   0x00000004   PAD
    0x20000050   0x00003394   0x0000005c   Data   RW          429    .data               os.o
    0x200000ac   0x000033f0   0x0000002c   Data   RW          661    .data               st7735.o
    0x200000d8   0x0000341c   0x00000010   Data   RW          915    .data               uart0int.o
    0x200000e8   0x0000342c   0x00000008   Data   RW         1130    .data               adct0atrigger.o


    Execution Region ER_ZI (Exec base: 0x200000f0, Load base: 0x00003434, Size: 0x00003550, Max: 0xffffffff, ABSOLUTE)

    Exec Addr    Load Addr    Size         Type   Attr      Idx    E Section Name        Object

    0x200000f0        -       0x0000000c   Zero   RW           33    .bss                lab5.o
    0x200000fc        -       0x00002000   Zero   RW          296    .bss                heap.o
    0x200020fc        -       0x000008bc   Zero   RW          427    .bss                os.o
    0x200029b8        -       0x00000088   Zero   RW          659    .bss                st7735.o
    0x20002a40        -       0x00000800   Zero   RW          914    .bss                uart0int.o
    0x20003240        -       0x00000400   Zero   RW         1101    STACK               startup.o


==============================================================================

Image component sizes


      Code (inc. data)   RO Data    RW Data    ZI Data      Debug   Object Name

        64         20          0          8          0       2600   adct0atrigger.o
        68          0          0          0          0       1420   bit-utils.o
       140         22          0          0          0        470   edisk.o
      1284         88          0          0          0       3017   gpio.o
       466         24          0          0       8192       5445   heap.o
       244         18          0          0          0       2969   interrupt.o
      2440        730          0         76         12      15001   lab5.o
        52         10          0          0          0        500   launchpad.o
      2142        214          0         92       2236      17668   os.o
        88         12          0          0          0        320   osasm_keil.o
       124          4          0          0          0        515   pll.o
      1752        180       2114         44        136      14488   st7735.o
       672        622          0          0       1024       1028   startup.o
        96          0          0          0          0        759   str-utils.o
       448         42          0          0          0       4187   timers.o
        24          0          0          0          0        569   uart-utils.o
       696        122          0         16       2048       7612   uart0int.o

    ----------------------------------------------------------------------
     10814       2108       2148        240      13648      78568   Object Totals
         0          0         32          0          0          0   (incl. Generated)
        14          0          2          4          0          0   (incl. Padding)

    ----------------------------------------------------------------------

      Code (inc. data)   RO Data    RW Data    ZI Data      Debug   Library Member Name

         0          0          0          0          0          0   entry.o
         0          0          0          0          0          0   entry10a.o
         0          0          0          0          0          0   entry11a.o
         4          0          0          0          0          0   entry12b.o
         8          4          0          0          0          0   entry2.o
         4          0          0          0          0          0   entry5.o
         0          0          0          0          0          0   entry7b.o
         0          0          0          0          0          0   entry8b.o
         8          4          0          0          0          0   entry9a.o
        30          0          0          0          0          0   handlers.o
        36          8          0          0          0         68   init.o
        36          0          0          0          0         68   memcpya.o
        36          0          0          0          0        108   memseta.o

    ----------------------------------------------------------------------
       162         16          0          0          0        244   Library Totals
         0          0          0          0          0          0   (incl. Padding)

    ----------------------------------------------------------------------

      Code (inc. data)   RO Data    RW Data    ZI Data      Debug   Library Name

       162         16          0          0          0        244   mc_w.l

    ----------------------------------------------------------------------
       162         16          0          0          0        244   Library Totals

    ----------------------------------------------------------------------

==============================================================================


      Code (inc. data)   RO Data    RW Data    ZI Data      Debug   

     10976       2124       2148        240      13648      74336   Grand Totals
     10976       2124       2148        240      13648      74336   ELF Image Totals
     10976       2124       2148        240          0          0   ROM Totals

==============================================================================

    Total RO  Size (Code + RO Data)                13124 (  12.82kB)
    Total RW  Size (RW Data + ZI Data)             13888 (  13.56kB)
    Total ROM Size (Code + RO Data + RW Data)      13364 (  13.05kB)

==============================================================================

