Component: ARM Compiler 5.06 update 7 (build 960) Tool: armlink [4d3601]

==============================================================================

Section Cross References

    lab5.o(i.ButtonWork) refers to os.o(i.OS_Id) for OS_Id
    lab5.o(i.ButtonWork) refers to heap.o(i.Heap_Stats) for Heap_Stats
    lab5.o(i.ButtonWork) refers to os.o(i.OS_Kill) for OS_Kill
    lab5.o(i.ButtonWork) refers to st7735.o(i.ST7735_Message) for ST7735_Message
    lab5.o(i.ButtonWork2) refers to uart-utils.o(i.UART_OutStringNonBlock) for UART_OutStringNonBlock
    lab5.o(i.ButtonWork2) refers to lab5.o(i.LoadProgram) for LoadProgram
    lab5.o(i.ButtonWork2) refers to os.o(i.OS_Kill) for OS_Kill
    lab5.o(i.Idle) refers to startup.o(.text) for WaitForInterrupt
    lab5.o(i.Idle) refers to lab5.o(.data) for IdleCount
    lab5.o(i.LoadProgram) refers to loader.o(i.exec_elf) for exec_elf
    lab5.o(i.LoadProgram) refers to uart-utils.o(i.UART_OutStringNonBlock) for UART_OutStringNonBlock
    lab5.o(i.LoadProgram) refers to lab5.o(.constdata) for .constdata
    lab5.o(i.SW1Push) refers to os.o(i.OS_MsTime) for OS_MsTime
    lab5.o(i.SW1Push) refers to os.o(i.OS_AddThread) for OS_AddThread
    lab5.o(i.SW1Push) refers to os.o(i.OS_ClearMsTime) for OS_ClearMsTime
    lab5.o(i.SW1Push) refers to lab5.o(i.ButtonWork) for ButtonWork
    lab5.o(i.SW1Push) refers to lab5.o(.data) for NumCreated
    lab5.o(i.SW1Push1) refers to os.o(i.OS_MsTime) for OS_MsTime
    lab5.o(i.SW1Push1) refers to os.o(i.OS_AddThread) for OS_AddThread
    lab5.o(i.SW1Push1) refers to os.o(i.OS_ClearMsTime) for OS_ClearMsTime
    lab5.o(i.SW1Push1) refers to lab5.o(i.TestHeap) for TestHeap
    lab5.o(i.SW1Push1) refers to lab5.o(.data) for NumCreated
    lab5.o(i.SW2Push) refers to os.o(i.OS_MsTime) for OS_MsTime
    lab5.o(i.SW2Push) refers to os.o(i.OS_AddThread) for OS_AddThread
    lab5.o(i.SW2Push) refers to os.o(i.OS_ClearMsTime) for OS_ClearMsTime
    lab5.o(i.SW2Push) refers to lab5.o(i.ButtonWork2) for ButtonWork2
    lab5.o(i.SW2Push) refers to lab5.o(.data) for NumCreated
    lab5.o(i.SW2Push2) refers to os.o(i.OS_MsTime) for OS_MsTime
    lab5.o(i.SW2Push2) refers to os.o(i.OS_AddThread) for OS_AddThread
    lab5.o(i.SW2Push2) refers to os.o(i.OS_ClearMsTime) for OS_ClearMsTime
    lab5.o(i.SW2Push2) refers to lab5.o(i.TestProcess) for TestProcess
    lab5.o(i.SW2Push2) refers to lab5.o(.data) for NumCreated
    lab5.o(i.SWPush3) refers to os.o(i.OS_AddThread) for OS_AddThread
    lab5.o(i.SWPush3) refers to lab5.o(.data) for line
    lab5.o(i.SWPush3) refers to lab5.o(i.TestSVC) for TestSVC
    lab5.o(i.SWPushFile) refers to os.o(i.OS_AddThread) for OS_AddThread
    lab5.o(i.SWPushFile) refers to lab5.o(.data) for FileTestRunning
    lab5.o(i.SWPushFile) refers to lab5.o(i.TestFile) for TestFile
    lab5.o(i.TestDirectory) refers to uart-utils.o(i.UART_OutStringNonBlock) for UART_OutStringNonBlock
    lab5.o(i.TestDirectory) refers to efile.o(i.eFile_DOpen) for eFile_DOpen
    lab5.o(i.TestDirectory) refers to lab5.o(i.diskError) for diskError
    lab5.o(i.TestDirectory) refers to uart-utils.o(i.UART_OutUDecNonBlock) for UART_OutUDecNonBlock
    lab5.o(i.TestDirectory) refers to efile.o(i.eFile_DirNext) for eFile_DirNext
    lab5.o(i.TestDirectory) refers to efile.o(i.eFile_DClose) for eFile_DClose
    lab5.o(i.TestDirectory) refers to lab5.o(.constdata) for string1
    lab5.o(i.TestFile) refers to printfb.o(i.__0printf$bare) for __2printf
    lab5.o(i.TestFile) refers to st7735.o(i.ST7735_DrawString) for ST7735_DrawString
    lab5.o(i.TestFile) refers to efile.o(i.eFile_Init) for eFile_Init
    lab5.o(i.TestFile) refers to lab5.o(i.diskError) for diskError
    lab5.o(i.TestFile) refers to efile.o(i.eFile_Mount) for eFile_Mount
    lab5.o(i.TestFile) refers to efile.o(i.eFile_Format) for eFile_Format
    lab5.o(i.TestFile) refers to lab5.o(i.TestDirectory) for TestDirectory
    lab5.o(i.TestFile) refers to efile.o(i.eFile_Create) for eFile_Create
    lab5.o(i.TestFile) refers to efile.o(i.eFile_WOpen) for eFile_WOpen
    lab5.o(i.TestFile) refers to efile.o(i.eFile_Write) for eFile_Write
    lab5.o(i.TestFile) refers to efile.o(i.eFile_WClose) for eFile_WClose
    lab5.o(i.TestFile) refers to efile.o(i.eFile_ROpen) for eFile_ROpen
    lab5.o(i.TestFile) refers to efile.o(i.eFile_ReadNext) for eFile_ReadNext
    lab5.o(i.TestFile) refers to uart0int.o(i.UART_OutChar) for UART_OutChar
    lab5.o(i.TestFile) refers to efile.o(i.eFile_Delete) for eFile_Delete
    lab5.o(i.TestFile) refers to efile.o(i.eFile_Unmount) for eFile_Unmount
    lab5.o(i.TestFile) refers to os.o(i.OS_Kill) for OS_Kill
    lab5.o(i.TestFile) refers to lab5.o(.data) for FileTestRunning
    lab5.o(i.TestHeap) refers to st7735.o(i.ST7735_DrawString) for ST7735_DrawString
    lab5.o(i.TestHeap) refers to uart-utils.o(i.UART_OutStringNonBlock) for UART_OutStringNonBlock
[...]
    i.dumpData                               0x00003ad4   Section        0  loader.o(i.dumpData)
    dumpData                                 0x00003ad5   Thumb Code     2  loader.o(i.dumpData)
    i.eDisk_Init                             0x00003ad8   Section        0  edisk.o(i.eDisk_Init)
    i.eDisk_Read                             0x00003c34   Section        0  edisk.o(i.eDisk_Read)
    i.eDisk_Status                           0x00003cc4   Section        0  edisk.o(i.eDisk_Status)
    i.eDisk_Write                            0x00003cd8   Section        0  edisk.o(i.eDisk_Write)
    i.eFile_Create                           0x00003d8c   Section        0  efile.o(i.eFile_Create)
    i.eFile_Delete                           0x00003dc0   Section        0  efile.o(i.eFile_Delete)
    i.eFile_Format                           0x00003dec   Section        0  efile.o(i.eFile_Format)
    i.eFile_Init                             0x00003e1c   Section        0  efile.o(i.eFile_Init)
    i.eFile_Mount                            0x00003e20   Section        0  efile.o(i.eFile_Mount)
    i.eFile_RClose                           0x00003e54   Section        0  efile.o(i.eFile_RClose)
    i.eFile_ROpen                            0x00003e80   Section        0  efile.o(i.eFile_ROpen)
    i.eFile_ReadNext                         0x00003eb4   Section        0  efile.o(i.eFile_ReadNext)
    i.eFile_WClose                           0x00003ef0   Section        0  efile.o(i.eFile_WClose)
    i.eFile_WOpen                            0x00003f1c   Section        0  efile.o(i.eFile_WOpen)
    i.eFile_Write                            0x00003f50   Section        0  efile.o(i.eFile_Write)
    i.exec_elf                               0x00003f8c   Section        0  loader.o(i.exec_elf)
    i.f_close                                0x00004074   Section        0  ff.o(i.f_close)
    i.f_lseek                                0x00004094   Section        0  ff.o(i.f_lseek)
    i.f_mkfs                                 0x00004214   Section        0  ff.o(i.f_mkfs)
    i.f_mount                                0x0000485c   Section        0  ff.o(i.f_mount)
    i.f_open                                 0x000048b8   Section        0  ff.o(i.f_open)
    i.f_read                                 0x00004a1c   Section        0  ff.o(i.f_read)
    i.f_sync                                 0x00004bbc   Section        0  ff.o(i.f_sync)
    i.f_unlink                               0x00004c6c   Section        0  ff.o(i.f_unlink)
    i.f_write                                0x00004d2a   Section        0  ff.o(i.f_write)
    i.find_volume                            0x00004f04   Section        0  ff.o(i.find_volume)
    find_volume                              0x00004f05   Thumb Code   890  ff.o(i.find_volume)
    i.follow_path                            0x00005290   Section        0  ff.o(i.follow_path)
    follow_path                              0x00005291   Thumb Code   176  ff.o(i.follow_path)
    i.freeElf                                0x00005340   Section        0  loader.o(i.freeElf)
    freeElf                                  0x00005341   Thumb Code    12  loader.o(i.freeElf)
    i.freeSection                            0x0000534c   Section        0  loader.o(i.freeSection)
    freeSection                              0x0000534d   Thumb Code    16  loader.o(i.freeSection)
    i.freeSegment                            0x0000535c   Section        0  loader.o(i.freeSegment)
    freeSegment                              0x0000535d   Thumb Code    16  loader.o(i.freeSegment)
    i.generate_bit_mask_u32                  0x0000536c   Section        0  bit-utils.o(i.generate_bit_mask_u32)
    i.getNextToken                           0x0000538a   Section        0  interpreter.o(i.getNextToken)
    i.getNextTokenAsInt                      0x000053cc   Section        0  interpreter.o(i.getNextTokenAsInt)
    i.get_fat                                0x000053f2   Section        0  ff.o(i.get_fat)
    i.get_ldnumber                           0x000054e4   Section        0  ff.o(i.get_ldnumber)
    get_ldnumber                             0x000054e5   Thumb Code    74  ff.o(i.get_ldnumber)
    i.initElf                                0x0000552e   Section        0  loader.o(i.initElf)
    initElf                                  0x0000552f   Thumb Code   134  loader.o(i.initElf)
    i.init_spi                               0x000055b4   Section        0  edisk.o(i.init_spi)
    init_spi                                 0x000055b5   Thumb Code    32  edisk.o(i.init_spi)
    i.itoa                                   0x000055dc   Section        0  str-utils.o(i.itoa)
    i.jumpTo                                 0x0000563c   Section        0  loader.o(i.jumpTo)
    jumpTo                                   0x0000563d   Thumb Code    42  loader.o(i.jumpTo)
    i.ld_clust                               0x00005684   Section        0  ff.o(i.ld_clust)
    ld_clust                                 0x00005685   Thumb Code    32  ff.o(i.ld_clust)
    i.linkTCBs                               0x000056a4   Section        0  os.o(i.linkTCBs)
    linkTCBs                                 0x000056a5   Thumb Code    10  os.o(i.linkTCBs)
    i.loadProgram                            0x000056b0   Section        0  loader.o(i.loadProgram)
    loadProgram                              0x000056b1   Thumb Code   162  loader.o(i.loadProgram)
    i.loadSecData                            0x0000579c   Section        0  loader.o(i.loadSecData)
    loadSecData                              0x0000579d   Thumb Code   128  loader.o(i.loadSecData)
    i.loadSegData                            0x00005888   Section        0  loader.o(i.loadSegData)
    loadSegData                              0x00005889   Thumb Code   136  loader.o(i.loadSegData)
    i.loadSymbols                            0x0000597c   Section        0  loader.o(i.loadSymbols)
    loadSymbols                              0x0000597d   Thumb Code   118  loader.o(i.loadSymbols)
    i.main                                   0x00005a40   Section        0  lab5.o(i.main)
    i.mem_cmp                                0x00005a66   Section        0  ff.o(i.mem_cmp)
    mem_cmp                                  0x00005a67   Thumb Code    38  ff.o(i.mem_cmp)
    i.mem_cpy                                0x00005a8c   Section        0  ff.o(i.mem_cpy)
    mem_cpy                                  0x00005a8d   Thumb Code    26  ff.o(i.mem_cpy)
    i.mem_set                                0x00005aa6   Section        0  ff.o(i.mem_set)
    mem_set                                  0x00005aa7   Thumb Code    20  ff.o(i.mem_set)
    i.mergeFreeBlocks                        0x00005abc   Section        0  heap.o(i.mergeFreeBlocks)
    i.move_window                            0x00005b1c   Section        0  ff.o(i.move_window)
    move_window                              0x00005b1d   Thumb Code    52  ff.o(i.move_window)
    i.placeDynamic                           0x00005b50   Section        0  loader.o(i.placeDynamic)
    placeDynamic                             0x00005b51   Thumb Code   132  loader.o(i.placeDynamic)
    i.placeInfo                              0x00005bd4   Section        0  loader.o(i.placeInfo)
    placeInfo                                0x00005bd5   Thumb Code   256  loader.o(i.placeInfo)
    i.pushColor                              0x00005d28   Section        0  st7735.o(i.pushColor)
    pushColor                                0x00005d29   Thumb Code    18  st7735.o(i.pushColor)
    i.put_fat                                0x00005d3a   Section        0  ff.o(i.put_fat)
    i.rcvr_datablock                         0x00005e7c   Section        0  edisk.o(i.rcvr_datablock)
    rcvr_datablock                           0x00005e7d   Thumb Code    66  edisk.o(i.rcvr_datablock)
    i.rcvr_spi                               0x00005ec4   Section        0  edisk.o(i.rcvr_spi)
    rcvr_spi                                 0x00005ec5   Thumb Code    42  edisk.o(i.rcvr_spi)
    i.rcvr_spi_multi                         0x00005ef4   Section        0  edisk.o(i.rcvr_spi_multi)
    rcvr_spi_multi                           0x00005ef5   Thumb Code    24  edisk.o(i.rcvr_spi_multi)
    i.readSecHeader                          0x00005f0c   Section        0  loader.o(i.readSecHeader)
    readSecHeader                            0x00005f0d   Thumb Code    62  loader.o(i.readSecHeader)
    i.readSection                            0x00005f4a   Section        0  loader.o(i.readSection)
    readSection                              0x00005f4b   Thumb Code    58  loader.o(i.readSection)
    i.readSectionName                        0x00005f84   Section        0  loader.o(i.readSectionName)
    readSectionName                          0x00005f85   Thumb Code    68  loader.o(i.readSectionName)
    i.readSegHeader                          0x00005fc8   Section        0  loader.o(i.readSegHeader)
    readSegHeader                            0x00005fc9   Thumb Code    58  loader.o(i.readSegHeader)
    i.readSymbol                             0x00006002   Section        0  loader.o(i.readSymbol)
    readSymbol                               0x00006003   Thumb Code   114  loader.o(i.readSymbol)
    i.readSymbolName                         0x00006074   Section        0  loader.o(i.readSymbolName)
    readSymbolName                           0x00006075   Thumb Code    68  loader.o(i.readSymbolName)
    i.realmain                               0x000060b8   Section        0  lab5.o(i.realmain)
    i.relJmpCall                             0x0000614c   Section        0  loader.o(i.relJmpCall)
    relJmpCall                               0x0000614d   Thumb Code   170  loader.o(i.relJmpCall)
    i.relocate                               0x000061f8   Section        0  loader.o(i.relocate)
    relocate                                 0x000061f9   Thumb Code   170  loader.o(i.relocate)
    i.relocateProgram                        0x000062c4   Section        0  loader.o(i.relocateProgram)
    relocateProgram                          0x000062c5   Thumb Code    32  loader.o(i.relocateProgram)
    i.relocateSection                        0x00006304   Section        0  loader.o(i.relocateSection)
    relocateSection                          0x00006305   Thumb Code    66  loader.o(i.relocateSection)
    i.relocateSections                       0x00006388   Section        0  loader.o(i.relocateSections)
    relocateSections                         0x00006389   Thumb Code    48  loader.o(i.relocateSections)
    i.relocateSymbol                         0x000063d0   Section        0  loader.o(i.relocateSymbol)
    relocateSymbol                           0x000063d1   Thumb Code    56  loader.o(i.relocateSymbol)
    i.remove_chain                           0x00006408   Section        0  ff.o(i.remove_chain)
    remove_chain                             0x00006409   Thumb Code   108  ff.o(i.remove_chain)
    i.sectionOf                              0x00006474   Section        0  loader.o(i.sectionOf)
    sectionOf                                0x00006475   Thumb Code    70  loader.o(i.sectionOf)
    i.select                                 0x000064bc   Section        0  edisk.o(i.select)
    select                                   0x000064bd   Thumb Code    44  edisk.o(i.select)
    i.send_cmd                               0x000064ec   Section        0  edisk.o(i.send_cmd)
    send_cmd                                 0x000064ed   Thumb Code   150  edisk.o(i.send_cmd)
    i.setAddrWindow                          0x00006584   Section        0  st7735.o(i.setAddrWindow)
    setAddrWindow                            0x00006585   Thumb Code   106  st7735.o(i.setAddrWindow)
    i.set_bit_field_u32                      0x000065f8   Section        0  bit-utils.o(i.set_bit_field_u32)
    i.st_clust                               0x0000661e   Section        0  ff.o(i.st_clust)
    st_clust                                 0x0000661f   Thumb Code    16  ff.o(i.st_clust)
    i.sync_fs                                0x0000662e   Section        0  ff.o(i.sync_fs)
    sync_fs                                  0x0000662f   Thumb Code   200  ff.o(i.sync_fs)
    i.sync_window                            0x000066f6   Section        0  ff.o(i.sync_window)
    sync_window                              0x000066f7   Thumb Code    82  ff.o(i.sync_window)
    i.validate                               0x00006748   Section        0  ff.o(i.validate)
    validate                                 0x00006749   Thumb Code    54  ff.o(i.validate)
    i.wait_ready                             0x00006780   Section        0  edisk.o(i.wait_ready)
    wait_ready                               0x00006781   Thumb Code    42  edisk.o(i.wait_ready)
    i.writecommand                           0x000067b0   Section        0  st7735.o(i.writecommand)
    writecommand                             0x000067b1   Thumb Code    68  st7735.o(i.writecommand)
    i.writedata                              0x00006800   Section        0  st7735.o(i.writedata)
    writedata                                0x00006801   Thumb Code    70  st7735.o(i.writedata)
    i.xchg_spi                               0x00006854   Section        0  edisk.o(i.xchg_spi)
    xchg_spi                                 0x00006855   Thumb Code    50  edisk.o(i.xchg_spi)
    i.xmit_datablock                         0x0000688c   Section        0  edisk.o(i.xmit_datablock)
    xmit_datablock                           0x0000688d   Thumb Code    76  edisk.o(i.xmit_datablock)
    i.xmit_spi_multi                         0x000068d8   Section        0  edisk.o(i.xmit_spi_multi)
    xmit_spi_multi                           0x000068d9   Thumb Code    42  edisk.o(i.xmit_spi_multi)
    .constdata                               0x00006908   Section       88  lab5.o(.constdata)
    symtab                                   0x00006908   Data           8  lab5.o(.constdata)
    .constdata                               0x00006960   Section     1215  interpreter.o(.constdata)
    .constdata                               0x00006e20   Section     2114  st7735.o(.constdata)
    Font                                     0x00006e20   Data        1275  st7735.o(.constdata)
    Bcmd                                     0x0000731b   Data         103  st7735.o(.constdata)
    Rcmd1                                    0x00007382   Data          59  st7735.o(.constdata)
    Rcmd2green                               0x000073bd   Data          13  st7735.o(.constdata)
    Rcmd2red                                 0x000073ca   Data          13  st7735.o(.constdata)
    Rcmd3                                    0x000073d7   Data          43  st7735.o(.constdata)
    .constdata                               0x00007662   Section       44  ff.o(.constdata)
    vst                                      0x00007662   Data          22  ff.o(.constdata)
    cst                                      0x00007678   Data          22  ff.o(.constdata)
    .constdata                               0x00007690   Section       69  loader.o(.constdata)
    .constdata                               0x000076d5   Section      129  ctype_o.o(.constdata)
    .constdata                               0x00007758   Section        4  ctype_o.o(.constdata)
    table                                    0x00007758   Data           4  ctype_o.o(.constdata)
    .conststring                             0x0000775c   Section       15  lab5.o(.conststring)
    .data                                    0x20000000   Section       76  lab5.o(.data)
    .data                                    0x2000004c   Section        1  interpreter.o(.data)
    .data                                    0x20000050   Section       92  os.o(.data)
    Mailbox_Data                             0x200000a0   Data           4  os.o(.data)
    LastTime                                 0x200000a4   Data           4  os.o(.data)
    LastTime2                                0x200000a8   Data           4  os.o(.data)
    .data                                    0x200000ac   Section       44  st7735.o(.data)
    ColStart                                 0x200000b6   Data           1  st7735.o(.data)
    RowStart                                 0x200000b7   Data           1  st7735.o(.data)
    Rotation                                 0x200000b8   Data           1  st7735.o(.data)
    TabColor                                 0x200000b9   Data           1  st7735.o(.data)
    _width                                   0x200000ba   Data           2  st7735.o(.data)
    _height                                  0x200000bc   Data           2  st7735.o(.data)
    .data                                    0x200000d8   Section       16  uart0int.o(.data)
    .data                                    0x200000e8   Section        8  adct0atrigger.o(.data)
    .data                                    0x200000f0   Section       13  edisk.o(.data)
    Stat                                     0x200000f0   Data           1  edisk.o(.data)
    Timer1                                   0x200000f4   Data           4  edisk.o(.data)
    Timer2                                   0x200000f8   Data           4  edisk.o(.data)
    CardType                                 0x200000fc   Data           1  edisk.o(.data)
    .data                                    0x20000100   Section        6  ff.o(.data)
    FatFs                                    0x20000100   Data           4  ff.o(.data)
    Fsid                                     0x20000104   Data           2  ff.o(.data)
    .data                                    0x20000108   Section        4  errno.o(.data)
    _errno                                   0x20000108   Data           4  errno.o(.data)
    .bss                                     0x2000010c   Section     8192  heap.o(.bss)
    .bss                                     0x2000210c   Section     2236  os.o(.bss)
    Mailbox_DataValid                        0x20002920   Data          84  os.o(.bss)
    Mailbox_BoxFree                          0x20002974   Data          84  os.o(.bss)
    .bss                                     0x200029c8   Section      136  st7735.o(.bss)
    .bss                                     0x20002a50   Section     2048  uart0int.o(.bss)
    RxFifo                                   0x20002a50   Data        1024  uart0int.o(.bss)
    TxFifo                                   0x20002e50   Data        1024  uart0int.o(.bss)
    .bss                                     0x20003250   Section     1164  efile.o(.bss)
    g_sFatFs                                 0x20003250   Data         564  efile.o(.bss)
    d                                        0x20003484   Data          28  efile.o(.bss)
    f                                        0x200034a0   Data         548  efile.o(.bss)
    fi                                       0x200036c4   Data          24  efile.o(.bss)
    .bss                                     0x200036dc   Section      672  loader.o(.bss)
    fd                                       0x200036dc   Data         548  loader.o(.bss)
    exec                                     0x20003900   Data         124  loader.o(.bss)
    STACK                                    0x20003980   Section     1024  startup.o(STACK)
    StackMem                                 0x20003980   Data           0  startup.o(STACK)

    Global Symbols

    Symbol Name                              Value     Ov Type        Size  Object(Section)

    BuildAttributes$$THM_ISAv4$E$P$D$K$B$S$7EM$PE$A:L22UL41UL21$X:L11$S22US41US21$IEEE1$IW$USESV6$~STKCKD$USESV7$~SHL$OTIME$ROPI$EBA8$MICROLIB$REQ8$PRES8$EABIv2 0x00000000   Number         0  anon$$obj.o ABSOLUTE
    __ARM_use_no_argv                        0x00000000   Number         0  lab5.o ABSOLUTE
    __Vectors                                0x00000000   Data           0  startup.o(RESET)
    __arm_fini_                               - Undefined Weak Reference
    __cpp_initialize__aeabi_                  - Undefined Weak Reference
    __cxa_finalize                            - Undefined Weak Reference
    __decompress                              - Undefined Weak Reference
    _clock_init                               - Undefined Weak Reference
    _microlib_exit                            - Undefined Weak Reference
    Reset_Handler                            0x0000026d   Thumb Code     0  startup.o(RESET)
    NMI_Handler                              0x00000271   Thumb Code     2  startup.o(RESET)
    HardFault_Handler                        0x00000273   Thumb Code     2  startup.o(RESET)
    MemManage_Handler                        0x00000275   Thumb Code     2  startup.o(RESET)
    BusFault_Handler                         0x00000277   Thumb Code     2  startup.o(RESET)
    UsageFault_Handler                       0x00000279   Thumb Code     2  startup.o(RESET)
    DebugMon_Handler                         0x0000027d   Thumb Code     2  startup.o(RESET)
    ADC0Seq1_Handler                         0x00000283   Thumb Code     0  startup.o(RESET)
    ADC0Seq2_Handler                         0x00000283   Thumb Code     0  startup.o(RESET)
    ADC1Seq0_Handler                         0x00000283   Thumb Code     0  startup.o(RESET)
    ADC1Seq1_Handler                         0x00000283   Thumb Code     0  startup.o(RESET)
    ADC1Seq2_Handler                         0x00000283   Thumb Code     0  startup.o(RESET)
    ADC1Seq3_Handler                         0x00000283   Thumb Code     0  startup.o(RESET)
    CAN0_Handler                             0x00000283   Thumb Code     0  startup.o(RESET)
    CAN1_Handler                             0x00000283   Thumb Code     0  startup.o(RESET)
    CAN2_Handler                             0x00000283   Thumb Code     0  startup.o(RESET)
    Comp0_Handler                            0x00000283   Thumb Code     0  startup.o(RESET)
    Comp1_Handler                            0x00000283   Thumb Code     0  startup.o(RESET)
    Comp2_Handler                            0x00000283   Thumb Code     0  startup.o(RESET)
    Ethernet_Handler                         0x00000283   Thumb Code     0  startup.o(RESET)
    ExtBus_Handler                           0x00000283   Thumb Code     0  startup.o(RESET)
    FPU_Handler                              0x00000283   Thumb Code     0  startup.o(RESET)
    Fan0_Handler                             0x00000283   Thumb Code     0  startup.o(RESET)
    FlashCtl_Handler                         0x00000283   Thumb Code     0  startup.o(RESET)
    GPIOPortA_Handler                        0x00000283   Thumb Code     0  startup.o(RESET)
    GPIOPortB_Handler                        0x00000283   Thumb Code     0  startup.o(RESET)
    GPIOPortC_Handler                        0x00000283   Thumb Code     0  startup.o(RESET)
    GPIOPortD_Handler                        0x00000283   Thumb Code     0  startup.o(RESET)
    GPIOPortE_Handler                        0x00000283   Thumb Code     0  startup.o(RESET)
    GPIOPortG_Handler                        0x00000283   Thumb Code     0  startup.o(RESET)
    GPIOPortH_Handler                        0x00000283   Thumb Code     0  startup.o(RESET)
    GPIOPortJ_Handler                        0x00000283   Thumb Code     0  startup.o(RESET)
    GPIOPortK_Handler                        0x00000283   Thumb Code     0  startup.o(RESET)
    GPIOPortL_Handler                        0x00000283   Thumb Code     0  startup.o(RESET)
    GPIOPortM_Handler                        0x00000283   Thumb Code     0  startup.o(RESET)
    GPIOPortN_Handler                        0x00000283   Thumb Code     0  startup.o(RESET)
    GPIOPortP1_Handler                       0x00000283   Thumb Code     0  startup.o(RESET)
    GPIOPortP2_Handler                       0x00000283   Thumb Code     0  startup.o(RESET)
    GPIOPortP3_Handler                       0x00000283   Thumb Code     0  startup.o(RESET)
    GPIOPortP4_Handler                       0x00000283   Thumb Code     0  startup.o(RESET)
    GPIOPortP5_Handler                       0x00000283   Thumb Code     0  startup.o(RESET)
    GPIOPortP6_Handler                       0x00000283   Thumb Code     0  startup.o(RESET)
    GPIOPortP7_Handler                       0x00000283   Thumb Code     0  startup.o(RESET)
    GPIOPortP_Handler                        0x00000283   Thumb Code     0  startup.o(RESET)
    GPIOPortQ1_Handler                       0x00000283   Thumb Code     0  startup.o(RESET)
    GPIOPortQ2_Handler                       0x00000283   Thumb Code     0  startup.o(RESET)
    GPIOPortQ3_Handler                       0x00000283   Thumb Code     0  startup.o(RESET)
    GPIOPortQ4_Handler                       0x00000283   Thumb Code     0  startup.o(RESET)
    GPIOPortQ5_Handler                       0x00000283   Thumb Code     0  startup.o(RESET)
    GPIOPortQ6_Handler                       0x00000283   Thumb Code     0  startup.o(RESET)
    GPIOPortQ7_Handler                       0x00000283   Thumb Code     0  startup.o(RESET)
    GPIOPortQ_Handler                        0x00000283   Thumb Code     0  startup.o(RESET)
    GPIOPortR_Handler                        0x00000283   Thumb Code     0  startup.o(RESET)
    GPIOPortS_Handler                        0x00000283   Thumb Code     0  startup.o(RESET)
    Hibernate_Handler                        0x00000283   Thumb Code     0  startup.o(RESET)
    I2C0_Handler                             0x00000283   Thumb Code     0  startup.o(RESET)
    I2C1_Handler                             0x00000283   Thumb Code     0  startup.o(RESET)
    I2C2_Handler                             0x00000283   Thumb Code     0  startup.o(RESET)
    I2C3_Handler                             0x00000283   Thumb Code     0  startup.o(RESET)
    I2C4_Handler                             0x00000283   Thumb Code     0  startup.o(RESET)
    I2C5_Handler                             0x00000283   Thumb Code     0  startup.o(RESET)
    I2S0_Handler                             0x00000283   Thumb Code     0  startup.o(RESET)
    LPC0_Handler                             0x00000283   Thumb Code     0  startup.o(RESET)
    PECI0_Handler                            0x00000283   Thumb Code     0  startup.o(RESET)
    PWM0Fault_Handler                        0x00000283   Thumb Code     0  startup.o(RESET)
    PWM0Generator0_Handler                   0x00000283   Thumb Code     0  startup.o(RESET)
    PWM0Generator1_Handler                   0x00000283   Thumb Code     0  startup.o(RESET)
    PWM0Generator2_Handler                   0x00000283   Thumb Code     0  startup.o(RESET)
    PWM0Generator3_Handler                   0x00000283   Thumb Code     0  startup.o(RESET)
    PWM1Fault_Handler                        0x00000283   Thumb Code     0  startup.o(RESET)
    PWM1Generator0_Handler                   0x00000283   Thumb Code     0  startup.o(RESET)
    PWM1Generator1_Handler                   0x00000283   Thumb Code     0  startup.o(RESET)
    PWM1Generator2_Handler                   0x00000283   Thumb Code     0  startup.o(RESET)
    PWM1Generator3_Handler                   0x00000283   Thumb Code     0  startup.o(RESET)
    Quadrature0_Handler                      0x00000283   Thumb Code     0  startup.o(RESET)
    Quadrature1_Handler                      0x00000283   Thumb Code     0  startup.o(RESET)
    Quadrature2_Handler                      0x00000283   Thumb Code     0  startup.o(RESET)
    SSI0_Handler                             0x00000283   Thumb Code     0  startup.o(RESET)
    SSI1_Handler                             0x00000283   Thumb Code     0  startup.o(RESET)
    SSI2_Handler                             0x00000283   Thumb Code     0  startup.o(RESET)
    SSI3_Handler                             0x00000283   Thumb Code     0  startup.o(RESET)
    SysCtl_Handler                           0x00000283   Thumb Code     0  startup.o(RESET)
    Timer0A_Handler                          0x00000283   Thumb Code     0  startup.o(RESET)
    Timer0B_Handler                          0x00000283   Thumb Code     0  startup.o(RESET)
    Timer1A_Handler                          0x00000283   Thumb Code     0  startup.o(RESET)
    Timer1B_Handler                          0x00000283   Thumb Code     0  startup.o(RESET)
    Timer2A_Handler                          0x00000283   Thumb Code     0  startup.o(RESET)
    Timer2B_Handler                          0x00000283   Thumb Code     0  startup.o(RESET)
    Timer3A_Handler                          0x00000283   Thumb Code     0  startup.o(RESET)
    Timer3B_Handler                          0x00000283   Thumb Code     0  startup.o(RESET)
    Timer4A_Handler                          0x00000283   Thumb Code     0  startup.o(RESET)
    Timer4B_Handler                          0x00000283   Thumb Code     0  startup.o(RESET)
    Timer5A_Handler                          0x00000283   Thumb Code     0  startup.o(RESET)
    Timer5B_Handler                          0x00000283   Thumb Code     0  startup.o(RESET)
    UART1_Handler                            0x00000283   Thumb Code     0  startup.o(RESET)
    UART2_Handler                            0x00000283   Thumb Code     0  startup.o(RESET)
    UART3_Handler                            0x00000283   Thumb Code     0  startup.o(RESET)
    UART4_Handler                            0x00000283   Thumb Code     0  startup.o(RESET)
    UART5_Handler                            0x00000283   Thumb Code     0  startup.o(RESET)
    UART6_Handler                            0x00000283   Thumb Code     0  startup.o(RESET)
    UART7_Handler                            0x00000283   Thumb Code     0  startup.o(RESET)
    USB0_Handler                             0x00000283   Thumb Code     0  startup.o(RESET)
    WDT_Handler                              0x00000283   Thumb Code     0  startup.o(RESET)
    WideTimer0A_Handler                      0x00000283   Thumb Code     0  startup.o(RESET)
    WideTimer0B_Handler                      0x00000283   Thumb Code     0  startup.o(RESET)
    WideTimer1A_Handler                      0x00000283   Thumb Code     0  startup.o(RESET)
    WideTimer1B_Handler                      0x00000283   Thumb Code     0  startup.o(RESET)
    WideTimer2A_Handler                      0x00000283   Thumb Code     0  startup.o(RESET)
    WideTimer2B_Handler                      0x00000283   Thumb Code     0  startup.o(RESET)
    WideTimer3A_Handler                      0x00000283   Thumb Code     0  startup.o(RESET)
    WideTimer3B_Handler                      0x00000283   Thumb Code     0  startup.o(RESET)
    WideTimer4A_Handler                      0x00000283   Thumb Code     0  startup.o(RESET)
    WideTimer4B_Handler                      0x00000283   Thumb Code     0  startup.o(RESET)
    WideTimer5A_Handler                      0x00000283   Thumb Code     0  startup.o(RESET)
    WideTimer5B_Handler                      0x00000283   Thumb Code     0  startup.o(RESET)
    uDMA_Error                               0x00000283   Thumb Code     0  startup.o(RESET)
    uDMA_Handler                             0x00000283   Thumb Code     0  startup.o(RESET)
    __main                                   0x00000285   Thumb Code     0  entry.o(.ARM.Collect$$$$00000000)
    _main_stk                                0x00000285   Thumb Code     0  entry2.o(.ARM.Collect$$$$00000001)
    _main_scatterload                        0x00000289   Thumb Code     0  entry5.o(.ARM.Collect$$$$00000004)
    __main_after_scatterload                 0x0000028d   Thumb Code     0  entry5.o(.ARM.Collect$$$$00000004)
    _main_clock                              0x0000028d   Thumb Code     0  entry7b.o(.ARM.Collect$$$$00000008)
    _main_cpp_init                           0x0000028d   Thumb Code     0  entry8b.o(.ARM.Collect$$$$0000000A)
    _main_init                               0x0000028d   Thumb Code     0  entry9a.o(.ARM.Collect$$$$0000000B)
    __rt_lib_shutdown_fini                   0x00000295   Thumb Code     0  entry12b.o(.ARM.Collect$$$$0000000E)
    __rt_final_cpp                           0x00000299   Thumb Code     0  entry10a.o(.ARM.Collect$$$$0000000F)
    __rt_final_exit                          0x00000299   Thumb Code     0  entry11a.o(.ARM.Collect$$$$00000011)
    DisableInterrupts                        0x0000029d   Thumb Code     0  startup.o(.text)
    EnableInterrupts                         0x000002a1   Thumb Code     0  startup.o(.text)
    StartCritical                            0x000002a5   Thumb Code     0  startup.o(.text)
    EndCritical                              0x000002ad   Thumb Code     0  startup.o(.text)
    WaitForInterrupt                         0x000002b3   Thumb Code     0  startup.o(.text)
    StartOS                                  0x000002b9   Thumb Code     0  osasm_keil.o(.text)
    ContextSwitch                            0x000002d9   Thumb Code     0  osasm_keil.o(.text)
    PendSV_Handler                           0x000002e3   Thumb Code     0  osasm_keil.o(.text)
    SVC_Handler                              0x00000303   Thumb Code     0  osasm_keil.o(.text)
    __aeabi_memcpy                           0x0000033d   Thumb Code    36  memcpya.o(.text)
    __aeabi_memcpy4                          0x0000033d   Thumb Code     0  memcpya.o(.text)
    __aeabi_memcpy8                          0x0000033d   Thumb Code     0  memcpya.o(.text)
    __aeabi_memset                           0x00000361   Thumb Code    14  memseta.o(.text)
    __aeabi_memset4                          0x00000361   Thumb Code     0  memseta.o(.text)
    __aeabi_memset8                          0x00000361   Thumb Code     0  memseta.o(.text)
    __aeabi_memclr                           0x0000036f   Thumb Code     4  memseta.o(.text)
    __aeabi_memclr4                          0x0000036f   Thumb Code     0  memseta.o(.text)
    __aeabi_memclr8                          0x0000036f   Thumb Code     0  memseta.o(.text)
    _memset$wrapper                          0x00000373   Thumb Code    18  memseta.o(.text)
    strcmp                                   0x00000385   Thumb Code    28  strcmp.o(.text)
    strtol                                   0x000003a1   Thumb Code   112  strtol.o(.text)
    __aeabi_fmul                             0x00000411   Thumb Code   100  fmul.o(.text)
    __aeabi_dmul                             0x00000475   Thumb Code   228  dmul.o(.text)
    __aeabi_ddiv                             0x00000559   Thumb Code   222  ddiv.o(.text)
    __aeabi_ui2f                             0x00000637   Thumb Code    10  ffltui.o(.text)
    __aeabi_f2iz                             0x00000641   Thumb Code    50  ffixi.o(.text)
    __aeabi_f2d                              0x00000673   Thumb Code    38  f2d.o(.text)
    __aeabi_d2f                              0x00000699   Thumb Code    56  d2f.o(.text)
    __rt_ctype_table                         0x000006d1   Thumb Code     4  ctype_o.o(.text)
    _strtoul                                 0x000006d9   Thumb Code   158  _strtoul.o(.text)
    __I$use$fp                               0x00000777   Thumb Code     0  iusefp.o(.text)
    _float_round                             0x00000777   Thumb Code    18  fepilogue.o(.text)
    _float_epilogue                          0x00000789   Thumb Code    92  fepilogue.o(.text)
    _double_round                            0x000007e5   Thumb Code    30  depilogue.o(.text)
    _double_epilogue                         0x00000803   Thumb Code   156  depilogue.o(.text)
    __scatterload                            0x000008a1   Thumb Code    28  init.o(.text)
    __scatterload_rt2                        0x000008a1   Thumb Code     0  init.o(.text)
    __aeabi_llsl                             0x000008c5   Thumb Code    30  llshl.o(.text)
    _ll_shift_l                              0x000008c5   Thumb Code     0  llshl.o(.text)
    __aeabi_llsr                             0x000008e3   Thumb Code    32  llushr.o(.text)
    _ll_ushift_r                             0x000008e3   Thumb Code     0  llushr.o(.text)
    _chval                                   0x00000903   Thumb Code    28  _chval.o(.text)
    ADC0Seq0_Handler                         0x00000921   Thumb Code    26  adct0atrigger.o(i.ADC0Seq0_Handler)
    ADC0Seq3_Handler                         0x00000945   Thumb Code    18  adct0atrigger.o(i.ADC0Seq3_Handler)
    ADC_In                                   0x00000961   Thumb Code    38  adc.o(i.ADC_In)
    ADC_In_Voltage                           0x0000098d   Thumb Code    72  adc.o(i.ADC_In_Voltage)
    ADC_Init                                 0x000009dd   Thumb Code   476  adc.o(i.ADC_Init)
    ButtonWork                               0x00000be1   Thumb Code   118  lab5.o(i.ButtonWork)
    ButtonWork2                              0x00000c9d   Thumb Code    20  lab5.o(i.ButtonWork2)
    CS_Init                                  0x00000cd1   Thumb Code   118  edisk.o(i.CS_Init)
    Delay1ms                                 0x00000d5d   Thumb Code    32  st7735.o(i.Delay1ms)
    GPIOPortF_Handler                        0x00000d7d   Thumb Code    80  os.o(i.GPIOPortF_Handler)
    GPIO_ClearInterruptStatus                0x00000de1   Thumb Code   148  gpio.o(i.GPIO_ClearInterruptStatus)
    GPIO_EnableEdgeInterrupt                 0x00000e8d   Thumb Code  1006  gpio.o(i.GPIO_EnableEdgeInterrupt)
    GPIO_Initialize                          0x000012ad   Thumb Code    34  gpio.o(i.GPIO_Initialize)
    GPIO_PortFHandler                        0x000012dd   Thumb Code     8  gpio.o(i.GPIO_PortFHandler)
    Heap_Free                                0x000012e5   Thumb Code    66  heap.o(i.Heap_Free)
    Heap_Init                                0x0000132d   Thumb Code    24  heap.o(i.Heap_Init)
    Heap_Malloc                              0x00001349   Thumb Code   108  heap.o(i.Heap_Malloc)
    Heap_Stats                               0x000013b9   Thumb Code    92  heap.o(i.Heap_Stats)
    Idle                                     0x00001419   Thumb Code    36  lab5.o(i.Idle)
    Interpreter                              0x00001445   Thumb Code   110  interpreter.o(i.Interpreter)
    Interpreter_Parse                        0x000014c1   Thumb Code   794  interpreter.o(i.Interpreter_Parse)
    Interrupt_Enable                         0x0000186d   Thumb Code    58  interrupt.o(i.Interrupt_Enable)
    Interrupt_SetPriority                    0x000018ad   Thumb Code    82  interrupt.o(i.Interrupt_SetPriority)
    Interrupt_SetSystemPriority              0x00001905   Thumb Code    86  interrupt.o(i.Interrupt_SetSystemPriority)
    LOADER_CLEAR                             0x00001961   Thumb Code    24  loader.o(i.LOADER_CLEAR)
    LOADER_OPEN_FOR_RD                       0x00001979   Thumb Code    24  loader.o(i.LOADER_OPEN_FOR_RD)
    LOADER_READ                              0x00001995   Thumb Code    30  loader.o(i.LOADER_READ)
    Launchpad_PortFInitialize                0x000019b5   Thumb Code    42  launchpad.o(i.Launchpad_PortFInitialize)
    LoadProgram                              0x000019e9   Thumb Code    36  lab5.o(i.LoadProgram)
    OS_AddPeriodicThread                     0x00001a25   Thumb Code    72  os.o(i.OS_AddPeriodicThread)
    OS_AddProcess                            0x00001a7d   Thumb Code   130  os.o(i.OS_AddProcess)
    OS_AddSW1Task                            0x00001b09   Thumb Code    38  os.o(i.OS_AddSW1Task)
    OS_AddSW2Task                            0x00001b35   Thumb Code    38  os.o(i.OS_AddSW2Task)
    OS_AddThread                             0x00001b61   Thumb Code    32  os.o(i.OS_AddThread)
    OS_AddThreadFull                         0x00001b85   Thumb Code   494  os.o(i.OS_AddThreadFull)
    OS_CallBackgroundTask                    0x00001d89   Thumb Code   232  os.o(i.OS_CallBackgroundTask)
    OS_ClearMsTime                           0x00001ea5   Thumb Code    20  os.o(i.OS_ClearMsTime)
    OS_Id                                    0x00001ec1   Thumb Code     8  os.o(i.OS_Id)
    OS_Init                                  0x00001ecd   Thumb Code    92  os.o(i.OS_Init)
    OS_InitSemaphore                         0x00001f41   Thumb Code    40  os.o(i.OS_InitSemaphore)
    OS_Kill                                  0x00001f69   Thumb Code    84  os.o(i.OS_Kill)
    OS_Launch                                0x00001fc1   Thumb Code    32  os.o(i.OS_Launch)
    OS_MsTime                                0x00001fe9   Thumb Code     6  os.o(i.OS_MsTime)
    OS_Scheduler                             0x00001ff5   Thumb Code   278  os.o(i.OS_Scheduler)
    OS_Signal                                0x00002115   Thumb Code   106  os.o(i.OS_Signal)
    OS_Sleep                                 0x00002185   Thumb Code    28  os.o(i.OS_Sleep)
    OS_Suspend                               0x000021a5   Thumb Code    46  os.o(i.OS_Suspend)
    OS_Time                                  0x000021dd   Thumb Code     6  os.o(i.OS_Time)
    OS_TimeDifference                        0x000021e9   Thumb Code    14  os.o(i.OS_TimeDifference)
    OS_UpdateSleep                           0x000021f9   Thumb Code    34  os.o(i.OS_UpdateSleep)
    OS_Wait                                  0x00002221   Thumb Code   118  os.o(i.OS_Wait)
    PLL_Init                                 0x0000229d   Thumb Code   120  pll.o(i.PLL_Init)
    PortD_Init                               0x00002319   Thumb Code    88  lab5.o(i.PortD_Init)
    RxFifo_Get                               0x00002381   Thumb Code    46  uart0int.o(i.RxFifo_Get)
    RxFifo_Init                              0x000023bd   Thumb Code    12  uart0int.o(i.RxFifo_Init)
    RxFifo_Put                               0x000023d1   Thumb Code    48  uart0int.o(i.RxFifo_Put)
    RxFifo_Size                              0x0000240d   Thumb Code    14  uart0int.o(i.RxFifo_Size)
    SSI0_Init                                0x00002425   Thumb Code   302  edisk.o(i.SSI0_Init)
    ST7735_ClearLine                         0x00002571   Thumb Code    38  st7735.o(i.ST7735_ClearLine)
    ST7735_DrawCharS                         0x00002599   Thumb Code   236  st7735.o(i.ST7735_DrawCharS)
    ST7735_DrawPixel                         0x00002691   Thumb Code    64  st7735.o(i.ST7735_DrawPixel)
    ST7735_DrawString                        0x000026d9   Thumb Code    86  st7735.o(i.ST7735_DrawString)
    ST7735_FillRect                          0x00002731   Thumb Code   164  st7735.o(i.ST7735_FillRect)
    ST7735_FillScreen                        0x000027dd   Thumb Code    28  st7735.o(i.ST7735_FillScreen)
    ST7735_InitR                             0x00002801   Thumb Code    98  st7735.o(i.ST7735_InitR)
    ST7735_Message                           0x00002889   Thumb Code   110  st7735.o(i.ST7735_Message)
    ST7735_SetCursor                         0x00002901   Thumb Code    22  st7735.o(i.ST7735_SetCursor)
    SVC_Handler_C                            0x00002921   Thumb Code    42  os.o(i.SVC_Handler_C)
    SW1Push                                  0x00002961   Thumb Code    44  lab5.o(i.SW1Push)
    SW2Push                                  0x00002995   Thumb Code    44  lab5.o(i.SW2Push)
    SysTick_Handler                          0x000029c9   Thumb Code    12  timers.o(i.SysTick_Handler)
    SysTick_Init                             0x000029d5   Thumb Code    36  timers.o(i.SysTick_Init)
    Timer0IntHandler                         0x000029f9   Thumb Code    22  timers.o(i.Timer0IntHandler)
    Timer1Init                               0x00002a15   Thumb Code   126  timers.o(i.Timer1Init)
    Timer1IntHandler                         0x00002a9d   Thumb Code    28  timers.o(i.Timer1IntHandler)
    Timer2Init                               0x00002abd   Thumb Code   126  timers.o(i.Timer2Init)
    Timer2IntHandler                         0x00002b45   Thumb Code    28  timers.o(i.Timer2IntHandler)
    Timer3Init                               0x00002b65   Thumb Code   126  timers.o(i.Timer3Init)
    Timer3IntHandler                         0x00002bed   Thumb Code    44  timers.o(i.Timer3IntHandler)
    Timer4Init                               0x00002c21   Thumb Code   110  timers.o(i.Timer4Init)
    TxFifo_Get                               0x00002c99   Thumb Code    46  uart0int.o(i.TxFifo_Get)
    TxFifo_Init                              0x00002cd5   Thumb Code    12  uart0int.o(i.TxFifo_Init)
    TxFifo_Put                               0x00002ce9   Thumb Code    48  uart0int.o(i.TxFifo_Put)
    TxFifo_Size                              0x00002d25   Thumb Code    14  uart0int.o(i.TxFifo_Size)
    UART0_Handler                            0x00002d3d   Thumb Code    82  uart0int.o(i.UART0_Handler)
    UART_InCharNonBlock                      0x00002d95   Thumb Code    20  uart0int.o(i.UART_InCharNonBlock)
    UART_Init                                0x00002da9   Thumb Code   174  uart0int.o(i.UART_Init)
    UART_OutChar                             0x00002e71   Thumb Code    46  uart0int.o(i.UART_OutChar)
    UART_OutCharNonBlock                     0x00002ea5   Thumb Code    46  uart0int.o(i.UART_OutCharNonBlock)
    UART_OutString                           0x00002ed9   Thumb Code    24  uart0int.o(i.UART_OutString)
    UART_OutStringNonBlock                   0x00002ef1   Thumb Code    24  uart-utils.o(i.UART_OutStringNonBlock)
    __aeabi_errno_addr                       0x00002f09   Thumb Code     4  errno.o(i.__aeabi_errno_addr)
    __rt_errno_addr                          0x00002f09   Thumb Code     0  errno.o(i.__aeabi_errno_addr)
    __scatterload_copy                       0x00002f11   Thumb Code    14  handlers.o(i.__scatterload_copy)
    __scatterload_null                       0x00002f1f   Thumb Code     2  handlers.o(i.__scatterload_null)
    __scatterload_zeroinit                   0x00002f21   Thumb Code    14  handlers.o(i.__scatterload_zeroinit)
    clust2sect                               0x00003031   Thumb Code    26  ff.o(i.clust2sect)
    disk_ioctl                               0x0000386d   Thumb Code   544  edisk.o(i.disk_ioctl)
    disk_timerproc                           0x00003a95   Thumb Code    52  edisk.o(i.disk_timerproc)
    eDisk_Init                               0x00003ad9   Thumb Code   330  edisk.o(i.eDisk_Init)
    eDisk_Read                               0x00003c35   Thumb Code   136  edisk.o(i.eDisk_Read)
    eDisk_Status                             0x00003cc5   Thumb Code    14  edisk.o(i.eDisk_Status)
    eDisk_Write                              0x00003cd9   Thumb Code   170  edisk.o(i.eDisk_Write)
    eFile_Create                             0x00003d8d   Thumb Code    42  efile.o(i.eFile_Create)
    eFile_Delete                             0x00003dc1   Thumb Code    38  efile.o(i.eFile_Delete)
    eFile_Format                             0x00003ded   Thumb Code    40  efile.o(i.eFile_Format)
    eFile_Init                               0x00003e1d   Thumb Code     4  efile.o(i.eFile_Init)
    eFile_Mount                              0x00003e21   Thumb Code    40  efile.o(i.eFile_Mount)
    eFile_RClose                             0x00003e55   Thumb Code    36  efile.o(i.eFile_RClose)
    eFile_ROpen                              0x00003e81   Thumb Code    42  efile.o(i.eFile_ROpen)
    eFile_ReadNext                           0x00003eb5   Thumb Code    50  efile.o(i.eFile_ReadNext)
    eFile_WClose                             0x00003ef1   Thumb Code    36  efile.o(i.eFile_WClose)
    eFile_WOpen                              0x00003f1d   Thumb Code    42  efile.o(i.eFile_WOpen)
    eFile_Write                              0x00003f51   Thumb Code    50  efile.o(i.eFile_Write)
    exec_elf                                 0x00003f8d   Thumb Code   184  loader.o(i.exec_elf)
    f_close                                  0x00004075   Thumb Code    32  ff.o(i.f_close)
    f_lseek                                  0x00004095   Thumb Code   382  ff.o(i.f_lseek)
    f_mkfs                                   0x00004215   Thumb Code  1582  ff.o(i.f_mkfs)
    f_mount                                  0x0000485d   Thumb Code    86  ff.o(i.f_mount)
    f_open                                   0x000048b9   Thumb Code   352  ff.o(i.f_open)
    f_read                                   0x00004a1d   Thumb Code   416  ff.o(i.f_read)
    f_sync                                   0x00004bbd   Thumb Code   172  ff.o(i.f_sync)
    f_unlink                                 0x00004c6d   Thumb Code   190  ff.o(i.f_unlink)
    f_write                                  0x00004d2b   Thumb Code   472  ff.o(i.f_write)
    generate_bit_mask_u32                    0x0000536d   Thumb Code    30  bit-utils.o(i.generate_bit_mask_u32)
    getNextToken                             0x0000538b   Thumb Code    66  interpreter.o(i.getNextToken)
    getNextTokenAsInt                        0x000053cd   Thumb Code    38  interpreter.o(i.getNextTokenAsInt)
    get_fat                                  0x000053f3   Thumb Code   242  ff.o(i.get_fat)
    itoa                                     0x000055dd   Thumb Code    96  str-utils.o(i.itoa)
    main                                     0x00005a41   Thumb Code    38  lab5.o(i.main)
    mergeFreeBlocks                          0x00005abd   Thumb Code    90  heap.o(i.mergeFreeBlocks)
    put_fat                                  0x00005d3b   Thumb Code   322  ff.o(i.put_fat)
    realmain                                 0x000060b9   Thumb Code   110  lab5.o(i.realmain)
    set_bit_field_u32                        0x000065f9   Thumb Code    38  bit-utils.o(i.set_bit_field_u32)
    string1                                  0x00006910   Data          12  lab5.o(.constdata)
    string2_1                                0x0000691c   Data          13  lab5.o(.constdata)
    string2_2                                0x00006929   Data           7  lab5.o(.constdata)
    string3                                  0x00006930   Data          19  lab5.o(.constdata)
    string4                                  0x00006943   Data          19  lab5.o(.constdata)
    help                                     0x00006960   Data         725  interpreter.o(.constdata)
    str_lcd                                  0x00006c35   Data           4  interpreter.o(.constdata)
    str_adc                                  0x00006c39   Data           4  interpreter.o(.constdata)
    str_numcreated                           0x00006c3d   Data          11  interpreter.o(.constdata)
    str_maxjitter                            0x00006c48   Data          10  interpreter.o(.constdata)
    str_ls                                   0x00006c52   Data           3  interpreter.o(.constdata)
    str_format                               0x00006c55   Data           7  interpreter.o(.constdata)
    str_read                                 0x00006c5c   Data           5  interpreter.o(.constdata)
    str_rm                                   0x00006c61   Data           3  interpreter.o(.constdata)
    str_wopen                                0x00006c64   Data           6  interpreter.o(.constdata)
    str_write                                0x00006c6a   Data           6  interpreter.o(.constdata)
    str_wclose                               0x00006c70   Data           7  interpreter.o(.constdata)
    str_create                               0x00006c77   Data           7  interpreter.o(.constdata)
    str_wspam                                0x00006c7e   Data           6  interpreter.o(.constdata)
    str_newline                              0x00006c84   Data           3  interpreter.o(.constdata)
    msg_format_success                       0x00006c87   Data          33  interpreter.o(.constdata)
    msg_format_fail                          0x00006ca8   Data          24  interpreter.o(.constdata)
    msg_read_fail                            0x00006cc0   Data          34  interpreter.o(.constdata)
    msg_delete_fail                          0x00006ce2   Data          24  interpreter.o(.constdata)
    msg_delete_success                       0x00006cfa   Data          28  interpreter.o(.constdata)
    msg_wopen_success                        0x00006d16   Data          39  interpreter.o(.constdata)
    msg_wopen_fail                           0x00006d3d   Data          34  interpreter.o(.constdata)
    msg_write_fail                           0x00006d5f   Data          23  interpreter.o(.constdata)
    msg_write_success                        0x00006d76   Data          21  interpreter.o(.constdata)
    msg_wclose_success                       0x00006d8b   Data          40  interpreter.o(.constdata)
    msg_wclose_fail                          0x00006db3   Data          36  interpreter.o(.constdata)
    msg_create_success                       0x00006dd7   Data          28  interpreter.o(.constdata)
    msg_create_fail                          0x00006df3   Data          24  interpreter.o(.constdata)
    msg_spam_success                         0x00006e0b   Data          20  interpreter.o(.constdata)
    smallCircle                              0x00007402   Data          36  st7735.o(.constdata)
    circle                                   0x00007426   Data          60  st7735.o(.constdata)
    dBfs                                     0x00007462   Data         512  st7735.o(.constdata)
    __ctype_table                            0x000076d5   Data         129  ctype_o.o(.constdata)
    Region$$Table$$Base                      0x0000776c   Number         0  anon$$obj.o(Region$$Table)
    Region$$Table$$Limit                     0x0000778c   Number         0  anon$$obj.o(Region$$Table)
    NumCreated                               0x20000000   Data           4  lab5.o(.data)
    IdleCount                                0x20000004   Data           4  lab5.o(.data)
    FileTestRunning                          0x20000008   Data           4  lab5.o(.data)
    Count1                                   0x2000000c   Data           4  lab5.o(.data)
    Count2                                   0x20000010   Data           4  lab5.o(.data)
    Count3                                   0x20000014   Data           4  lab5.o(.data)
    ptr                                      0x20000018   Data           4  lab5.o(.data)
    p1                                       0x2000001c   Data           4  lab5.o(.data)
    p2                                       0x20000020   Data           4  lab5.o(.data)
    p3                                       0x20000024   Data           4  lab5.o(.data)
    q1                                       0x20000028   Data           4  lab5.o(.data)
    q2                                       0x2000002c   Data           4  lab5.o(.data)
    q3                                       0x20000030   Data           4  lab5.o(.data)
    q4                                       0x20000034   Data           4  lab5.o(.data)
    q5                                       0x20000038   Data           4  lab5.o(.data)
    q6                                       0x2000003c   Data           4  lab5.o(.data)
    maxBlockSize                             0x20000040   Data           2  lab5.o(.data)
    bigBlock                                 0x20000044   Data           4  lab5.o(.data)
    line                                     0x20000048   Data           4  lab5.o(.data)
    printed_Prompt                           0x2000004c   Data           1  interpreter.o(.data)
    BackgroundPeriodicTask1                  0x20000050   Data           4  os.o(.data)
    BackgroundPeriodicTask2                  0x20000054   Data           4  os.o(.data)
    SW1Task                                  0x20000058   Data           4  os.o(.data)
    SW2Task                                  0x2000005c   Data           4  os.o(.data)
    MaxJitter                                0x20000060   Data           4  os.o(.data)
    period1                                  0x20000064   Data           4  os.o(.data)
    MaxJitter2                               0x20000068   Data           4  os.o(.data)
    period2                                  0x2000006c   Data           4  os.o(.data)
    osTimeMs                                 0x20000070   Data           8  os.o(.data)
    id_counter                               0x20000078   Data           4  os.o(.data)
    pid_counter                              0x2000007c   Data           4  os.o(.data)
    RunPt                                    0x20000080   Data           4  os.o(.data)
    NextRunPt                                0x20000084   Data           4  os.o(.data)
    threadCount                              0x20000088   Data           2  os.o(.data)
    os_fifo_ptr_head                         0x2000008c   Data           4  os.o(.data)
    os_fifo_ptr_tail                         0x20000090   Data           4  os.o(.data)
    OS_Started                               0x20000094   Data           1  os.o(.data)
    lastPF0EdgeInterrupt                     0x20000098   Data           4  os.o(.data)
    lastPF4EdgeInterrupt                     0x2000009c   Data           4  os.o(.data)
    StX                                      0x200000ac   Data           4  st7735.o(.data)
    StY                                      0x200000b0   Data           4  st7735.o(.data)
    StTextColor                              0x200000b4   Data           2  st7735.o(.data)
    Messageindex                             0x200000c0   Data           4  st7735.o(.data)
    Ymax                                     0x200000c4   Data           4  st7735.o(.data)
    Ymin                                     0x200000c8   Data           4  st7735.o(.data)
    X                                        0x200000cc   Data           4  st7735.o(.data)
    Yrange                                   0x200000d0   Data           4  st7735.o(.data)
    lastj                                    0x200000d4   Data           4  st7735.o(.data)
    RxPutI                                   0x200000d8   Data           4  uart0int.o(.data)
    RxGetI                                   0x200000dc   Data           4  uart0int.o(.data)
    TxPutI                                   0x200000e0   Data           4  uart0int.o(.data)
    TxGetI                                   0x200000e4   Data           4  uart0int.o(.data)
    ADCTask                                  0x200000e8   Data           4  adct0atrigger.o(.data)
    PD3data                                  0x200000ec   Data           4  adct0atrigger.o(.data)
    heap                                     0x2000010c   Data        8192  heap.o(.bss)
    JitterHistogram                          0x2000210c   Data         256  os.o(.bss)
    JitterHistogram2                         0x2000220c   Data         256  os.o(.bss)
    pcb_list                                 0x2000230c   Data         160  os.o(.bss)
    tcb_list                                 0x200023ac   Data         800  os.o(.bss)
    os_fifo                                  0x200026cc   Data         512  os.o(.bss)
    FifoDataAvailable                        0x200028cc   Data          84  os.o(.bss)
    SPIFree                                  0x200029c8   Data          84  st7735.o(.bss)
    Message                                  0x20002a1c   Data          12  st7735.o(.bss)
    buffer                                   0x20002a28   Data          40  st7735.o(.bss)
    __initial_sp                             0x20003d80   Data           0  startup.o(STACK)



==============================================================================

Memory Map of the image

  Image Entry point : 0x0000026d

  Load Region LR_1 (Base: 0x00000000, Size: 0x00007898, Max: 0xffffffff, ABSOLUTE)

    Execution Region ER_RO (Exec base: 0x00000000, Load base: 0x00000000, Size: 0x0000778c, Max: 0xffffffff, ABSOLUTE)

    Exec Addr    Load Addr    Size         Type   Attr      Idx    E Section Name        Object

    0x00000000   0x00000000   0x00000284   Code   RO         1109  * RESET               startup.o
    0x00000284   0x00000284   0x00000000   Code   RO         2261  * .ARM.Collect$$$$00000000  mc_w.l(entry.o)
    0x00000284   0x00000284   0x00000004   Code   RO         2550    .ARM.Collect$$$$00000001  mc_w.l(entry2.o)
    0x00000288   0x00000288   0x00000004   Code   RO         2553    .ARM.Collect$$$$00000004  mc_w.l(entry5.o)
    0x0000028c   0x0000028c   0x00000000   Code   RO         2555    .ARM.Collect$$$$00000008  mc_w.l(entry7b.o)
    0x0000028c   0x0000028c   0x00000000   Code   RO         2557    .ARM.Collect$$$$0000000A  mc_w.l(entry8b.o)
    0x0000028c   0x0000028c   0x00000008   Code   RO         2558    .ARM.Collect$$$$0000000B  mc_w.l(entry9a.o)
    0x00000294   0x00000294   0x00000004   Code   RO         2565    .ARM.Collect$$$$0000000E  mc_w.l(entry12b.o)
    0x00000298   0x00000298   0x00000000   Code   RO         2560    .ARM.Collect$$$$0000000F  mc_w.l(entry10a.o)
    0x00000298   0x00000298   0x00000000   Code   RO         2562    .ARM.Collect$$$$00000011  mc_w.l(entry11a.o)
    0x00000298   0x00000298   0x00000004   Code   RO         2551    .ARM.Collect$$$$00002712  mc_w.l(entry2.o)
    0x0000029c   0x0000029c   0x0000001c   Code   RO         1110    .text               startup.o
    0x000002b8   0x000002b8   0x00000084   Code   RO         1116    .text               osasm_keil.o
    0x0000033c   0x0000033c   0x00000024   Code   RO         2264    .text               mc_w.l(memcpya.o)
    0x00000360   0x00000360   0x00000024   Code   RO         2266    .text               mc_w.l(memseta.o)
    0x00000384   0x00000384   0x0000001c   Code   RO         2268    .text               mc_w.l(strcmp.o)
    0x000003a0   0x000003a0   0x00000070   Code   RO         2534    .text               mc_w.l(strtol.o)
    0x00000410   0x00000410   0x00000064   Code   RO         2536    .text               mf_w.l(fmul.o)
    0x00000474   0x00000474   0x000000e4   Code   RO         2538    .text               mf_w.l(dmul.o)
    0x00000558   0x00000558   0x000000de   Code   RO         2540    .text               mf_w.l(ddiv.o)
    0x00000636   0x00000636   0x0000000a   Code   RO         2542    .text               mf_w.l(ffltui.o)
    0x00000640   0x00000640   0x00000032   Code   RO         2544    .text               mf_w.l(ffixi.o)
    0x00000672   0x00000672   0x00000026   Code   RO         2546    .text               mf_w.l(f2d.o)
    0x00000698   0x00000698   0x00000038   Code   RO         2548    .text               mf_w.l(d2f.o)
    0x000006d0   0x000006d0   0x00000008   Code   RO         2573    .text               mc_w.l(ctype_o.o)
    0x000006d8   0x000006d8   0x0000009e   Code   RO         2608    .text               mc_w.l(_strtoul.o)
    0x00000776   0x00000776   0x00000000   Code   RO         2610    .text               mc_w.l(iusefp.o)
    0x00000776   0x00000776   0x0000006e   Code   RO         2611    .text               mf_w.l(fepilogue.o)
    0x000007e4   0x000007e4   0x000000ba   Code   RO         2613    .text               mf_w.l(depilogue.o)
    0x0000089e   0x0000089e   0x00000002   PAD
    0x000008a0   0x000008a0   0x00000024   Code   RO         2621    .text               mc_w.l(init.o)
    0x000008c4   0x000008c4   0x0000001e   Code   RO         2624    .text               mc_w.l(llshl.o)
    0x000008e2   0x000008e2   0x00000020   Code   RO         2626    .text               mc_w.l(llushr.o)
    0x00000902   0x00000902   0x0000001c   Code   RO         2630    .text               mc_w.l(_chval.o)
    0x0000091e   0x0000091e   0x00000002   PAD
    0x00000920   0x00000920   0x00000024   Code   RO         1131    i.ADC0Seq0_Handler  adct0atrigger.o
    0x00000944   0x00000944   0x0000001c   Code   RO         1132    i.ADC0Seq3_Handler  adct0atrigger.o
    0x00000960   0x00000960   0x0000002c   Code   RO          265    i.ADC_In            adc.o
    0x0000098c   0x0000098c   0x00000050   Code   RO          266    i.ADC_In_Voltage    adc.o
    0x000009dc   0x000009dc   0x00000204   Code   RO          267    i.ADC_Init          adc.o
    0x00000be0   0x00000be0   0x000000bc   Code   RO            2    i.ButtonWork        lab5.o
    0x00000c9c   0x00000c9c   0x00000034   Code   RO            3    i.ButtonWork2       lab5.o
    0x00000cd0   0x00000cd0   0x0000008c   Code   RO         1339    i.CS_Init           edisk.o
    0x00000d5c   0x00000d5c   0x00000020   Code   RO          620    i.Delay1ms          st7735.o
    0x00000d7c   0x00000d7c   0x00000064   Code   RO          394    i.GPIOPortF_Handler  os.o
    0x00000de0   0x00000de0   0x000000ac   Code   RO         2059    i.GPIO_ClearInterruptStatus  gpio.o
    0x00000e8c   0x00000e8c   0x00000420   Code   RO         2060    i.GPIO_EnableEdgeInterrupt  gpio.o
    0x000012ac   0x000012ac   0x00000030   Code   RO         2061    i.GPIO_Initialize   gpio.o
    0x000012dc   0x000012dc   0x00000008   Code   RO         2067    i.GPIO_PortFHandler  gpio.o
    0x000012e4   0x000012e4   0x00000048   Code   RO          290    i.Heap_Free         heap.o
    0x0000132c   0x0000132c   0x0000001c   Code   RO          291    i.Heap_Init         heap.o
    0x00001348   0x00001348   0x00000070   Code   RO          292    i.Heap_Malloc       heap.o
    0x000013b8   0x000013b8   0x00000060   Code   RO          294    i.Heap_Stats        heap.o
    0x00001418   0x00001418   0x0000002c   Code   RO            4    i.Idle              lab5.o
    0x00001444   0x00001444   0x0000007c   Code   RO          350    i.Interpreter       interpreter.o
    0x000014c0   0x000014c0   0x000003ac   Code   RO          351    i.Interpreter_Parse  interpreter.o
    0x0000186c   0x0000186c   0x00000040   Code   RO         2125    i.Interrupt_Enable  interrupt.o
    0x000018ac   0x000018ac   0x00000058   Code   RO         2126    i.Interrupt_SetPriority  interrupt.o
    0x00001904   0x00001904   0x0000005c   Code   RO         2127    i.Interrupt_SetSystemPriority  interrupt.o
    0x00001960   0x00001960   0x00000018   Code   RO         1873    i.LOADER_CLEAR      loader.o
    0x00001978   0x00001978   0x0000001c   Code   RO         1874    i.LOADER_OPEN_FOR_RD  loader.o
    0x00001994   0x00001994   0x0000001e   Code   RO         1875    i.LOADER_READ       loader.o
    0x000019b2   0x000019b2   0x00000002   PAD
    0x000019b4   0x000019b4   0x00000034   Code   RO         2149    i.Launchpad_PortFInitialize  launchpad.o
    0x000019e8   0x000019e8   0x0000003c   Code   RO            5    i.LoadProgram       lab5.o
    0x00001a24   0x00001a24   0x00000058   Code   RO          395    i.OS_AddPeriodicThread  os.o
    0x00001a7c   0x00001a7c   0x0000008c   Code   RO          396    i.OS_AddProcess     os.o
    0x00001b08   0x00001b08   0x0000002c   Code   RO          397    i.OS_AddSW1Task     os.o
    0x00001b34   0x00001b34   0x0000002c   Code   RO          398    i.OS_AddSW2Task     os.o
    0x00001b60   0x00001b60   0x00000024   Code   RO          399    i.OS_AddThread      os.o
    0x00001b84   0x00001b84   0x00000204   Code   RO          400    i.OS_AddThreadFull  os.o
    0x00001d88   0x00001d88   0x0000011c   Code   RO          401    i.OS_CallBackgroundTask  os.o
    0x00001ea4   0x00001ea4   0x0000001c   Code   RO          402    i.OS_ClearMsTime    os.o
    0x00001ec0   0x00001ec0   0x0000000c   Code   RO          407    i.OS_Id             os.o
    0x00001ecc   0x00001ecc   0x00000074   Code   RO          408    i.OS_Init           os.o
    0x00001f40   0x00001f40   0x00000028   Code   RO          409    i.OS_InitSemaphore  os.o
    0x00001f68   0x00001f68   0x00000058   Code   RO          410    i.OS_Kill           os.o
    0x00001fc0   0x00001fc0   0x00000028   Code   RO          411    i.OS_Launch         os.o
    0x00001fe8   0x00001fe8   0x0000000c   Code   RO          416    i.OS_MsTime         os.o
    0x00001ff4   0x00001ff4   0x00000120   Code   RO          417    i.OS_Scheduler      os.o
    0x00002114   0x00002114   0x00000070   Code   RO          418    i.OS_Signal         os.o
    0x00002184   0x00002184   0x00000020   Code   RO          419    i.OS_Sleep          os.o
    0x000021a4   0x000021a4   0x00000038   Code   RO          420    i.OS_Suspend        os.o
    0x000021dc   0x000021dc   0x0000000c   Code   RO          421    i.OS_Time           os.o
    0x000021e8   0x000021e8   0x0000000e   Code   RO          422    i.OS_TimeDifference  os.o
    0x000021f6   0x000021f6   0x00000002   PAD
    0x000021f8   0x000021f8   0x00000028   Code   RO          424    i.OS_UpdateSleep    os.o
    0x00002220   0x00002220   0x0000007c   Code   RO          425    i.OS_Wait           os.o
    0x0000229c   0x0000229c   0x0000007c   Code   RO         1119    i.PLL_Init          pll.o
    0x00002318   0x00002318   0x00000068   Code   RO            6    i.PortD_Init        lab5.o
    0x00002380   0x00002380   0x0000003c   Code   RO          896    i.RxFifo_Get        uart0int.o
    0x000023bc   0x000023bc   0x00000014   Code   RO          897    i.RxFifo_Init       uart0int.o
    0x000023d0   0x000023d0   0x0000003c   Code   RO          898    i.RxFifo_Put        uart0int.o
    0x0000240c   0x0000240c   0x00000018   Code   RO          899    i.RxFifo_Size       uart0int.o
    0x00002424   0x00002424   0x0000014c   Code   RO         1340    i.SSI0_Init         edisk.o
    0x00002570   0x00002570   0x00000026   Code   RO          621    i.ST7735_ClearLine  st7735.o
    0x00002596   0x00002596   0x00000002   PAD
    0x00002598   0x00002598   0x000000f8   Code   RO          625    i.ST7735_DrawCharS  st7735.o
    0x00002690   0x00002690   0x00000048   Code   RO          629    i.ST7735_DrawPixel  st7735.o
    0x000026d8   0x000026d8   0x00000056   Code   RO          631    i.ST7735_DrawString  st7735.o
    0x0000272e   0x0000272e   0x00000002   PAD
    0x00002730   0x00002730   0x000000ac   Code   RO          632    i.ST7735_FillRect   st7735.o
    0x000027dc   0x000027dc   0x00000024   Code   RO          633    i.ST7735_FillScreen  st7735.o
    0x00002800   0x00002800   0x00000088   Code   RO          635    i.ST7735_InitR      st7735.o
    0x00002888   0x00002888   0x00000078   Code   RO          637    i.ST7735_Message    st7735.o
    0x00002900   0x00002900   0x00000020   Code   RO          652    i.ST7735_SetCursor  st7735.o
    0x00002920   0x00002920   0x00000040   Code   RO          426    i.SVC_Handler_C     os.o
    0x00002960   0x00002960   0x00000034   Code   RO            7    i.SW1Push           lab5.o
    0x00002994   0x00002994   0x00000034   Code   RO            9    i.SW2Push           lab5.o
    0x000029c8   0x000029c8   0x0000000c   Code   RO         2176    i.SysTick_Handler   timers.o
    0x000029d4   0x000029d4   0x00000024   Code   RO         2177    i.SysTick_Init      timers.o
    0x000029f8   0x000029f8   0x0000001c   Code   RO         2179    i.Timer0IntHandler  timers.o
    0x00002a14   0x00002a14   0x00000088   Code   RO         2180    i.Timer1Init        timers.o
    0x00002a9c   0x00002a9c   0x00000020   Code   RO         2181    i.Timer1IntHandler  timers.o
    0x00002abc   0x00002abc   0x00000088   Code   RO         2182    i.Timer2Init        timers.o
    0x00002b44   0x00002b44   0x00000020   Code   RO         2183    i.Timer2IntHandler  timers.o
    0x00002b64   0x00002b64   0x00000088   Code   RO         2184    i.Timer3Init        timers.o
    0x00002bec   0x00002bec   0x00000034   Code   RO         2185    i.Timer3IntHandler  timers.o
    0x00002c20   0x00002c20   0x00000078   Code   RO         2186    i.Timer4Init        timers.o
    0x00002c98   0x00002c98   0x0000003c   Code   RO          900    i.TxFifo_Get        uart0int.o
    0x00002cd4   0x00002cd4   0x00000014   Code   RO          901    i.TxFifo_Init       uart0int.o
    0x00002ce8   0x00002ce8   0x0000003c   Code   RO          902    i.TxFifo_Put        uart0int.o
    0x00002d24   0x00002d24   0x00000018   Code   RO          903    i.TxFifo_Size       uart0int.o
    0x00002d3c   0x00002d3c   0x00000058   Code   RO          904    i.UART0_Handler     uart0int.o
    0x00002d94   0x00002d94   0x00000014   Code   RO          907    i.UART_InCharNonBlock  uart0int.o
    0x00002da8   0x00002da8   0x000000c8   Code   RO          911    i.UART_Init         uart0int.o
    0x00002e70   0x00002e70   0x00000034   Code   RO          912    i.UART_OutChar      uart0int.o
    0x00002ea4   0x00002ea4   0x00000034   Code   RO          913    i.UART_OutCharNonBlock  uart0int.o
    0x00002ed8   0x00002ed8   0x00000018   Code   RO          915    i.UART_OutString    uart0int.o
    0x00002ef0   0x00002ef0   0x00000018   Code   RO         1089    i.UART_OutStringNonBlock  uart-utils.o
    0x00002f08   0x00002f08   0x00000008   Code   RO         2601    i.__aeabi_errno_addr  mc_w.l(errno.o)
    0x00002f10   0x00002f10   0x0000000e   Code   RO         2635    i.__scatterload_copy  mc_w.l(handlers.o)
    0x00002f1e   0x00002f1e   0x00000002   Code   RO         2636    i.__scatterload_null  mc_w.l(handlers.o)
    0x00002f20   0x00002f20   0x0000000e   Code   RO         2637    i.__scatterload_zeroinit  mc_w.l(handlers.o)
    0x00002f2e   0x00002f2e   0x00000058   Code   RO         1877    i.addressOf         loader.o
    0x00002f86   0x00002f86   0x00000002   PAD
    0x00002f88   0x00002f88   0x00000090   Code   RO         1577    i.check_fs          ff.o
    0x00003018   0x00003018   0x00000018   Code   RO         1578    i.chk_chr           ff.o
    0x00003030   0x00003030   0x0000001a   Code   RO         1579    i.clust2sect        ff.o
    0x0000304a   0x0000304a   0x00000056   Code   RO          656    i.commandList       st7735.o
    0x000030a0   0x000030a0   0x0000018c   Code   RO          657    i.commonInit        st7735.o
    0x0000322c   0x0000322c   0x0000002c   Code   RO          918    i.copyHardwareToSoftware  uart0int.o
    0x00003258   0x00003258   0x0000002c   Code   RO          919    i.copySoftwareToHardware  uart0int.o
    0x00003284   0x00003284   0x000000d6   Code   RO         1580    i.create_chain      ff.o
    0x0000335a   0x0000335a   0x00000002   PAD
    0x0000335c   0x0000335c   0x000001b4   Code   RO         1581    i.create_name       ff.o
    0x00003510   0x00003510   0x00000014   Code   RO         1341    i.deselect          edisk.o
    0x00003524   0x00003524   0x0000005c   Code   RO         1582    i.dir_alloc         ff.o
    0x00003580   0x00003580   0x0000005c   Code   RO         1583    i.dir_find          ff.o
    0x000035dc   0x000035dc   0x00000110   Code   RO         1584    i.dir_next          ff.o
    0x000036ec   0x000036ec   0x00000070   Code   RO         1585    i.dir_read          ff.o
    0x0000375c   0x0000375c   0x0000003a   Code   RO         1586    i.dir_register      ff.o
    0x00003796   0x00003796   0x00000036   Code   RO         1587    i.dir_remove        ff.o
    0x000037cc   0x000037cc   0x0000009e   Code   RO         1588    i.dir_sdi           ff.o
    0x0000386a   0x0000386a   0x00000002   PAD
    0x0000386c   0x0000386c   0x00000228   Code   RO         1342    i.disk_ioctl        edisk.o
    0x00003a94   0x00003a94   0x00000040   Code   RO         1343    i.disk_timerproc    edisk.o
    0x00003ad4   0x00003ad4   0x00000002   Code   RO         1878    i.dumpData          loader.o
    0x00003ad6   0x00003ad6   0x00000002   PAD
    0x00003ad8   0x00003ad8   0x0000015c   Code   RO         1344    i.eDisk_Init        edisk.o
    0x00003c34   0x00003c34   0x00000090   Code   RO         1345    i.eDisk_Read        edisk.o
    0x00003cc4   0x00003cc4   0x00000014   Code   RO         1347    i.eDisk_Status      edisk.o
    0x00003cd8   0x00003cd8   0x000000b4   Code   RO         1348    i.eDisk_Write       edisk.o
    0x00003d8c   0x00003d8c   0x00000034   Code   RO         1462    i.eFile_Create      efile.o
    0x00003dc0   0x00003dc0   0x0000002c   Code   RO         1465    i.eFile_Delete      efile.o
    0x00003dec   0x00003dec   0x00000030   Code   RO         1467    i.eFile_Format      efile.o
    0x00003e1c   0x00003e1c   0x00000004   Code   RO         1468    i.eFile_Init        efile.o
    0x00003e20   0x00003e20   0x00000034   Code   RO         1469    i.eFile_Mount       efile.o
    0x00003e54   0x00003e54   0x0000002c   Code   RO         1470    i.eFile_RClose      efile.o
    0x00003e80   0x00003e80   0x00000034   Code   RO         1471    i.eFile_ROpen       efile.o
    0x00003eb4   0x00003eb4   0x0000003c   Code   RO         1472    i.eFile_ReadNext    efile.o
    0x00003ef0   0x00003ef0   0x0000002c   Code   RO         1474    i.eFile_WClose      efile.o
    0x00003f1c   0x00003f1c   0x00000034   Code   RO         1475    i.eFile_WOpen       efile.o
    0x00003f50   0x00003f50   0x0000003c   Code   RO         1476    i.eFile_Write       efile.o
    0x00003f8c   0x00003f8c   0x000000e8   Code   RO         1879    i.exec_elf          loader.o
    0x00004074   0x00004074   0x00000020   Code   RO         1591    i.f_close           ff.o
    0x00004094   0x00004094   0x0000017e   Code   RO         1596    i.f_lseek           ff.o
    0x00004212   0x00004212   0x00000002   PAD
    0x00004214   0x00004214   0x00000648   Code   RO         1598    i.f_mkfs            ff.o
    0x0000485c   0x0000485c   0x0000005c   Code   RO         1599    i.f_mount           ff.o
    0x000048b8   0x000048b8   0x00000164   Code   RO         1600    i.f_open            ff.o
    0x00004a1c   0x00004a1c   0x000001a0   Code   RO         1602    i.f_read            ff.o
    0x00004bbc   0x00004bbc   0x000000b0   Code   RO         1607    i.f_sync            ff.o
    0x00004c6c   0x00004c6c   0x000000be   Code   RO         1609    i.f_unlink          ff.o
    0x00004d2a   0x00004d2a   0x000001d8   Code   RO         1611    i.f_write           ff.o
    0x00004f02   0x00004f02   0x00000002   PAD
    0x00004f04   0x00004f04   0x0000038c   Code   RO         1612    i.find_volume       ff.o
    0x00005290   0x00005290   0x000000b0   Code   RO         1613    i.follow_path       ff.o
    0x00005340   0x00005340   0x0000000c   Code   RO         1880    i.freeElf           loader.o
    0x0000534c   0x0000534c   0x00000010   Code   RO         1881    i.freeSection       loader.o
    0x0000535c   0x0000535c   0x00000010   Code   RO         1882    i.freeSegment       loader.o
    0x0000536c   0x0000536c   0x0000001e   Code   RO         1059    i.generate_bit_mask_u32  bit-utils.o
    0x0000538a   0x0000538a   0x00000042   Code   RO          353    i.getNextToken      interpreter.o
    0x000053cc   0x000053cc   0x00000026   Code   RO          354    i.getNextTokenAsInt  interpreter.o
    0x000053f2   0x000053f2   0x000000f2   Code   RO         1614    i.get_fat           ff.o
    0x000054e4   0x000054e4   0x0000004a   Code   RO         1616    i.get_ldnumber      ff.o
    0x0000552e   0x0000552e   0x00000086   Code   RO         1883    i.initElf           loader.o
    0x000055b4   0x000055b4   0x00000028   Code   RO         1350    i.init_spi          edisk.o
    0x000055dc   0x000055dc   0x00000060   Code   RO         1077    i.itoa              str-utils.o
    0x0000563c   0x0000563c   0x00000048   Code   RO         1884    i.jumpTo            loader.o
    0x00005684   0x00005684   0x00000020   Code   RO         1617    i.ld_clust          ff.o
    0x000056a4   0x000056a4   0x0000000a   Code   RO          427    i.linkTCBs          os.o
    0x000056ae   0x000056ae   0x00000002   PAD
    0x000056b0   0x000056b0   0x000000ec   Code   RO         1885    i.loadProgram       loader.o
    0x0000579c   0x0000579c   0x000000ec   Code   RO         1886    i.loadSecData       loader.o
    0x00005888   0x00005888   0x000000f4   Code   RO         1887    i.loadSegData       loader.o
    0x0000597c   0x0000597c   0x000000c4   Code   RO         1888    i.loadSymbols       loader.o
    0x00005a40   0x00005a40   0x00000026   Code   RO           31    i.main              lab5.o
    0x00005a66   0x00005a66   0x00000026   Code   RO         1618    i.mem_cmp           ff.o
    0x00005a8c   0x00005a8c   0x0000001a   Code   RO         1619    i.mem_cpy           ff.o
    0x00005aa6   0x00005aa6   0x00000014   Code   RO         1620    i.mem_set           ff.o
    0x00005aba   0x00005aba   0x00000002   PAD
    0x00005abc   0x00005abc   0x00000060   Code   RO          295    i.mergeFreeBlocks   heap.o
    0x00005b1c   0x00005b1c   0x00000034   Code   RO         1621    i.move_window       ff.o
    0x00005b50   0x00005b50   0x00000084   Code   RO         1889    i.placeDynamic      loader.o
    0x00005bd4   0x00005bd4   0x00000154   Code   RO         1890    i.placeInfo         loader.o
    0x00005d28   0x00005d28   0x00000012   Code   RO          661    i.pushColor         st7735.o
    0x00005d3a   0x00005d3a   0x00000142   Code   RO         1622    i.put_fat           ff.o
    0x00005e7c   0x00005e7c   0x00000048   Code   RO         1351    i.rcvr_datablock    edisk.o
    0x00005ec4   0x00005ec4   0x00000030   Code   RO         1352    i.rcvr_spi          edisk.o
    0x00005ef4   0x00005ef4   0x00000018   Code   RO         1353    i.rcvr_spi_multi    edisk.o
    0x00005f0c   0x00005f0c   0x0000003e   Code   RO         1891    i.readSecHeader     loader.o
    0x00005f4a   0x00005f4a   0x0000003a   Code   RO         1892    i.readSection       loader.o
    0x00005f84   0x00005f84   0x00000044   Code   RO         1893    i.readSectionName   loader.o
    0x00005fc8   0x00005fc8   0x0000003a   Code   RO         1894    i.readSegHeader     loader.o
    0x00006002   0x00006002   0x00000072   Code   RO         1895    i.readSymbol        loader.o
    0x00006074   0x00006074   0x00000044   Code   RO         1896    i.readSymbolName    loader.o
    0x000060b8   0x000060b8   0x00000094   Code   RO           32    i.realmain          lab5.o
    0x0000614c   0x0000614c   0x000000aa   Code   RO         1897    i.relJmpCall        loader.o
    0x000061f6   0x000061f6   0x00000002   PAD
    0x000061f8   0x000061f8   0x000000cc   Code   RO         1898    i.relocate          loader.o
    0x000062c4   0x000062c4   0x00000040   Code   RO         1899    i.relocateProgram   loader.o
    0x00006304   0x00006304   0x00000084   Code   RO         1900    i.relocateSection   loader.o
    0x00006388   0x00006388   0x00000048   Code   RO         1901    i.relocateSections  loader.o
    0x000063d0   0x000063d0   0x00000038   Code   RO         1902    i.relocateSymbol    loader.o
    0x00006408   0x00006408   0x0000006c   Code   RO         1623    i.remove_chain      ff.o
    0x00006474   0x00006474   0x00000046   Code   RO         1903    i.sectionOf         loader.o
    0x000064ba   0x000064ba   0x00000002   PAD
    0x000064bc   0x000064bc   0x00000030   Code   RO         1354    i.select            edisk.o
    0x000064ec   0x000064ec   0x00000096   Code   RO         1355    i.send_cmd          edisk.o
    0x00006582   0x00006582   0x00000002   PAD
    0x00006584   0x00006584   0x00000074   Code   RO          662    i.setAddrWindow     st7735.o
    0x000065f8   0x000065f8   0x00000026   Code   RO         1060    i.set_bit_field_u32  bit-utils.o
    0x0000661e   0x0000661e   0x00000010   Code   RO         1624    i.st_clust          ff.o
    0x0000662e   0x0000662e   0x000000c8   Code   RO         1625    i.sync_fs           ff.o
    0x000066f6   0x000066f6   0x00000052   Code   RO         1626    i.sync_window       ff.o
    0x00006748   0x00006748   0x00000036   Code   RO         1627    i.validate          ff.o
    0x0000677e   0x0000677e   0x00000002   PAD
    0x00006780   0x00006780   0x00000030   Code   RO         1356    i.wait_ready        edisk.o
    0x000067b0   0x000067b0   0x00000050   Code   RO          663    i.writecommand      st7735.o
    0x00006800   0x00006800   0x00000054   Code   RO          664    i.writedata         st7735.o
    0x00006854   0x00006854   0x00000038   Code   RO         1357    i.xchg_spi          edisk.o
    0x0000688c   0x0000688c   0x0000004c   Code   RO         1358    i.xmit_datablock    edisk.o
    0x000068d8   0x000068d8   0x00000030   Code   RO         1359    i.xmit_spi_multi    edisk.o
    0x00006908   0x00006908   0x00000058   Data   RO           34    .constdata          lab5.o
    0x00006960   0x00006960   0x000004bf   Data   RO          355    .constdata          interpreter.o
    0x00006e1f   0x00006e1f   0x00000001   PAD
    0x00006e20   0x00006e20   0x00000842   Data   RO          666    .constdata          st7735.o
    0x00007662   0x00007662   0x0000002c   Data   RO         1628    .constdata          ff.o
    0x0000768e   0x0000768e   0x00000002   PAD
    0x00007690   0x00007690   0x00000045   Data   RO         1905    .constdata          loader.o
    0x000076d5   0x000076d5   0x00000081   Data   RO         2574    .constdata          mc_w.l(ctype_o.o)
    0x00007756   0x00007756   0x00000002   PAD
    0x00007758   0x00007758   0x00000004   Data   RO         2575    .constdata          mc_w.l(ctype_o.o)
    0x0000775c   0x0000775c   0x0000000f   Data   RO           35    .conststring        lab5.o
    0x0000776b   0x0000776b   0x00000001   PAD
    0x0000776c   0x0000776c   0x00000020   Data   RO         2633    Region$$Table       anon$$obj.o


    Execution Region ER_RW (Exec base: 0x20000000, Load base: 0x0000778c, Size: 0x0000010c, Max: 0xffffffff, ABSOLUTE)

    Exec Addr    Load Addr    Size         Type   Attr      Idx    E Section Name        Object

    0x20000000   0x0000778c   0x0000004c   Data   RW           36    .data               lab5.o
    0x2000004c   0x000077d8   0x00000001   Data   RW          356    .data               interpreter.o
    0x2000004d   0x000077d9   0x00000003   PAD
    0x20000050   0x000077dc   0x0000005c   Data   RW          430    .data               os.o
    0x200000ac   0x00007838   0x0000002c   Data   RW          667    .data               st7735.o
    0x200000d8   0x00007864   0x00000010   Data   RW          921    .data               uart0int.o
    0x200000e8   0x00007874   0x00000008   Data   RW         1136    .data               adct0atrigger.o
    0x200000f0   0x0000787c   0x0000000d   Data   RW         1360    .data               edisk.o
    0x200000fd   0x00007889   0x00000003   PAD
    0x20000100   0x0000788c   0x00000006   Data   RW         1629    .data               ff.o
    0x20000106   0x00007892   0x00000002   PAD
    0x20000108   0x00007894   0x00000004   Data   RW         2604    .data               mc_w.l(errno.o)


    Execution Region ER_ZI (Exec base: 0x2000010c, Load base: 0x00007898, Size: 0x00003c74, Max: 0xffffffff, ABSOLUTE)

    Exec Addr    Load Addr    Size         Type   Attr      Idx    E Section Name        Object

    0x2000010c        -       0x00002000   Zero   RW          296    .bss                heap.o
    0x2000210c        -       0x000008bc   Zero   RW          428    .bss                os.o
    0x200029c8        -       0x00000088   Zero   RW          665    .bss                st7735.o
    0x20002a50        -       0x00000800   Zero   RW          920    .bss                uart0int.o
    0x20003250        -       0x0000048c   Zero   RW         1477    .bss                efile.o
    0x200036dc        -       0x000002a0   Zero   RW         1904    .bss                loader.o
    0x2000397c   0x00007898   0x00000004   PAD
    0x20003980        -       0x00000400   Zero   RW         1107    STACK               startup.o


==============================================================================

Image component sizes


      Code (inc. data)   RO Data    RW Data    ZI Data      Debug   Object Name

       640         54          0          0          0       1761   adc.o
        64         20          0          8          0       2600   adct0atrigger.o
        68          0          0          0          0       1420   bit-utils.o
      2410        160          0         13          0      13627   edisk.o
       512         92          0          0       1164       9261   efile.o
      7756        128         44          6          0      35564   ff.o
      1284         88          0          0          0       3017   gpio.o
       404         24          0          0       8192       4232   heap.o
      1168        160       1215          1          0       6470   interpreter.o
       244         18          0          0          0       2969   interrupt.o
       738        204        103         76          0      15787   lab5.o
        52         10          0          0          0        500   launchpad.o
      3234        690         69          0        672      30541   loader.o
      2340        266          0         92       2236      19047   os.o
       132         16          0          0          0        332   osasm_keil.o
       124          4          0          0          0        515   pll.o
      1752        180       2114         44        136      14488   st7735.o
       672        622          0          0       1024       1028   startup.o
        96          0          0          0          0        759   str-utils.o
       720         62          0          0          0       5405   timers.o
        24          0          0          0          0        569   uart-utils.o
       852        142          0         16       2048       9823   uart0int.o

    ----------------------------------------------------------------------
     25318       2940       3581        264      15476     179715   Object Totals
         0          0         32          0          0          0   (incl. Generated)
        32          0          4          8          4          0   (incl. Padding)

    ----------------------------------------------------------------------

      Code (inc. data)   RO Data    RW Data    ZI Data      Debug   Library Member Name

        28          0          0          0          0         68   _chval.o
       158          0          0          0          0         92   _strtoul.o
         8          4        133          0          0         68   ctype_o.o
         0          0          0          0          0          0   entry.o
         0          0          0          0          0          0   entry10a.o
         0          0          0          0          0          0   entry11a.o
         4          0          0          0          0          0   entry12b.o
         8          4          0          0          0          0   entry2.o
         4          0          0          0          0          0   entry5.o
         0          0          0          0          0          0   entry7b.o
         0          0          0          0          0          0   entry8b.o
         8          4          0          0          0          0   entry9a.o
         8          4          0          4          0         68   errno.o
        30          0          0          0          0          0   handlers.o
        36          8          0          0          0         68   init.o
         0          0          0          0          0          0   iusefp.o
        30          0          0          0          0         68   llshl.o
        32          0          0          0          0         68   llushr.o
        36          0          0          0          0         68   memcpya.o
        36          0          0          0          0        108   memseta.o
        28          0          0          0          0         76   strcmp.o
       112          0          0          0          0         88   strtol.o
        56          0          0          0          0         88   d2f.o
       222          0          0          0          0        100   ddiv.o
       186          0          0          0          0        176   depilogue.o
       228          0          0          0          0         96   dmul.o
        38          0          0          0          0         68   f2d.o
       110          0          0          0          0        168   fepilogue.o
        50          0          0          0          0         68   ffixi.o
        10          0          0          0          0         68   ffltui.o
       100          0          0          0          0         76   fmul.o

    ----------------------------------------------------------------------
      1570         24        135          4          0       1748   Library Totals
         4          0          2          0          0          0   (incl. Padding)

    ----------------------------------------------------------------------

      Code (inc. data)   RO Data    RW Data    ZI Data      Debug   Library Name

       566         24        133          4          0        840   mc_w.l
      1000          0          0          0          0        908   mf_w.l

    ----------------------------------------------------------------------
      1570         24        135          4          0       1748   Library Totals

    ----------------------------------------------------------------------

==============================================================================


      Code (inc. data)   RO Data    RW Data    ZI Data      Debug   

     26888       2964       3716        268      15476     170643   Grand Totals
     26888       2964       3716        268      15476     170643   ELF Image Totals
     26888       2964       3716        268          0          0   ROM Totals

==============================================================================

    Total RO  Size (Code + RO Data)                30604 (  29.89kB)
    Total RW  Size (RW Data + ZI Data)             15744 (  15.38kB)
    Total ROM Size (Code + RO Data + RW Data)      30872 (  30.15kB)

==============================================================================

