<html>
<body>
<pre>
<h1>µVision Build Log</h1>
<h2>Tool Versions:</h2>
IDE-Version: µVision V5.36.0.0
Copyright (C) 2021 ARM Ltd and ARM Germany GmbH. All rights reserved.
License Information: Allen Jiang, UT Austin, LIC=----
 
Tool Versions:
Toolchain:       MDK-Lite  Version: 5.36.0.0
Toolchain Path:  C:\Keil_v5\ARM\ARMCC\Bin
C Compiler:      Armcc.exe V5.06 update 7 (build 960)
Assembler:       Armasm.exe V5.06 update 7 (build 960)
Linker/Locator:  ArmLink.exe V5.06 update 7 (build 960)
Library Manager: ArmAr.exe V5.06 update 7 (build 960)
Hex Converter:   FromElf.exe V5.06 update 7 (build 960)
CPU DLL:         SARMCM3.DLL V5.36.0.0
Dialog DLL:      DCM.DLL V1.17.3.0
Target DLL:      lmidk-agdi.dll V???
Dialog DLL:      TCM.DLL V1.53.0.0
 
<h2>Project:</h2>
G:\My Drive\.Year 3 - Spring\EE 445M - Real-time Operating Systems\lab\RTOS_Lab5_ProcessLoader\Lab5.uvprojx
Project File Date:  03/28/2022

<h2>Output:</h2>
*** Using Compiler 'V5.06 update 7 (build 960)', folder: 'C:\Keil_v5\ARM\ARMCC\Bin'
Rebuild target 'Lab5'
compiling str-utils.c...
assembling osasm_keil.s...
assembling startup.s...
compiling IRDistance.c...
compiling bit-utils.c...
compiling uart-utils.c...
compiling heap.c...
compiling LPF.c...
compiling PLL.c...
compiling ADC.c...
compiling ADCT0ATrigger.c...
compiling UART0int.c...
compiling ST7735.c...
compiling Interpreter.c...
compiling eDisk.c...
compiling eFile.c...
compiling interrupt.c...
compiling ff.c...
compiling gpio.c...
compiling launchpad.c...
compiling loader.c...
compiling OS.c...
compiling timers.c...
compiling Lab5.c...
linking...
Program Size: Code=7332 RO-data=2148 RW-data=236 ZI-data=17428  
".\Lab5.axf" - 0 Error(s), 0 Warning(s).

<h2>Software Packages used:</h2>

Package Vendor: Keil
                http://www.keil.com/pack/Keil.TM4C_DFP.1.1.0.pack
                Keil.TM4C_DFP.1.1.0
                Texas Instruments Tiva C Series Device Support and Examples

<h2>Collection of Component include folders:</h2>
  .\RTE\_Lab5
  C:\Users\Allen\AppData\Local\Arm\Packs\Keil\TM4C_DFP\1.1.0\Device\Include\TM4C123

<h2>Collection of Component Files used:</h2>
Build Time Elapsed:  00:00:04
</pre>
</body>
</html>
